
AVRASM ver. 2.1.17  D:\My documents\Programming\Projects\Taxometr_mega8\List\ta.asm Mon Sep 28 21:47:51 2009

D:\My documents\Programming\Projects\Taxometr_mega8\List\ta.asm(1026): warning: Register r4 already defined by the .DEF directive
D:\My documents\Programming\Projects\Taxometr_mega8\List\ta.asm(1027): warning: Register r6 already defined by the .DEF directive
D:\My documents\Programming\Projects\Taxometr_mega8\List\ta.asm(1028): warning: Register r8 already defined by the .DEF directive
D:\My documents\Programming\Projects\Taxometr_mega8\List\ta.asm(1029): warning: Register r10 already defined by the .DEF directive
                 
                 
                 ;CodeVisionAVR C Compiler V2.03.4 Standard
                 ;(C) Copyright 1998-2008 Pavel Haiduc, HP InfoTech s.r.l.
                 ;http://www.hpinfotech.com
                 
                 ;Chip type              : ATmega8
                 ;Program type           : Application
                 ;Clock frequency        : 8,000000 MHz
                 ;Memory model           : Small
                 ;Optimize for           : Size
                 ;(s)printf features     : int, width
                 ;(s)scanf features      : int, width
                 ;External RAM size      : 0
                 ;Data Stack size        : 256 byte(s)
                 ;Heap size              : 0 byte(s)
                 ;Promote char to int    : No
                 ;char is unsigned       : Yes
                 ;global const stored in FLASH  : Yes
                 ;8 bit enums            : No
                 ;Enhanced core instructions    : On
                 ;Smart register allocation : On
                 ;Automatic register allocation : On
                 
                 	#pragma AVRPART ADMIN PART_NAME ATmega8
                 	#pragma AVRPART MEMORY PROG_FLASH 8192
                 	#pragma AVRPART MEMORY EEPROM 512
                 	#pragma AVRPART MEMORY INT_SRAM SIZE 1024
                 	#pragma AVRPART MEMORY INT_SRAM START_ADDR 0x60
                 
                 	.LISTMAC
                 	.EQU UDRE=0x5
                 	.EQU RXC=0x7
                 	.EQU USR=0xB
                 	.EQU UDR=0xC
                 	.EQU SPSR=0xE
                 	.EQU SPDR=0xF
                 	.EQU EERE=0x0
                 	.EQU EEWE=0x1
                 	.EQU EEMWE=0x2
                 	.EQU EECR=0x1C
                 	.EQU EEDR=0x1D
                 	.EQU EEARL=0x1E
                 	.EQU EEARH=0x1F
                 	.EQU WDTCR=0x21
                 	.EQU MCUCR=0x35
                 	.EQU GICR=0x3B
                 	.EQU SPL=0x3D
                 	.EQU SPH=0x3E
                 	.EQU SREG=0x3F
                 
                 	.DEF R0X0=R0
                 	.DEF R0X1=R1
                 	.DEF R0X2=R2
                 	.DEF R0X3=R3
                 	.DEF R0X4=R4
                 	.DEF R0X5=R5
                 	.DEF R0X6=R6
                 	.DEF R0X7=R7
                 	.DEF R0X8=R8
                 	.DEF R0X9=R9
                 	.DEF R0XA=R10
                 	.DEF R0XB=R11
                 	.DEF R0XC=R12
                 	.DEF R0XD=R13
                 	.DEF R0XE=R14
                 	.DEF R0XF=R15
                 	.DEF R0X10=R16
                 	.DEF R0X11=R17
                 	.DEF R0X12=R18
                 	.DEF R0X13=R19
                 	.DEF R0X14=R20
                 	.DEF R0X15=R21
                 	.DEF R0X16=R22
                 	.DEF R0X17=R23
                 	.DEF R0X18=R24
                 	.DEF R0X19=R25
                 	.DEF R0X1A=R26
                 	.DEF R0X1B=R27
                 	.DEF R0X1C=R28
                 	.DEF R0X1D=R29
                 	.DEF R0X1E=R30
                 	.DEF R0X1F=R31
                 
                 	.MACRO __CPD1N
                 	CPI  R30,LOW(@0)
                 	LDI  R26,HIGH(@0)
                 	CPC  R31,R26
                 	LDI  R26,BYTE3(@0)
                 	CPC  R22,R26
                 	LDI  R26,BYTE4(@0)
                 	CPC  R23,R26
                 	.ENDM
                 
                 	.MACRO __CPD2N
                 	CPI  R26,LOW(@0)
                 	LDI  R30,HIGH(@0)
                 	CPC  R27,R30
                 	LDI  R30,BYTE3(@0)
                 	CPC  R24,R30
                 	LDI  R30,BYTE4(@0)
                 	CPC  R25,R30
                 	.ENDM
                 
                 	.MACRO __CPWRR
                 	CP   R@0,R@2
                 	CPC  R@1,R@3
                 	.ENDM
                 
                 	.MACRO __CPWRN
                 	CPI  R@0,LOW(@2)
                 	LDI  R30,HIGH(@2)
                 	CPC  R@1,R30
                 	.ENDM
                 
                 	.MACRO __ADDB1MN
                 	SUBI R30,LOW(-@0-(@1))
                 	.ENDM
                 
                 	.MACRO __ADDB2MN
                 	SUBI R26,LOW(-@0-(@1))
                 	.ENDM
                 
                 	.MACRO __ADDW1MN
                 	SUBI R30,LOW(-@0-(@1))
                 	SBCI R31,HIGH(-@0-(@1))
                 	.ENDM
                 
                 	.MACRO __ADDW2MN
                 	SUBI R26,LOW(-@0-(@1))
                 	SBCI R27,HIGH(-@0-(@1))
                 	.ENDM
                 
                 	.MACRO __ADDW1FN
                 	SUBI R30,LOW(-2*@0-(@1))
                 	SBCI R31,HIGH(-2*@0-(@1))
                 	.ENDM
                 
                 	.MACRO __ADDD1FN
                 	SUBI R30,LOW(-2*@0-(@1))
                 	SBCI R31,HIGH(-2*@0-(@1))
                 	SBCI R22,BYTE3(-2*@0-(@1))
                 	.ENDM
                 
                 	.MACRO __ADDD1N
                 	SUBI R30,LOW(-@0)
                 	SBCI R31,HIGH(-@0)
                 	SBCI R22,BYTE3(-@0)
                 	SBCI R23,BYTE4(-@0)
                 	.ENDM
                 
                 	.MACRO __ADDD2N
                 	SUBI R26,LOW(-@0)
                 	SBCI R27,HIGH(-@0)
                 	SBCI R24,BYTE3(-@0)
                 	SBCI R25,BYTE4(-@0)
                 	.ENDM
                 
                 	.MACRO __SUBD1N
                 	SUBI R30,LOW(@0)
                 	SBCI R31,HIGH(@0)
                 	SBCI R22,BYTE3(@0)
                 	SBCI R23,BYTE4(@0)
                 	.ENDM
                 
                 	.MACRO __SUBD2N
                 	SUBI R26,LOW(@0)
                 	SBCI R27,HIGH(@0)
                 	SBCI R24,BYTE3(@0)
                 	SBCI R25,BYTE4(@0)
                 	.ENDM
                 
                 	.MACRO __ANDBMNN
                 	LDS  R30,@0+@1
                 	ANDI R30,LOW(@2)
                 	STS  @0+@1,R30
                 	.ENDM
                 
                 	.MACRO __ANDWMNN
                 	LDS  R30,@0+@1
                 	ANDI R30,LOW(@2)
                 	STS  @0+@1,R30
                 	LDS  R30,@0+@1+1
                 	ANDI R30,HIGH(@2)
                 	STS  @0+@1+1,R30
                 	.ENDM
                 
                 	.MACRO __ANDD1N
                 	ANDI R30,LOW(@0)
                 	ANDI R31,HIGH(@0)
                 	ANDI R22,BYTE3(@0)
                 	ANDI R23,BYTE4(@0)
                 	.ENDM
                 
                 	.MACRO __ANDD2N
                 	ANDI R26,LOW(@0)
                 	ANDI R27,HIGH(@0)
                 	ANDI R24,BYTE3(@0)
                 	ANDI R25,BYTE4(@0)
                 	.ENDM
                 
                 	.MACRO __ORBMNN
                 	LDS  R30,@0+@1
                 	ORI  R30,LOW(@2)
                 	STS  @0+@1,R30
                 	.ENDM
                 
                 	.MACRO __ORWMNN
                 	LDS  R30,@0+@1
                 	ORI  R30,LOW(@2)
                 	STS  @0+@1,R30
                 	LDS  R30,@0+@1+1
                 	ORI  R30,HIGH(@2)
                 	STS  @0+@1+1,R30
                 	.ENDM
                 
                 	.MACRO __ORD1N
                 	ORI  R30,LOW(@0)
                 	ORI  R31,HIGH(@0)
                 	ORI  R22,BYTE3(@0)
                 	ORI  R23,BYTE4(@0)
                 	.ENDM
                 
                 	.MACRO __ORD2N
                 	ORI  R26,LOW(@0)
                 	ORI  R27,HIGH(@0)
                 	ORI  R24,BYTE3(@0)
                 	ORI  R25,BYTE4(@0)
                 	.ENDM
                 
                 	.MACRO __DELAY_USB
                 	LDI  R24,LOW(@0)
                 __DELAY_USB_LOOP:
                 	DEC  R24
                 	BRNE __DELAY_USB_LOOP
                 	.ENDM
                 
                 	.MACRO __DELAY_USW
                 	LDI  R24,LOW(@0)
                 	LDI  R25,HIGH(@0)
                 __DELAY_USW_LOOP:
                 	SBIW R24,1
                 	BRNE __DELAY_USW_LOOP
                 	.ENDM
                 
                 	.MACRO __CLRD1S
                 	LDI  R30,0
                 	STD  Y+@0,R30
                 	STD  Y+@0+1,R30
                 	STD  Y+@0+2,R30
                 	STD  Y+@0+3,R30
                 	.ENDM
                 
                 	.MACRO __GETD1S
                 	LDD  R30,Y+@0
                 	LDD  R31,Y+@0+1
                 	LDD  R22,Y+@0+2
                 	LDD  R23,Y+@0+3
                 	.ENDM
                 
                 	.MACRO __PUTD1S
                 	STD  Y+@0,R30
                 	STD  Y+@0+1,R31
                 	STD  Y+@0+2,R22
                 	STD  Y+@0+3,R23
                 	.ENDM
                 
                 	.MACRO __PUTD2S
                 	STD  Y+@0,R26
                 	STD  Y+@0+1,R27
                 	STD  Y+@0+2,R24
                 	STD  Y+@0+3,R25
                 	.ENDM
                 
                 	.MACRO __POINTB1MN
                 	LDI  R30,LOW(@0+@1)
                 	.ENDM
                 
                 	.MACRO __POINTW1MN
                 	LDI  R30,LOW(@0+@1)
                 	LDI  R31,HIGH(@0+@1)
                 	.ENDM
                 
                 	.MACRO __POINTD1M
                 	LDI  R30,LOW(@0)
                 	LDI  R31,HIGH(@0)
                 	LDI  R22,BYTE3(@0)
                 	LDI  R23,BYTE4(@0)
                 	.ENDM
                 
                 	.MACRO __POINTW1FN
                 	LDI  R30,LOW(2*@0+@1)
                 	LDI  R31,HIGH(2*@0+@1)
                 	.ENDM
                 
                 	.MACRO __POINTD1FN
                 	LDI  R30,LOW(2*@0+@1)
                 	LDI  R31,HIGH(2*@0+@1)
                 	LDI  R22,BYTE3(2*@0+@1)
                 	LDI  R23,BYTE4(2*@0+@1)
                 	.ENDM
                 
                 	.MACRO __POINTB2MN
                 	LDI  R26,LOW(@0+@1)
                 	.ENDM
                 
                 	.MACRO __POINTW2MN
                 	LDI  R26,LOW(@0+@1)
                 	LDI  R27,HIGH(@0+@1)
                 	.ENDM
                 
                 	.MACRO __POINTBRM
                 	LDI  R@0,LOW(@1)
                 	.ENDM
                 
                 	.MACRO __POINTWRM
                 	LDI  R@0,LOW(@2)
                 	LDI  R@1,HIGH(@2)
                 	.ENDM
                 
                 	.MACRO __POINTBRMN
                 	LDI  R@0,LOW(@1+@2)
                 	.ENDM
                 
                 	.MACRO __POINTWRMN
                 	LDI  R@0,LOW(@2+@3)
                 	LDI  R@1,HIGH(@2+@3)
                 	.ENDM
                 
                 	.MACRO __POINTWRFN
                 	LDI  R@0,LOW(@2*2+@3)
                 	LDI  R@1,HIGH(@2*2+@3)
                 	.ENDM
                 
                 	.MACRO __GETD1N
                 	LDI  R30,LOW(@0)
                 	LDI  R31,HIGH(@0)
                 	LDI  R22,BYTE3(@0)
                 	LDI  R23,BYTE4(@0)
                 	.ENDM
                 
                 	.MACRO __GETD2N
                 	LDI  R26,LOW(@0)
                 	LDI  R27,HIGH(@0)
                 	LDI  R24,BYTE3(@0)
                 	LDI  R25,BYTE4(@0)
                 	.ENDM
                 
                 	.MACRO __GETD2S
                 	LDD  R26,Y+@0
                 	LDD  R27,Y+@0+1
                 	LDD  R24,Y+@0+2
                 	LDD  R25,Y+@0+3
                 	.ENDM
                 
                 	.MACRO __GETB1MN
                 	LDS  R30,@0+@1
                 	.ENDM
                 
                 	.MACRO __GETB1HMN
                 	LDS  R31,@0+@1
                 	.ENDM
                 
                 	.MACRO __GETW1MN
                 	LDS  R30,@0+@1
                 	LDS  R31,@0+@1+1
                 	.ENDM
                 
                 	.MACRO __GETD1MN
                 	LDS  R30,@0+@1
                 	LDS  R31,@0+@1+1
                 	LDS  R22,@0+@1+2
                 	LDS  R23,@0+@1+3
                 	.ENDM
                 
                 	.MACRO __GETBRMN
                 	LDS  R@0,@1+@2
                 	.ENDM
                 
                 	.MACRO __GETWRMN
                 	LDS  R@0,@2+@3
                 	LDS  R@1,@2+@3+1
                 	.ENDM
                 
                 	.MACRO __GETWRZ
                 	LDD  R@0,Z+@2
                 	LDD  R@1,Z+@2+1
                 	.ENDM
                 
                 	.MACRO __GETD2Z
                 	LDD  R26,Z+@0
                 	LDD  R27,Z+@0+1
                 	LDD  R24,Z+@0+2
                 	LDD  R25,Z+@0+3
                 	.ENDM
                 
                 	.MACRO __GETB2MN
                 	LDS  R26,@0+@1
                 	.ENDM
                 
                 	.MACRO __GETW2MN
                 	LDS  R26,@0+@1
                 	LDS  R27,@0+@1+1
                 	.ENDM
                 
                 	.MACRO __GETD2MN
                 	LDS  R26,@0+@1
                 	LDS  R27,@0+@1+1
                 	LDS  R24,@0+@1+2
                 	LDS  R25,@0+@1+3
                 	.ENDM
                 
                 	.MACRO __PUTB1MN
                 	STS  @0+@1,R30
                 	.ENDM
                 
                 	.MACRO __PUTW1MN
                 	STS  @0+@1,R30
                 	STS  @0+@1+1,R31
                 	.ENDM
                 
                 	.MACRO __PUTD1MN
                 	STS  @0+@1,R30
                 	STS  @0+@1+1,R31
                 	STS  @0+@1+2,R22
                 	STS  @0+@1+3,R23
                 	.ENDM
                 
                 	.MACRO __PUTB1EN
                 	LDI  R26,LOW(@0+@1)
                 	LDI  R27,HIGH(@0+@1)
                 	RCALL __EEPROMWRB
                 	.ENDM
                 
                 	.MACRO __PUTW1EN
                 	LDI  R26,LOW(@0+@1)
                 	LDI  R27,HIGH(@0+@1)
                 	RCALL __EEPROMWRW
                 	.ENDM
                 
                 	.MACRO __PUTD1EN
                 	LDI  R26,LOW(@0+@1)
                 	LDI  R27,HIGH(@0+@1)
                 	RCALL __EEPROMWRD
                 	.ENDM
                 
                 	.MACRO __PUTBR0MN
                 	STS  @0+@1,R0
                 	.ENDM
                 
                 	.MACRO __PUTDZ2
                 	STD  Z+@0,R26
                 	STD  Z+@0+1,R27
                 	STD  Z+@0+2,R24
                 	STD  Z+@0+3,R25
                 	.ENDM
                 
                 	.MACRO __PUTBMRN
                 	STS  @0+@1,R@2
                 	.ENDM
                 
                 	.MACRO __PUTWMRN
                 	STS  @0+@1,R@2
                 	STS  @0+@1+1,R@3
                 	.ENDM
                 
                 	.MACRO __PUTBZR
                 	STD  Z+@1,R@0
                 	.ENDM
                 
                 	.MACRO __PUTWZR
                 	STD  Z+@2,R@0
                 	STD  Z+@2+1,R@1
                 	.ENDM
                 
                 	.MACRO __GETW1R
                 	MOV  R30,R@0
                 	MOV  R31,R@1
                 	.ENDM
                 
                 	.MACRO __GETW2R
                 	MOV  R26,R@0
                 	MOV  R27,R@1
                 	.ENDM
                 
                 	.MACRO __GETWRN
                 	LDI  R@0,LOW(@2)
                 	LDI  R@1,HIGH(@2)
                 	.ENDM
                 
                 	.MACRO __PUTW1R
                 	MOV  R@0,R30
                 	MOV  R@1,R31
                 	.ENDM
                 
                 	.MACRO __PUTW2R
                 	MOV  R@0,R26
                 	MOV  R@1,R27
                 	.ENDM
                 
                 	.MACRO __ADDWRN
                 	SUBI R@0,LOW(-@2)
                 	SBCI R@1,HIGH(-@2)
                 	.ENDM
                 
                 	.MACRO __ADDWRR
                 	ADD  R@0,R@2
                 	ADC  R@1,R@3
                 	.ENDM
                 
                 	.MACRO __SUBWRN
                 	SUBI R@0,LOW(@2)
                 	SBCI R@1,HIGH(@2)
                 	.ENDM
                 
                 	.MACRO __SUBWRR
                 	SUB  R@0,R@2
                 	SBC  R@1,R@3
                 	.ENDM
                 
                 	.MACRO __ANDWRN
                 	ANDI R@0,LOW(@2)
                 	ANDI R@1,HIGH(@2)
                 	.ENDM
                 
                 	.MACRO __ANDWRR
                 	AND  R@0,R@2
                 	AND  R@1,R@3
                 	.ENDM
                 
                 	.MACRO __ORWRN
                 	ORI  R@0,LOW(@2)
                 	ORI  R@1,HIGH(@2)
                 	.ENDM
                 
                 	.MACRO __ORWRR
                 	OR   R@0,R@2
                 	OR   R@1,R@3
                 	.ENDM
                 
                 	.MACRO __EORWRR
                 	EOR  R@0,R@2
                 	EOR  R@1,R@3
                 	.ENDM
                 
                 	.MACRO __GETWRS
                 	LDD  R@0,Y+@2
                 	LDD  R@1,Y+@2+1
                 	.ENDM
                 
                 	.MACRO __PUTWSR
                 	STD  Y+@2,R@0
                 	STD  Y+@2+1,R@1
                 	.ENDM
                 
                 	.MACRO __MOVEWRR
                 	MOV  R@0,R@2
                 	MOV  R@1,R@3
                 	.ENDM
                 
                 	.MACRO __INWR
                 	IN   R@0,@2
                 	IN   R@1,@2+1
                 	.ENDM
                 
                 	.MACRO __OUTWR
                 	OUT  @2+1,R@1
                 	OUT  @2,R@0
                 	.ENDM
                 
                 	.MACRO __CALL1MN
                 	LDS  R30,@0+@1
                 	LDS  R31,@0+@1+1
                 	ICALL
                 	.ENDM
                 
                 	.MACRO __CALL1FN
                 	LDI  R30,LOW(2*@0+@1)
                 	LDI  R31,HIGH(2*@0+@1)
                 	RCALL __GETW1PF
                 	ICALL
                 	.ENDM
                 
                 	.MACRO __CALL2EN
                 	LDI  R26,LOW(@0+@1)
                 	LDI  R27,HIGH(@0+@1)
                 	RCALL __EEPROMRDW
                 	ICALL
                 	.ENDM
                 
                 	.MACRO __GETW1STACK
                 	IN   R26,SPL
                 	IN   R27,SPH
                 	ADIW R26,@0+1
                 	LD   R30,X+
                 	LD   R31,X
                 	.ENDM
                 
                 	.MACRO __NBST
                 	BST  R@0,@1
                 	IN   R30,SREG
                 	LDI  R31,0x40
                 	EOR  R30,R31
                 	OUT  SREG,R30
                 	.ENDM
                 
                 
                 	.MACRO __PUTB1SN
                 	LDD  R26,Y+@0
                 	LDD  R27,Y+@0+1
                 	SUBI R26,LOW(-@1)
                 	SBCI R27,HIGH(-@1)
                 	ST   X,R30
                 	.ENDM
                 
                 	.MACRO __PUTW1SN
                 	LDD  R26,Y+@0
                 	LDD  R27,Y+@0+1
                 	SUBI R26,LOW(-@1)
                 	SBCI R27,HIGH(-@1)
                 	ST   X+,R30
                 	ST   X,R31
                 	.ENDM
                 
                 	.MACRO __PUTD1SN
                 	LDD  R26,Y+@0
                 	LDD  R27,Y+@0+1
                 	SUBI R26,LOW(-@1)
                 	SBCI R27,HIGH(-@1)
                 	RCALL __PUTDP1
                 	.ENDM
                 
                 	.MACRO __PUTB1SNS
                 	LDD  R26,Y+@0
                 	LDD  R27,Y+@0+1
                 	ADIW R26,@1
                 	ST   X,R30
                 	.ENDM
                 
                 	.MACRO __PUTW1SNS
                 	LDD  R26,Y+@0
                 	LDD  R27,Y+@0+1
                 	ADIW R26,@1
                 	ST   X+,R30
                 	ST   X,R31
                 	.ENDM
                 
                 	.MACRO __PUTD1SNS
                 	LDD  R26,Y+@0
                 	LDD  R27,Y+@0+1
                 	ADIW R26,@1
                 	RCALL __PUTDP1
                 	.ENDM
                 
                 	.MACRO __PUTB1PMN
                 	LDS  R26,@0
                 	LDS  R27,@0+1
                 	SUBI R26,LOW(-@1)
                 	SBCI R27,HIGH(-@1)
                 	ST   X,R30
                 	.ENDM
                 
                 	.MACRO __PUTW1PMN
                 	LDS  R26,@0
                 	LDS  R27,@0+1
                 	SUBI R26,LOW(-@1)
                 	SBCI R27,HIGH(-@1)
                 	ST   X+,R30
                 	ST   X,R31
                 	.ENDM
                 
                 	.MACRO __PUTD1PMN
                 	LDS  R26,@0
                 	LDS  R27,@0+1
                 	SUBI R26,LOW(-@1)
                 	SBCI R27,HIGH(-@1)
                 	RCALL __PUTDP1
                 	.ENDM
                 
                 	.MACRO __PUTB1PMNS
                 	LDS  R26,@0
                 	LDS  R27,@0+1
                 	ADIW R26,@1
                 	ST   X,R30
                 	.ENDM
                 
                 	.MACRO __PUTW1PMNS
                 	LDS  R26,@0
                 	LDS  R27,@0+1
                 	ADIW R26,@1
                 	ST   X+,R30
                 	ST   X,R31
                 	.ENDM
                 
                 	.MACRO __PUTD1PMNS
                 	LDS  R26,@0
                 	LDS  R27,@0+1
                 	ADIW R26,@1
                 	RCALL __PUTDP1
                 	.ENDM
                 
                 	.MACRO __PUTB1RN
                 	MOVW R26,R@0
                 	SUBI R26,LOW(-@1)
                 	SBCI R27,HIGH(-@1)
                 	ST   X,R30
                 	.ENDM
                 
                 	.MACRO __PUTW1RN
                 	MOVW R26,R@0
                 	SUBI R26,LOW(-@1)
                 	SBCI R27,HIGH(-@1)
                 	ST   X+,R30
                 	ST   X,R31
                 	.ENDM
                 
                 	.MACRO __PUTD1RN
                 	MOVW R26,R@0
                 	SUBI R26,LOW(-@1)
                 	SBCI R27,HIGH(-@1)
                 	RCALL __PUTDP1
                 	.ENDM
                 
                 	.MACRO __PUTB1RNS
                 	MOVW R26,R@0
                 	ADIW R26,@1
                 	ST   X,R30
                 	.ENDM
                 
                 	.MACRO __PUTW1RNS
                 	MOVW R26,R@0
                 	ADIW R26,@1
                 	ST   X+,R30
                 	ST   X,R31
                 	.ENDM
                 
                 	.MACRO __PUTD1RNS
                 	MOVW R26,R@0
                 	ADIW R26,@1
                 	RCALL __PUTDP1
                 	.ENDM
                 
                 	.MACRO __PUTB1RON
                 	MOV  R26,R@0
                 	MOV  R27,R@1
                 	SUBI R26,LOW(-@2)
                 	SBCI R27,HIGH(-@2)
                 	ST   X,R30
                 	.ENDM
                 
                 	.MACRO __PUTW1RON
                 	MOV  R26,R@0
                 	MOV  R27,R@1
                 	SUBI R26,LOW(-@2)
                 	SBCI R27,HIGH(-@2)
                 	ST   X+,R30
                 	ST   X,R31
                 	.ENDM
                 
                 	.MACRO __PUTD1RON
                 	MOV  R26,R@0
                 	MOV  R27,R@1
                 	SUBI R26,LOW(-@2)
                 	SBCI R27,HIGH(-@2)
                 	RCALL __PUTDP1
                 	.ENDM
                 
                 	.MACRO __PUTB1RONS
                 	MOV  R26,R@0
                 	MOV  R27,R@1
                 	ADIW R26,@2
                 	ST   X,R30
                 	.ENDM
                 
                 	.MACRO __PUTW1RONS
                 	MOV  R26,R@0
                 	MOV  R27,R@1
                 	ADIW R26,@2
                 	ST   X+,R30
                 	ST   X,R31
                 	.ENDM
                 
                 	.MACRO __PUTD1RONS
                 	MOV  R26,R@0
                 	MOV  R27,R@1
                 	ADIW R26,@2
                 	RCALL __PUTDP1
                 	.ENDM
                 
                 
                 	.MACRO __GETB1SX
                 	MOVW R30,R28
                 	SUBI R30,LOW(-@0)
                 	SBCI R31,HIGH(-@0)
                 	LD   R30,Z
                 	.ENDM
                 
                 	.MACRO __GETB1HSX
                 	MOVW R30,R28
                 	SUBI R30,LOW(-@0)
                 	SBCI R31,HIGH(-@0)
                 	LD   R31,Z
                 	.ENDM
                 
                 	.MACRO __GETW1SX
                 	MOVW R30,R28
                 	SUBI R30,LOW(-@0)
                 	SBCI R31,HIGH(-@0)
                 	LD   R0,Z+
                 	LD   R31,Z
                 	MOV  R30,R0
                 	.ENDM
                 
                 	.MACRO __GETD1SX
                 	MOVW R30,R28
                 	SUBI R30,LOW(-@0)
                 	SBCI R31,HIGH(-@0)
                 	LD   R0,Z+
                 	LD   R1,Z+
                 	LD   R22,Z+
                 	LD   R23,Z
                 	MOVW R30,R0
                 	.ENDM
                 
                 	.MACRO __GETB2SX
                 	MOVW R26,R28
                 	SUBI R26,LOW(-@0)
                 	SBCI R27,HIGH(-@0)
                 	LD   R26,X
                 	.ENDM
                 
                 	.MACRO __GETW2SX
                 	MOVW R26,R28
                 	SUBI R26,LOW(-@0)
                 	SBCI R27,HIGH(-@0)
                 	LD   R0,X+
                 	LD   R27,X
                 	MOV  R26,R0
                 	.ENDM
                 
                 	.MACRO __GETD2SX
                 	MOVW R26,R28
                 	SUBI R26,LOW(-@0)
                 	SBCI R27,HIGH(-@0)
                 	LD   R0,X+
                 	LD   R1,X+
                 	LD   R24,X+
                 	LD   R25,X
                 	MOVW R26,R0
                 	.ENDM
                 
                 	.MACRO __GETBRSX
                 	MOVW R30,R28
                 	SUBI R30,LOW(-@1)
                 	SBCI R31,HIGH(-@1)
                 	LD   R@0,Z
                 	.ENDM
                 
                 	.MACRO __GETWRSX
                 	MOVW R30,R28
                 	SUBI R30,LOW(-@2)
                 	SBCI R31,HIGH(-@2)
                 	LD   R@0,Z+
                 	LD   R@1,Z
                 	.ENDM
                 
                 	.MACRO __LSLW8SX
                 	MOVW R30,R28
                 	SUBI R30,LOW(-@0)
                 	SBCI R31,HIGH(-@0)
                 	LD   R31,Z
                 	CLR  R30
                 	.ENDM
                 
                 	.MACRO __PUTB1SX
                 	MOVW R26,R28
                 	SUBI R26,LOW(-@0)
                 	SBCI R27,HIGH(-@0)
                 	ST   X,R30
                 	.ENDM
                 
                 	.MACRO __PUTW1SX
                 	MOVW R26,R28
                 	SUBI R26,LOW(-@0)
                 	SBCI R27,HIGH(-@0)
                 	ST   X+,R30
                 	ST   X,R31
                 	.ENDM
                 
                 	.MACRO __PUTD1SX
                 	MOVW R26,R28
                 	SUBI R26,LOW(-@0)
                 	SBCI R27,HIGH(-@0)
                 	ST   X+,R30
                 	ST   X+,R31
                 	ST   X+,R22
                 	ST   X,R23
                 	.ENDM
                 
                 	.MACRO __CLRW1SX
                 	MOVW R30,R28
                 	SUBI R30,LOW(-@0)
                 	SBCI R31,HIGH(-@0)
                 	CLR  R0
                 	ST   Z+,R0
                 	ST   Z,R0
                 	.ENDM
                 
                 	.MACRO __CLRD1SX
                 	MOVW R30,R28
                 	SUBI R30,LOW(-@0)
                 	SBCI R31,HIGH(-@0)
                 	CLR  R0
                 	ST   Z+,R0
                 	ST   Z+,R0
                 	ST   Z+,R0
                 	ST   Z,R0
                 	.ENDM
                 
                 	.MACRO __PUTB2SX
                 	MOVW R30,R28
                 	SUBI R30,LOW(-@0)
                 	SBCI R31,HIGH(-@0)
                 	ST   Z,R26
                 	.ENDM
                 
                 	.MACRO __PUTW2SX
                 	MOVW R30,R28
                 	SUBI R30,LOW(-@0)
                 	SBCI R31,HIGH(-@0)
                 	ST   Z+,R26
                 	ST   Z,R27
                 	.ENDM
                 
                 	.MACRO __PUTD2SX
                 	MOVW R30,R28
                 	SUBI R30,LOW(-@0)
                 	SBCI R31,HIGH(-@0)
                 	ST   Z+,R26
                 	ST   Z+,R27
                 	ST   Z+,R24
                 	ST   Z,R25
                 	.ENDM
                 
                 	.MACRO __PUTBSRX
                 	MOVW R30,R28
                 	SUBI R30,LOW(-@0)
                 	SBCI R31,HIGH(-@0)
                 	ST   Z,R@1
                 	.ENDM
                 
                 	.MACRO __PUTWSRX
                 	MOVW R30,R28
                 	SUBI R30,LOW(-@2)
                 	SBCI R31,HIGH(-@2)
                 	ST   Z+,R@0
                 	ST   Z,R@1
                 	.ENDM
                 
                 	.MACRO __PUTB1SNX
                 	MOVW R26,R28
                 	SUBI R26,LOW(-@0)
                 	SBCI R27,HIGH(-@0)
                 	LD   R0,X+
                 	LD   R27,X
                 	MOV  R26,R0
                 	SUBI R26,LOW(-@1)
                 	SBCI R27,HIGH(-@1)
                 	ST   X,R30
                 	.ENDM
                 
                 	.MACRO __PUTW1SNX
                 	MOVW R26,R28
                 	SUBI R26,LOW(-@0)
                 	SBCI R27,HIGH(-@0)
                 	LD   R0,X+
                 	LD   R27,X
                 	MOV  R26,R0
                 	SUBI R26,LOW(-@1)
                 	SBCI R27,HIGH(-@1)
                 	ST   X+,R30
                 	ST   X,R31
                 	.ENDM
                 
                 	.MACRO __PUTD1SNX
                 	MOVW R26,R28
                 	SUBI R26,LOW(-@0)
                 	SBCI R27,HIGH(-@0)
                 	LD   R0,X+
                 	LD   R27,X
                 	MOV  R26,R0
                 	SUBI R26,LOW(-@1)
                 	SBCI R27,HIGH(-@1)
                 	ST   X+,R30
                 	ST   X+,R31
                 	ST   X+,R22
                 	ST   X,R23
                 	.ENDM
                 
                 	.MACRO __MULBRR
                 	MULS R@0,R@1
                 	MOVW R30,R0
                 	.ENDM
                 
                 	.MACRO __MULBRRU
                 	MUL  R@0,R@1
                 	MOVW R30,R0
                 	.ENDM
                 
                 	.MACRO __MULBRR0
                 	MULS R@0,R@1
                 	.ENDM
                 
                 	.MACRO __MULBRRU0
                 	MUL  R@0,R@1
                 	.ENDM
                 
                 	.MACRO __MULBNWRU
                 	LDI  R26,@2
                 	MUL  R26,R@0
                 	MOVW R30,R0
                 	MUL  R26,R@1
                 	ADD  R31,R0
                 	.ENDM
                 
                 ;NAME DEFINITIONS FOR GLOBAL VARIABLES ALLOCATED TO REGISTERS
                 	.DEF _OVF_T0=R4
                 	.DEF _OVF_T1=R6
                 	.DEF _OVF_T2=R8
                 	.DEF _Mx=R10
                 
                 	.CSEG
                 	.ORG 0x00
                 
                 ;INTERRUPT VECTORS
000000 c02d      	RJMP __RESET
000001 cffe      	RJMP 0x00
000002 cffd      	RJMP 0x00
000003 cffc      	RJMP 0x00
000004 cffb      	RJMP 0x00
000005 c065      	RJMP _timer1_capt_isr
000006 cff9      	RJMP 0x00
000007 cff8      	RJMP 0x00
000008 c059      	RJMP _timer1_ovf_isr
000009 c053      	RJMP _timer0_ovf_isr
00000a cff5      	RJMP 0x00
00000b cff4      	RJMP 0x00
00000c cff3      	RJMP 0x00
00000d cff2      	RJMP 0x00
00000e cff1      	RJMP 0x00
00000f cff0      	RJMP 0x00
000010 cfef      	RJMP 0x00
000011 cfee      	RJMP 0x00
000012 cfed      	RJMP 0x00
                 
                 _tbl10_G100:
000013 2710
000014 03e8
000015 0064
000016 000a      	.DB  0x10,0x27,0xE8,0x3,0x64,0x0,0xA,0x0
000017 0001      	.DB  0x1,0x0
                 _tbl16_G100:
000018 1000
000019 0100
00001a 0010
00001b 0001      	.DB  0x0,0x10,0x0,0x1,0x10,0x0,0x1,0x0
                 
                 _0xE:
00001c 0000
00001d 0000
00001e 0000      	.DB  0x0,0x0,0x0,0x0,0x0,0x0
                 _0x0:
00001f 204d
000020 6425
000021 0d0a
000022 0020      	.DB  0x4D,0x20,0x25,0x64,0xA,0xD,0x20,0x0
                 _0x208005F:
D:\My documents\Programming\Projects\Taxometr_mega8\List\ta.asm(1066): warning: .cseg .db misalignment - padding zero byte
000023 0001      	.DB  0x1
                 _0x2080000:
000024 4e2d
000025 4e41
D:\My documents\Programming\Projects\Taxometr_mega8\List\ta.asm(1068): warning: .cseg .db misalignment - padding zero byte
000026 0000      	.DB  0x2D,0x4E,0x41,0x4E,0x0
                 
                 __GLOBAL_INI_TBL:
000027 0006      	.DW  0x06
000028 0004      	.DW  0x04
000029 0038      	.DW  _0xE*2
                 
00002a 0001      	.DW  0x01
00002b 016e      	.DW  __seed_G104
00002c 0046      	.DW  _0x208005F*2
                 
                 _0xFFFFFFFF:
00002d 0000      	.DW  0
                 
                 __RESET:
00002e 94f8      	CLI
00002f 27ee      	CLR  R30
000030 bbec      	OUT  EECR,R30
                 
                 ;INTERRUPT VECTORS ARE PLACED
                 ;AT THE START OF FLASH
000031 e0f1      	LDI  R31,1
000032 bffb      	OUT  GICR,R31
000033 bfeb      	OUT  GICR,R30
000034 bfe5      	OUT  MCUCR,R30
                 
                 ;DISABLE WATCHDOG
000035 e1f8      	LDI  R31,0x18
000036 bdf1      	OUT  WDTCR,R31
000037 bde1      	OUT  WDTCR,R30
                 
                 ;CLEAR R2-R14
000038 e08d      	LDI  R24,(14-2)+1
000039 e0a2      	LDI  R26,2
00003a 27bb      	CLR  R27
                 __CLEAR_REG:
00003b 93ed      	ST   X+,R30
00003c 958a      	DEC  R24
00003d f7e9      	BRNE __CLEAR_REG
                 
                 ;CLEAR SRAM
00003e e080      	LDI  R24,LOW(0x400)
00003f e094      	LDI  R25,HIGH(0x400)
000040 e6a0      	LDI  R26,0x60
                 __CLEAR_SRAM:
000041 93ed      	ST   X+,R30
000042 9701      	SBIW R24,1
000043 f7e9      	BRNE __CLEAR_SRAM
                 
                 ;GLOBAL VARIABLES INITIALIZATION
000044 e4ee      	LDI  R30,LOW(__GLOBAL_INI_TBL*2)
000045 e0f0      	LDI  R31,HIGH(__GLOBAL_INI_TBL*2)
                 __GLOBAL_INI_NEXT:
000046 9185      	LPM  R24,Z+
000047 9195      	LPM  R25,Z+
000048 9700      	SBIW R24,0
000049 f061      	BREQ __GLOBAL_INI_END
00004a 91a5      	LPM  R26,Z+
00004b 91b5      	LPM  R27,Z+
00004c 9005      	LPM  R0,Z+
00004d 9015      	LPM  R1,Z+
00004e 01bf      	MOVW R22,R30
00004f 01f0      	MOVW R30,R0
                 __GLOBAL_INI_LOOP:
000050 9005      	LPM  R0,Z+
000051 920d      	ST   X+,R0
000052 9701      	SBIW R24,1
000053 f7e1      	BRNE __GLOBAL_INI_LOOP
000054 01fb      	MOVW R30,R22
000055 cff0      	RJMP __GLOBAL_INI_NEXT
                 __GLOBAL_INI_END:
                 
                 ;STACK POINTER INITIALIZATION
000056 e5ef      	LDI  R30,LOW(0x45F)
000057 bfed      	OUT  SPL,R30
000058 e0e4      	LDI  R30,HIGH(0x45F)
000059 bfee      	OUT  SPH,R30
                 
                 ;DATA STACK POINTER INITIALIZATION
00005a e6c0      	LDI  R28,LOW(0x160)
00005b e0d1      	LDI  R29,HIGH(0x160)
                 
00005c c01a      	RJMP _main
                 
                 	.ESEG
                 	.ORG 0
                 
                 	.DSEG
                 	.ORG 0x160
                 
                 	.CSEG
                 ;/*****************************************************
                 ;Project :
                 ;Version :
                 ;Date    : 25.07.2009
                 ;Author  : F4CG
                 ;Company : F4CG
                 ;Comments:
                 ;
                 ;
                 ;Chip type           : ATmega8
                 ;Program type        : Application
                 ;Clock frequency     : 8.000000 MHz
                 ;Memory model        : Small
                 ;External SRAM size  : 0
                 ;Data Stack size     : 256
                 ;*****************************************************/
                 ;
                 ;#include <mega8.h>   //Подключение
                 	#ifndef __SLEEP_DEFINED__
                 	#define __SLEEP_DEFINED__
                 	.EQU __se_bit=0x80
                 	.EQU __sm_mask=0x70
                 	.EQU __sm_powerdown=0x20
                 	.EQU __sm_powersave=0x30
                 	.EQU __sm_standby=0x60
                 	.EQU __sm_ext_standby=0x70
                 	.EQU __sm_adc_noise_red=0x10
                 	.SET power_ctrl_reg=mcucr
                 	#endif
                 ;#include <stdio.h>   //           внешнх
                 ;#include <delay.h>   //                  библиотек
                 ;#include <math.h>
                 ;//Объвление переменных
                 ;unsigned long int M, M0, M1;
                 ;unsigned int OVF_T0=0, OVF_T1=0, OVF_T2=0;
                 ;unsigned int Mx;                       // количество тиков тактовой и измеряемой частоты
                 ;
                 ;//Прерывание по переполнению Timer/Counter 0
                 ;interrupt [TIM0_OVF] void timer0_ovf_isr(void)
                 ; 0000 001D {
                 
                 	.CSEG
                 _timer0_ovf_isr:
00005d d1fd      	RCALL SUBOPT_0x0
                 ; 0000 001E OVF_T0++;
00005e 01f2      	MOVW R30,R4
00005f 9631      	ADIW R30,1
000060 012f      	MOVW R4,R30
                 ; 0000 001F }
000061 c004      	RJMP _0xD
                 ;//Прерывание по переполнению Timer/Counter 1
                 ;interrupt [TIM1_OVF] void timer1_ovf_isr(void)
                 ; 0000 0022 {
                 _timer1_ovf_isr:
000062 d1f8      	RCALL SUBOPT_0x0
                 ; 0000 0023 OVF_T1++;
000063 01f3      	MOVW R30,R6
000064 9631      	ADIW R30,1
000065 013f      	MOVW R6,R30
                 ; 0000 0024 }
                 _0xD:
000066 91e9      	LD   R30,Y+
000067 bfef      	OUT  SREG,R30
000068 91f9      	LD   R31,Y+
000069 91e9      	LD   R30,Y+
00006a 9518      	RETI
                 ;
                 ;//Прерывание по захвату Timer/Counter 1
                 ;interrupt [TIM1_CAPT] void timer1_capt_isr(void)
                 ; 0000 0028 {
                 _timer1_capt_isr:
00006b 93ea      	ST   -Y,R30
00006c b7ef      	IN   R30,SREG
00006d 93ea      	ST   -Y,R30
                 ; 0000 0029 Mx=TCNT0;                                     // Значение регистра TCNT0 переписывается в переменную
00006e b6a2      	IN   R10,50
00006f 24bb      	CLR  R11
                 ; 0000 002A TIMSK&=0b11011111;                                  // Запрет прерывания по захвату
000070 b7e9      	IN   R30,0x39
000071 7def      	ANDI R30,0xDF
000072 bfe9      	OUT  0x39,R30
                 ; 0000 002B }
000073 91e9      	LD   R30,Y+
000074 bfef      	OUT  SREG,R30
000075 91e9      	LD   R30,Y+
000076 9518      	RETI
                 ;
                 ;
                 ;/********************** Основная программа ******************************/
                 ;
                 ;void main(void)
                 ; 0000 0031 {
                 _main:
                 ; 0000 0032 
                 ; 0000 0033 UCSRA=0x00;
000077 e0e0      	LDI  R30,LOW(0)
000078 b9eb      	OUT  0xB,R30
                 ; 0000 0034 UCSRB=0b11000;
000079 e1e8      	LDI  R30,LOW(24)
00007a b9ea      	OUT  0xA,R30
                 ; 0000 0035 UCSRC=0b10000110;
00007b e8e6      	LDI  R30,LOW(134)
00007c bde0      	OUT  0x20,R30
                 ; 0000 0036 UBRRH=0x00;
00007d e0e0      	LDI  R30,LOW(0)
00007e bde0      	OUT  0x20,R30
                 ; 0000 0037 UBRRL=0x19;
00007f e1e9      	LDI  R30,LOW(25)
000080 b9e9      	OUT  0x9,R30
                 ; 0000 0038 
                 ; 0000 0039 PORTC=0x00;
000081 e0e0      	LDI  R30,LOW(0)
000082 bbe5      	OUT  0x15,R30
                 ; 0000 003A DDRC=0x00011111;
                +
000083 e1e1     +LDI R30 , LOW ( 0x11111 )
000084 e1f1     +LDI R31 , HIGH ( 0x11111 )
000085 e061     +LDI R22 , BYTE3 ( 0x11111 )
000086 e070     +LDI R23 , BYTE4 ( 0x11111 )
                 	__GETD1N 0x11111
000087 bbe4      	OUT  0x14,R30
                 ; 0000 003B PORTB=0x00;
000088 e0e0      	LDI  R30,LOW(0)
000089 bbe8      	OUT  0x18,R30
                 ; 0000 003C DDRB=0b00111110;
00008a e3ee      	LDI  R30,LOW(62)
00008b bbe7      	OUT  0x17,R30
                 ; 0000 003D PORTD=0x00;
00008c e0e0      	LDI  R30,LOW(0)
00008d bbe2      	OUT  0x12,R30
                 ; 0000 003E DDRD=0b11101111;
00008e eeef      	LDI  R30,LOW(239)
00008f bbe1      	OUT  0x11,R30
                 ; 0000 003F 
                 ; 0000 0040 /************ Инициализация таймеров-счетчиков *************************/
                 ; 0000 0041 
                 ; 0000 0042 //Инициализация Timer/Counter 0
                 ; 0000 0043 TCCR0=0b00000111; //запуск таймера, делитель таймера
000090 e0e7      	LDI  R30,LOW(7)
000091 bfe3      	OUT  0x33,R30
                 ; 0000 0044 TCNT0=0x00;//от чего пуск
000092 e0e0      	LDI  R30,LOW(0)
000093 bfe2      	OUT  0x32,R30
                 ; 0000 0045 
                 ; 0000 0046 //Инициализация Timer/Counter 1
                 ; 0000 0047 TCCR1A=0x00;
000094 bdef      	OUT  0x2F,R30
                 ; 0000 0048 TCCR1B=0b01000001;
000095 e4e1      	LDI  R30,LOW(65)
000096 bdee      	OUT  0x2E,R30
                 ; 0000 0049 TCNT1H=0x00;
000097 e0e0      	LDI  R30,LOW(0)
000098 bded      	OUT  0x2D,R30
                 ; 0000 004A TCNT1L=0x00;
000099 bdec      	OUT  0x2C,R30
                 ; 0000 004B ICR1H=0x00;
00009a bde7      	OUT  0x27,R30
                 ; 0000 004C ICR1L=0x00;
00009b bde6      	OUT  0x26,R30
                 ; 0000 004D OCR1AH=0x00;
00009c bdeb      	OUT  0x2B,R30
                 ; 0000 004E OCR1AL=0x00;
00009d bdea      	OUT  0x2A,R30
                 ; 0000 004F OCR1BH=0x00;
00009e bde9      	OUT  0x29,R30
                 ; 0000 0050 OCR1BL=0x00;
00009f bde8      	OUT  0x28,R30
                 ; 0000 0051 
                 ; 0000 0052 // Инициализация прерываний таймеров/счетчиков
                 ; 0000 0053 TIMSK=0x05;
0000a0 e0e5      	LDI  R30,LOW(5)
0000a1 bfe9      	OUT  0x39,R30
                 ; 0000 0054 
                 ; 0000 0055 /****************** Бесконечный цикл **********************************/
                 ; 0000 0056 while (1)
                 _0x3:
                 ; 0000 0057 {
                 ; 0000 0058 #asm("cli")
0000a2 94f8      	cli
                 ; 0000 0059 
                 ; 0000 005A OVF_T1 = 0;
0000a3 2466      	CLR  R6
0000a4 2477      	CLR  R7
                 ; 0000 005B OVF_T0 = 0;
0000a5 2444      	CLR  R4
0000a6 2455      	CLR  R5
                 ; 0000 005C TCNT0 = TCNT1 = 0;
0000a7 e0e0      	LDI  R30,LOW(0)
0000a8 e0f0      	LDI  R31,HIGH(0)
0000a9 bdfd      	OUT  0x2C+1,R31
0000aa bdec      	OUT  0x2C,R30
0000ab bfe2      	OUT  0x32,R30
                 ; 0000 005D #asm("sei")                                   // Разрешения прерываний
0000ac 9478      	sei
                 ; 0000 005E TIMSK|=0b100000;                                  // Разрешили захват
0000ad b7e9      	IN   R30,0x39
0000ae 62e0      	ORI  R30,0x20
0000af bfe9      	OUT  0x39,R30
                 ; 0000 005F while ((TIMSK&0x20)==0x20){}                  // Ожидание прерывания по захвату
                 _0x6:
0000b0 b7e9      	IN   R30,0x39
0000b1 72e0      	ANDI R30,LOW(0x20)
0000b2 32e0      	CPI  R30,LOW(0x20)
0000b3 f3e1      	BREQ _0x6
                 ; 0000 0060 //M0=(((unsigned long int)(OVF_T0))<<1)+Mx;     // Расчет общего количества тиков входной частоты
                 ; 0000 0061 delay_ms(500);                               // Задержка
0000b4 efe4      	LDI  R30,LOW(500)
0000b5 e0f1      	LDI  R31,HIGH(500)
0000b6 d1a9      	RCALL SUBOPT_0x1
0000b7 d1d4      	RCALL _delay_ms
                 ; 0000 0062 TIMSK|=0x20;                                  // Разрешили захват
0000b8 b7e9      	IN   R30,0x39
0000b9 62e0      	ORI  R30,0x20
0000ba bfe9      	OUT  0x39,R30
                 ; 0000 0063 while ((TIMSK&0x20)==0x20){}                  // Ожидание прерывания по захвату
                 _0x9:
0000bb b7e9      	IN   R30,0x39
0000bc 72e0      	ANDI R30,LOW(0x20)
0000bd 32e0      	CPI  R30,LOW(0x20)
0000be f3e1      	BREQ _0x9
                 ; 0000 0064 //M=(((unsigned long int)(OVF_T0))<<1)+Mx;      // Расчет общего количества тиков входной частоты
                 ; 0000 0065 M = OVF_T0;
0000bf 01f2      	MOVW R30,R4
0000c0 2766      	CLR  R22
0000c1 2777      	CLR  R23
0000c2 93e0 0160 	STS  _M,R30
0000c4 93f0 0161 	STS  _M+1,R31
0000c6 9360 0162 	STS  _M+2,R22
0000c8 9370 0163 	STS  _M+3,R23
                 ; 0000 0066 M1=M-M0;                                       // Расчет количества тиков входной частоты за время измерения
0000ca 91a0 0164 	LDS  R26,_M0
0000cc 91b0 0165 	LDS  R27,_M0+1
0000ce 9180 0166 	LDS  R24,_M0+2
0000d0 9190 0167 	LDS  R25,_M0+3
0000d2 d1c9      	RCALL __SUBD12
0000d3 93e0 0168 	STS  _M1,R30
0000d5 93f0 0169 	STS  _M1+1,R31
0000d7 9360 016a 	STS  _M1+2,R22
0000d9 9370 016b 	STS  _M1+3,R23
                 ; 0000 0067 
                 ; 0000 0068 printf("M %d\n\r ",M1);
                +
0000db e3ee     +LDI R30 , LOW ( 2 * _0x0 + 0 )
0000dc e0f0     +LDI R31 , HIGH ( 2 * _0x0 + 0 )
                 	__POINTW1FN _0x0,0
0000dd d182      	RCALL SUBOPT_0x1
0000de 91e0 0168 	LDS  R30,_M1
0000e0 91f0 0169 	LDS  R31,_M1+1
0000e2 9160 016a 	LDS  R22,_M1+2
0000e4 9170 016b 	LDS  R23,_M1+3
0000e6 d1c6      	RCALL __PUTPARD1
0000e7 e084      	LDI  R24,4
0000e8 d141      	RCALL _printf
0000e9 9626      	ADIW R28,6
                 ; 0000 0069 //printf("M %d\n\r ",Mx);
                 ; 0000 006A 
                 ; 0000 006B 
                 ; 0000 006C  } // конец бесконечного цикла
0000ea cfb7      	RJMP _0x3
                 ; 0000 006D 
                 ; 0000 006E }
                 _0xC:
0000eb cfff      	RJMP _0xC
                 	#ifndef __SLEEP_DEFINED__
                 	#endif
                 
                 	.CSEG
                 _putchar:
0000ec 9b5d           sbis usr,udre
0000ed cffe           rjmp _putchar
0000ee 81e8           ld   r30,y
0000ef b9ec           out  udr,r30
0000f0 9621      	ADIW R28,1
0000f1 9508      	RET
                 __put_G100:
0000f2 d1c3      	RCALL __SAVELOCR2
0000f3 81ac      	LDD  R26,Y+4
0000f4 81bd      	LDD  R27,Y+4+1
0000f5 d1af      	RCALL __GETW1P
0000f6 9730      	SBIW R30,0
0000f7 f0d1      	BREQ _0x2000010
0000f8 81aa      	LDD  R26,Y+2
0000f9 81bb      	LDD  R27,Y+2+1
0000fa d1aa      	RCALL __GETW1P
0000fb 018f      	MOVW R16,R30
0000fc 9730      	SBIW R30,0
0000fd f049      	BREQ _0x2000012
                +
0000fe 3002     +CPI R16 , LOW ( 2 )
0000ff e0e0     +LDI R30 , HIGH ( 2 )
000100 071e     +CPC R17 , R30
                 	__CPWRN 16,17,2
000101 f078      	BRLO _0x2000013
000102 01f8      	MOVW R30,R16
000103 9731      	SBIW R30,1
000104 018f      	MOVW R16,R30
000105 93ed      	ST   X+,R30
000106 93fc      	ST   X,R31
                 _0x2000012:
000107 81ac      	LDD  R26,Y+4
000108 81bd      	LDD  R27,Y+4+1
000109 91ed      	LD   R30,X+
00010a 91fd      	LD   R31,X+
00010b 9631      	ADIW R30,1
00010c 93fe      	ST   -X,R31
00010d 93ee      	ST   -X,R30
00010e 9731      	SBIW R30,1
00010f 81ae      	LDD  R26,Y+6
000110 83a0      	STD  Z+0,R26
                 _0x2000013:
000111 c003      	RJMP _0x2000014
                 _0x2000010:
000112 81ee      	LDD  R30,Y+6
000113 93ea      	ST   -Y,R30
000114 dfd7      	RCALL _putchar
                 _0x2000014:
000115 d1a7      	RCALL __LOADLOCR2
000116 9627      	ADIW R28,7
000117 9508      	RET
                 __print_G100:
000118 9726      	SBIW R28,6
000119 d198      	RCALL __SAVELOCR6
00011a e010      	LDI  R17,0
                 _0x2000015:
00011b 89ea      	LDD  R30,Y+18
00011c 89fb      	LDD  R31,Y+18+1
00011d 9631      	ADIW R30,1
00011e 8bea      	STD  Y+18,R30
00011f 8bfb      	STD  Y+18+1,R31
000120 9731      	SBIW R30,1
000121 91e4      	LPM  R30,Z
000122 2f2e      	MOV  R18,R30
000123 30e0      	CPI  R30,0
000124 f409      	BRNE PC+2
000125 c101      	RJMP _0x2000017
000126 2fe1      	MOV  R30,R17
000127 30e0      	CPI  R30,0
000128 f431      	BRNE _0x200001B
000129 3225      	CPI  R18,37
00012a f411      	BRNE _0x200001C
00012b e011      	LDI  R17,LOW(1)
00012c c001      	RJMP _0x200001D
                 _0x200001C:
00012d d135      	RCALL SUBOPT_0x2
                 _0x200001D:
00012e c0f7      	RJMP _0x200001A
                 _0x200001B:
00012f 30e1      	CPI  R30,LOW(0x1)
000130 f4a1      	BRNE _0x200001E
000131 3225      	CPI  R18,37
000132 f411      	BRNE _0x200001F
000133 d12f      	RCALL SUBOPT_0x2
000134 c0f0      	RJMP _0x20000BC
                 _0x200001F:
000135 e012      	LDI  R17,LOW(2)
000136 e040      	LDI  R20,LOW(0)
000137 e000      	LDI  R16,LOW(0)
000138 322d      	CPI  R18,45
000139 f411      	BRNE _0x2000020
00013a e001      	LDI  R16,LOW(1)
00013b c0ea      	RJMP _0x200001A
                 _0x2000020:
00013c 322b      	CPI  R18,43
00013d f411      	BRNE _0x2000021
00013e e24b      	LDI  R20,LOW(43)
00013f c0e6      	RJMP _0x200001A
                 _0x2000021:
000140 3220      	CPI  R18,32
000141 f411      	BRNE _0x2000022
000142 e240      	LDI  R20,LOW(32)
000143 c0e2      	RJMP _0x200001A
                 _0x2000022:
000144 c002      	RJMP _0x2000023
                 _0x200001E:
000145 30e2      	CPI  R30,LOW(0x2)
000146 f439      	BRNE _0x2000024
                 _0x2000023:
000147 e050      	LDI  R21,LOW(0)
000148 e013      	LDI  R17,LOW(3)
000149 3320      	CPI  R18,48
00014a f411      	BRNE _0x2000025
00014b 6800      	ORI  R16,LOW(128)
00014c c0d9      	RJMP _0x200001A
                 _0x2000025:
00014d c003      	RJMP _0x2000026
                 _0x2000024:
00014e 30e3      	CPI  R30,LOW(0x3)
00014f f009      	BREQ PC+2
000150 c0d5      	RJMP _0x200001A
                 _0x2000026:
000151 3320      	CPI  R18,48
000152 f010      	BRLO _0x2000029
000153 332a      	CPI  R18,58
000154 f008      	BRLO _0x200002A
                 _0x2000029:
000155 c009      	RJMP _0x2000028
                 _0x200002A:
000156 2fa5      	MOV  R26,R21
000157 e0ea      	LDI  R30,LOW(10)
000158 9fea      	MUL  R30,R26
000159 01f0      	MOVW R30,R0
00015a 2f5e      	MOV  R21,R30
00015b 2fe2      	MOV  R30,R18
00015c 53e0      	SUBI R30,LOW(48)
00015d 0f5e      	ADD  R21,R30
00015e c0c7      	RJMP _0x200001A
                 _0x2000028:
00015f 2fe2      	MOV  R30,R18
000160 36e3      	CPI  R30,LOW(0x63)
000161 f439      	BRNE _0x200002E
000162 d108      	RCALL SUBOPT_0x3
000163 d10a      	RCALL SUBOPT_0x4
000164 d106      	RCALL SUBOPT_0x3
000165 81a4      	LDD  R26,Z+4
000166 93aa      	ST   -Y,R26
000167 d10a      	RCALL SUBOPT_0x5
000168 c0bc      	RJMP _0x200002F
                 _0x200002E:
000169 37e3      	CPI  R30,LOW(0x73)
00016a f429      	BRNE _0x2000031
00016b d10d      	RCALL SUBOPT_0x6
00016c d10e      	RCALL SUBOPT_0x7
00016d d0d8      	RCALL _strlen
00016e 2f1e      	MOV  R17,R30
00016f c007      	RJMP _0x2000032
                 _0x2000031:
000170 37e0      	CPI  R30,LOW(0x70)
000171 f449      	BRNE _0x2000034
000172 d106      	RCALL SUBOPT_0x6
000173 d107      	RCALL SUBOPT_0x7
000174 d0db      	RCALL _strlenf
000175 2f1e      	MOV  R17,R30
000176 6008      	ORI  R16,LOW(8)
                 _0x2000032:
000177 6002      	ORI  R16,LOW(2)
000178 770f      	ANDI R16,LOW(127)
000179 e030      	LDI  R19,LOW(0)
00017a c02d      	RJMP _0x2000035
                 _0x2000034:
00017b 36e4      	CPI  R30,LOW(0x64)
00017c f011      	BREQ _0x2000038
00017d 36e9      	CPI  R30,LOW(0x69)
00017e f411      	BRNE _0x2000039
                 _0x2000038:
00017f 6004      	ORI  R16,LOW(4)
000180 c002      	RJMP _0x200003A
                 _0x2000039:
000181 37e5      	CPI  R30,LOW(0x75)
000182 f429      	BRNE _0x200003B
                 _0x200003A:
000183 e2e6      	LDI  R30,LOW(_tbl10_G100*2)
000184 e0f0      	LDI  R31,HIGH(_tbl10_G100*2)
000185 d0fc      	RCALL SUBOPT_0x8
000186 e015      	LDI  R17,LOW(5)
000187 c00b      	RJMP _0x200003C
                 _0x200003B:
000188 35e8      	CPI  R30,LOW(0x58)
000189 f411      	BRNE _0x200003E
00018a 6008      	ORI  R16,LOW(8)
00018b c003      	RJMP _0x200003F
                 _0x200003E:
00018c 37e8      	CPI  R30,LOW(0x78)
00018d f009      	BREQ PC+2
00018e c096      	RJMP _0x2000070
                 _0x200003F:
00018f e3e0      	LDI  R30,LOW(_tbl16_G100*2)
000190 e0f0      	LDI  R31,HIGH(_tbl16_G100*2)
000191 d0f0      	RCALL SUBOPT_0x8
000192 e014      	LDI  R17,LOW(4)
                 _0x200003C:
000193 ff02      	SBRS R16,2
000194 c011      	RJMP _0x2000041
000195 d0e3      	RCALL SUBOPT_0x6
000196 d0ee      	RCALL SUBOPT_0x9
000197 85ab      	LDD  R26,Y+11
000198 23aa      	TST  R26
000199 f432      	BRPL _0x2000042
00019a 85ea      	LDD  R30,Y+10
00019b 85fb      	LDD  R31,Y+10+1
00019c d104      	RCALL __ANEGW1
00019d 87ea      	STD  Y+10,R30
00019e 87fb      	STD  Y+10+1,R31
00019f e24d      	LDI  R20,LOW(45)
                 _0x2000042:
0001a0 3040      	CPI  R20,0
0001a1 f011      	BREQ _0x2000043
0001a2 5f1f      	SUBI R17,-LOW(1)
0001a3 c001      	RJMP _0x2000044
                 _0x2000043:
0001a4 7f0b      	ANDI R16,LOW(251)
                 _0x2000044:
0001a5 c002      	RJMP _0x2000045
                 _0x2000041:
0001a6 d0d2      	RCALL SUBOPT_0x6
0001a7 d0dd      	RCALL SUBOPT_0x9
                 _0x2000045:
                 _0x2000035:
0001a8 fd00      	SBRC R16,0
0001a9 c010      	RJMP _0x2000046
                 _0x2000047:
0001aa 1715      	CP   R17,R21
0001ab f470      	BRSH _0x2000049
0001ac ff07      	SBRS R16,7
0001ad c008      	RJMP _0x200004A
0001ae ff02      	SBRS R16,2
0001af c004      	RJMP _0x200004B
0001b0 7f0b      	ANDI R16,LOW(251)
0001b1 2f24      	MOV  R18,R20
0001b2 5011      	SUBI R17,LOW(1)
0001b3 c001      	RJMP _0x200004C
                 _0x200004B:
0001b4 e320      	LDI  R18,LOW(48)
                 _0x200004C:
0001b5 c001      	RJMP _0x200004D
                 _0x200004A:
0001b6 e220      	LDI  R18,LOW(32)
                 _0x200004D:
0001b7 d0ab      	RCALL SUBOPT_0x2
0001b8 5051      	SUBI R21,LOW(1)
0001b9 cff0      	RJMP _0x2000047
                 _0x2000049:
                 _0x2000046:
0001ba 2f31      	MOV  R19,R17
0001bb ff01      	SBRS R16,1
0001bc c018      	RJMP _0x200004E
                 _0x200004F:
0001bd 3030      	CPI  R19,0
0001be f0a9      	BREQ _0x2000051
0001bf ff03      	SBRS R16,3
0001c0 c007      	RJMP _0x2000052
0001c1 81ee      	LDD  R30,Y+6
0001c2 81ff      	LDD  R31,Y+6+1
0001c3 9631      	ADIW R30,1
0001c4 d0bd      	RCALL SUBOPT_0x8
0001c5 9731      	SBIW R30,1
0001c6 91e4      	LPM  R30,Z
0001c7 c005      	RJMP _0x20000BD
                 _0x2000052:
0001c8 81ae      	LDD  R26,Y+6
0001c9 81bf      	LDD  R27,Y+6+1
0001ca 91ed      	LD   R30,X+
0001cb 83ae      	STD  Y+6,R26
0001cc 83bf      	STD  Y+6+1,R27
                 _0x20000BD:
0001cd 93ea      	ST   -Y,R30
0001ce d0a3      	RCALL SUBOPT_0x5
0001cf 3050      	CPI  R21,0
0001d0 f009      	BREQ _0x2000054
0001d1 5051      	SUBI R21,LOW(1)
                 _0x2000054:
0001d2 5031      	SUBI R19,LOW(1)
0001d3 cfe9      	RJMP _0x200004F
                 _0x2000051:
0001d4 c047      	RJMP _0x2000055
                 _0x200004E:
                 _0x2000057:
0001d5 e320      	LDI  R18,LOW(48)
0001d6 81ee      	LDD  R30,Y+6
0001d7 81ff      	LDD  R31,Y+6+1
0001d8 d0d0      	RCALL __GETW1PF
0001d9 87e8      	STD  Y+8,R30
0001da 87f9      	STD  Y+8+1,R31
0001db 81ee      	LDD  R30,Y+6
0001dc 81ff      	LDD  R31,Y+6+1
0001dd 9632      	ADIW R30,2
0001de d0a3      	RCALL SUBOPT_0x8
                 _0x2000059:
0001df 85e8      	LDD  R30,Y+8
0001e0 85f9      	LDD  R31,Y+8+1
0001e1 85aa      	LDD  R26,Y+10
0001e2 85bb      	LDD  R27,Y+10+1
0001e3 17ae      	CP   R26,R30
0001e4 07bf      	CPC  R27,R31
0001e5 f050      	BRLO _0x200005B
0001e6 5f2f      	SUBI R18,-LOW(1)
0001e7 85a8      	LDD  R26,Y+8
0001e8 85b9      	LDD  R27,Y+8+1
0001e9 85ea      	LDD  R30,Y+10
0001ea 85fb      	LDD  R31,Y+10+1
0001eb 1bea      	SUB  R30,R26
0001ec 0bfb      	SBC  R31,R27
0001ed 87ea      	STD  Y+10,R30
0001ee 87fb      	STD  Y+10+1,R31
0001ef cfef      	RJMP _0x2000059
                 _0x200005B:
0001f0 332a      	CPI  R18,58
0001f1 f028      	BRLO _0x200005C
0001f2 ff03      	SBRS R16,3
0001f3 c002      	RJMP _0x200005D
0001f4 5f29      	SUBI R18,-LOW(7)
0001f5 c001      	RJMP _0x200005E
                 _0x200005D:
0001f6 5d29      	SUBI R18,-LOW(39)
                 _0x200005E:
                 _0x200005C:
0001f7 fd04      	SBRC R16,4
0001f8 c019      	RJMP _0x2000060
0001f9 3321      	CPI  R18,49
0001fa f420      	BRSH _0x2000062
0001fb 85a8      	LDD  R26,Y+8
0001fc 85b9      	LDD  R27,Y+8+1
0001fd 9711      	SBIW R26,1
0001fe f409      	BRNE _0x2000061
                 _0x2000062:
0001ff c009      	RJMP _0x20000BE
                 _0x2000061:
000200 1753      	CP   R21,R19
000201 f010      	BRLO _0x2000066
000202 ff00      	SBRS R16,0
000203 c001      	RJMP _0x2000067
                 _0x2000066:
000204 c011      	RJMP _0x2000065
                 _0x2000067:
000205 e220      	LDI  R18,LOW(32)
000206 ff07      	SBRS R16,7
000207 c00a      	RJMP _0x2000068
000208 e320      	LDI  R18,LOW(48)
                 _0x20000BE:
000209 6100      	ORI  R16,LOW(16)
00020a ff02      	SBRS R16,2
00020b c006      	RJMP _0x2000069
00020c 7f0b      	ANDI R16,LOW(251)
00020d 934a      	ST   -Y,R20
00020e d063      	RCALL SUBOPT_0x5
00020f 3050      	CPI  R21,0
000210 f009      	BREQ _0x200006A
000211 5051      	SUBI R21,LOW(1)
                 _0x200006A:
                 _0x2000069:
                 _0x2000068:
                 _0x2000060:
000212 d050      	RCALL SUBOPT_0x2
000213 3050      	CPI  R21,0
000214 f009      	BREQ _0x200006B
000215 5051      	SUBI R21,LOW(1)
                 _0x200006B:
                 _0x2000065:
000216 5031      	SUBI R19,LOW(1)
000217 85a8      	LDD  R26,Y+8
000218 85b9      	LDD  R27,Y+8+1
000219 9712      	SBIW R26,2
00021a f008      	BRLO _0x2000058
00021b cfb9      	RJMP _0x2000057
                 _0x2000058:
                 _0x2000055:
00021c ff00      	SBRS R16,0
00021d c007      	RJMP _0x200006C
                 _0x200006D:
00021e 3050      	CPI  R21,0
00021f f029      	BREQ _0x200006F
000220 5051      	SUBI R21,LOW(1)
000221 e2e0      	LDI  R30,LOW(32)
000222 93ea      	ST   -Y,R30
000223 d04e      	RCALL SUBOPT_0x5
000224 cff9      	RJMP _0x200006D
                 _0x200006F:
                 _0x200006C:
                 _0x2000070:
                 _0x200002F:
                 _0x20000BC:
000225 e010      	LDI  R17,LOW(0)
                 _0x200001A:
000226 cef4      	RJMP _0x2000015
                 _0x2000017:
000227 d091      	RCALL __LOADLOCR6
000228 9664      	ADIW R28,20
000229 9508      	RET
                 _printf:
00022a 92ff      	PUSH R15
00022b 2ef8      	MOV  R15,R24
00022c 9722      	SBIW R28,2
00022d d088      	RCALL __SAVELOCR2
00022e 01de      	MOVW R26,R28
00022f d068      	RCALL __ADDW2R15
000230 018d      	MOVW R16,R26
000231 e0e0      	LDI  R30,0
000232 83ea      	STD  Y+2,R30
000233 83eb      	STD  Y+2+1,R30
000234 01de      	MOVW R26,R28
000235 9614      	ADIW R26,4
000236 d061      	RCALL __ADDW2R15
000237 d06d      	RCALL __GETW1P
000238 d027      	RCALL SUBOPT_0x1
000239 931a      	ST   -Y,R17
00023a 930a      	ST   -Y,R16
00023b 01fe      	MOVW R30,R28
00023c 9636      	ADIW R30,6
00023d d022      	RCALL SUBOPT_0x1
00023e e0e0      	LDI  R30,LOW(0)
00023f e0f0      	LDI  R31,HIGH(0)
000240 d01f      	RCALL SUBOPT_0x1
000241 ded6      	RCALL __print_G100
000242 d07a      	RCALL __LOADLOCR2
000243 9624      	ADIW R28,4
000244 90ff      	POP  R15
000245 9508      	RET
                 
                 	.CSEG
                 
                 	.CSEG
                 
                 	.CSEG
                 _strlen:
000246 91a9          ld   r26,y+
000247 91b9          ld   r27,y+
000248 27ee          clr  r30
000249 27ff          clr  r31
                 strlen0:
00024a 916d          ld   r22,x+
00024b 2366          tst  r22
00024c f011          breq strlen1
00024d 9631          adiw r30,1
00024e cffb          rjmp strlen0
                 strlen1:
00024f 9508          ret
                 _strlenf:
000250 27aa          clr  r26
000251 27bb          clr  r27
000252 91e9          ld   r30,y+
000253 91f9          ld   r31,y+
                 strlenf0:
000254 9005          lpm  r0,z+
000255 2000          tst  r0
000256 f011          breq strlenf1
000257 9611          adiw r26,1
000258 cffb          rjmp strlenf0
                 strlenf1:
000259 01fd          movw r30,r26
00025a 9508          ret
                 
                 	.CSEG
                 
                 	.DSEG
                 
                 	.CSEG
                 
                 	.DSEG
                 _M:
000160           	.BYTE 0x4
                 _M0:
000164           	.BYTE 0x4
                 _M1:
000168           	.BYTE 0x4
                 _p_S1030024:
00016c           	.BYTE 0x2
                 __seed_G104:
00016e           	.BYTE 0x4
                 
                 	.CSEG
                 ;OPTIMIZER ADDED SUBROUTINE, CALLED 2 TIMES, CODE SIZE REDUCTION:1 WORDS
                 SUBOPT_0x0:
00025b 93ea      	ST   -Y,R30
00025c 93fa      	ST   -Y,R31
00025d b7ef      	IN   R30,SREG
00025e 93ea      	ST   -Y,R30
00025f 9508      	RET
                 
                 ;OPTIMIZER ADDED SUBROUTINE, CALLED 23 TIMES, CODE SIZE REDUCTION:20 WORDS
                 SUBOPT_0x1:
000260 93fa      	ST   -Y,R31
000261 93ea      	ST   -Y,R30
000262 9508      	RET
                 
                 ;OPTIMIZER ADDED SUBROUTINE, CALLED 4 TIMES, CODE SIZE REDUCTION:19 WORDS
                 SUBOPT_0x2:
000263 932a      	ST   -Y,R18
000264 85ef      	LDD  R30,Y+15
000265 89f8      	LDD  R31,Y+15+1
000266 dff9      	RCALL SUBOPT_0x1
000267 01fe      	MOVW R30,R28
000268 963f      	ADIW R30,15
000269 dff6      	RCALL SUBOPT_0x1
00026a ce87      	RJMP __put_G100
                 
                 ;OPTIMIZER ADDED SUBROUTINE, CALLED 6 TIMES, CODE SIZE REDUCTION:3 WORDS
                 SUBOPT_0x3:
00026b 89e8      	LDD  R30,Y+16
00026c 89f9      	LDD  R31,Y+16+1
00026d 9508      	RET
                 
                 ;OPTIMIZER ADDED SUBROUTINE, CALLED 5 TIMES, CODE SIZE REDUCTION:6 WORDS
                 SUBOPT_0x4:
00026e 9734      	SBIW R30,4
00026f 8be8      	STD  Y+16,R30
000270 8bf9      	STD  Y+16+1,R31
000271 9508      	RET
                 
                 ;OPTIMIZER ADDED SUBROUTINE, CALLED 4 TIMES, CODE SIZE REDUCTION:16 WORDS
                 SUBOPT_0x5:
000272 85ef      	LDD  R30,Y+15
000273 89f8      	LDD  R31,Y+15+1
000274 dfeb      	RCALL SUBOPT_0x1
000275 01fe      	MOVW R30,R28
000276 963f      	ADIW R30,15
000277 dfe8      	RCALL SUBOPT_0x1
000278 ce79      	RJMP __put_G100
                 
                 ;OPTIMIZER ADDED SUBROUTINE, CALLED 4 TIMES, CODE SIZE REDUCTION:1 WORDS
                 SUBOPT_0x6:
000279 dff1      	RCALL SUBOPT_0x3
00027a cff3      	RJMP SUBOPT_0x4
                 
                 ;OPTIMIZER ADDED SUBROUTINE, CALLED 2 TIMES, CODE SIZE REDUCTION:6 WORDS
                 SUBOPT_0x7:
00027b 89a8      	LDD  R26,Y+16
00027c 89b9      	LDD  R27,Y+16+1
00027d 9614      	ADIW R26,4
00027e d026      	RCALL __GETW1P
00027f 83ee      	STD  Y+6,R30
000280 83ff      	STD  Y+6+1,R31
000281 cfde      	RJMP SUBOPT_0x1
                 
                 ;OPTIMIZER ADDED SUBROUTINE, CALLED 4 TIMES, CODE SIZE REDUCTION:1 WORDS
                 SUBOPT_0x8:
000282 83ee      	STD  Y+6,R30
000283 83ff      	STD  Y+6+1,R31
000284 9508      	RET
                 
                 ;OPTIMIZER ADDED SUBROUTINE, CALLED 2 TIMES, CODE SIZE REDUCTION:3 WORDS
                 SUBOPT_0x9:
000285 89a8      	LDD  R26,Y+16
000286 89b9      	LDD  R27,Y+16+1
000287 9614      	ADIW R26,4
000288 d01c      	RCALL __GETW1P
000289 87ea      	STD  Y+10,R30
00028a 87fb      	STD  Y+10+1,R31
00028b 9508      	RET
                 
                 
                 	.CSEG
                 _delay_ms:
00028c 91e9      	ld   r30,y+
00028d 91f9      	ld   r31,y+
00028e 9630      	adiw r30,0
00028f f039      	breq __delay_ms1
                 __delay_ms0:
                +
000290 ed80     +LDI R24 , LOW ( 0x7D0 )
000291 e097     +LDI R25 , HIGH ( 0x7D0 )
                +__DELAY_USW_LOOP :
000292 9701     +SBIW R24 , 1
000293 f7f1     +BRNE __DELAY_USW_LOOP
                 	__DELAY_USW 0x7D0
000294 95a8      	wdr
000295 9731      	sbiw r30,1
000296 f7c9      	brne __delay_ms0
                 __delay_ms1:
000297 9508      	ret
                 
                 __ADDW2R15:
000298 2400      	CLR  R0
000299 0daf      	ADD  R26,R15
00029a 1db0      	ADC  R27,R0
00029b 9508      	RET
                 
                 __SUBD12:
00029c 1bea      	SUB  R30,R26
00029d 0bfb      	SBC  R31,R27
00029e 0b68      	SBC  R22,R24
00029f 0b79      	SBC  R23,R25
0002a0 9508      	RET
                 
                 __ANEGW1:
0002a1 95f1      	NEG  R31
0002a2 95e1      	NEG  R30
0002a3 40f0      	SBCI R31,0
0002a4 9508      	RET
                 
                 __GETW1P:
0002a5 91ed      	LD   R30,X+
0002a6 91fc      	LD   R31,X
0002a7 9711      	SBIW R26,1
0002a8 9508      	RET
                 
                 __GETW1PF:
0002a9 9005      	LPM  R0,Z+
0002aa 91f4      	LPM  R31,Z
0002ab 2de0      	MOV  R30,R0
0002ac 9508      	RET
                 
                 __PUTPARD1:
0002ad 937a      	ST   -Y,R23
0002ae 936a      	ST   -Y,R22
0002af 93fa      	ST   -Y,R31
0002b0 93ea      	ST   -Y,R30
0002b1 9508      	RET
                 
                 __SAVELOCR6:
0002b2 935a      	ST   -Y,R21
                 __SAVELOCR5:
0002b3 934a      	ST   -Y,R20
                 __SAVELOCR4:
0002b4 933a      	ST   -Y,R19
                 __SAVELOCR3:
0002b5 932a      	ST   -Y,R18
                 __SAVELOCR2:
0002b6 931a      	ST   -Y,R17
0002b7 930a      	ST   -Y,R16
0002b8 9508      	RET
                 
                 __LOADLOCR6:
0002b9 815d      	LDD  R21,Y+5
                 __LOADLOCR5:
0002ba 814c      	LDD  R20,Y+4
                 __LOADLOCR4:
0002bb 813b      	LDD  R19,Y+3
                 __LOADLOCR3:
0002bc 812a      	LDD  R18,Y+2
                 __LOADLOCR2:
0002bd 8119      	LDD  R17,Y+1
0002be 8108      	LD   R16,Y
0002bf 9508      	RET
                 
                 ;END OF CODE MARKER
                 __END_OF_CODE:


RESOURCE USE INFORMATION
------------------------

Notice:
The register and instruction counts are symbol table hit counts,
and hence implicitly used resources are not counted, eg, the
'lpm' instruction without operands implicitly uses r0 and z,
none of which are counted.

x,y,z are separate entities in the symbol table and are
counted separately from r26..r31 here.

.dseg memory usage only counts static data declared with .byte

ATmega8 register use summary:
r0 :  11 r1 :   1 r2 :   0 r3 :   0 r4 :   4 r5 :   1 r6 :   3 r7 :   1 
r8 :   0 r9 :   0 r10:   1 r11:   1 r12:   0 r13:   0 r14:   0 r15:   4 
r16:  32 r17:  18 r18:  25 r19:   8 r20:   9 r21:  17 r22:  11 r23:   7 
r24:  13 r25:   5 r26:  40 r27:  20 r28:  13 r29:   1 r30: 196 r31:  51 
x  :  13 y  : 106 z  :  14 
Registers used: 28 out of 35 (80.0%)

ATmega8 instruction use summary:
adc   :   1 add   :   2 adiw  :  20 and   :   0 andi  :   7 asr   :   0 
bclr  :   0 bld   :   0 brbc  :   0 brbs  :   0 brcc  :   0 brcs  :   0 
break :   0 breq  :  17 brge  :   0 brhc  :   0 brhs  :   0 brid  :   0 
brie  :   0 brlo  :   7 brlt  :   0 brmi  :   0 brne  :  22 brpl  :   1 
brsh  :   2 brtc  :   0 brts  :   0 brvc  :   0 brvs  :   0 bset  :   0 
bst   :   0 cbi   :   0 cbr   :   0 clc   :   0 clh   :   0 cli   :   2 
cln   :   0 clr   :  14 cls   :   0 clt   :   0 clv   :   0 clz   :   0 
com   :   0 cp    :   3 cpc   :   2 cpi   :  32 cpse  :   0 dec   :   1 
des   :   0 eor   :   0 fmul  :   0 fmuls :   0 fmulsu:   0 icall :   0 
ijmp  :   0 in    :   8 inc   :   0 ld    :  19 ldd   :  49 ldi   :  71 
lds   :   8 lpm   :  15 lsl   :   0 lsr   :   0 mov   :  12 movw  :  19 
mul   :   1 muls  :   0 mulsu :   0 neg   :   2 nop   :   0 or    :   0 
ori   :   8 out   :  41 pop   :   1 push  :   1 rcall :  58 ret   :  21 
reti  :   2 rjmp  :  79 rol   :   0 ror   :   0 sbc   :   4 sbci  :   1 
sbi   :   0 sbic  :   0 sbis  :   1 sbiw  :  17 sbr   :   0 sbrc  :   2 
sbrs  :  10 sec   :   0 seh   :   0 sei   :   1 sen   :   0 ser   :   0 
ses   :   0 set   :   0 sev   :   0 sez   :   0 sleep :   0 spm   :   0 
st    :  32 std   :  21 sts   :   8 sub   :   2 subi  :  13 swap  :   0 
tst   :   3 wdr   :   1 
Instructions used: 47 out of 110 (42.7%)

ATmega8 memory use summary [bytes]:
Segment   Begin    End      Code   Data   Used    Size   Use%
---------------------------------------------------------------
[.cseg] 0x000000 0x000580   1354     54   1408    8192  17.2%
[.dseg] 0x000060 0x000172      0     18     18    1024   1.8%
[.eseg] 0x000000 0x000000      0      0      0     512   0.0%

Assembly complete, 0 errors, 6 warnings
