Archive member included because of file (symbol)

c:/winavr-20090313/bin/../lib/gcc/avr/4.3.2/avr4\libgcc.a(_prologue.o)
                              ip_arp_udp_tcp.o (__prologue_saves__)
c:/winavr-20090313/bin/../lib/gcc/avr/4.3.2/avr4\libgcc.a(_epilogue.o)
                              ip_arp_udp_tcp.o (__epilogue_restores__)
c:/winavr-20090313/bin/../lib/gcc/avr/4.3.2/avr4\libgcc.a(_exit.o)
                              c:/winavr-20090313/bin/../lib/gcc/avr/4.3.2/../../../../avr/lib/avr4/crtm8.o (exit)
c:/winavr-20090313/bin/../lib/gcc/avr/4.3.2/avr4\libgcc.a(_copy_data.o)
                              main.o (__do_copy_data)
c:/winavr-20090313/bin/../lib/gcc/avr/4.3.2/avr4\libgcc.a(_clear_bss.o)
                              main.o (__do_clear_bss)
c:/winavr-20090313/bin/../lib/gcc/avr/4.3.2/../../../../avr/lib/avr4\libc.a(strncmp.o)
                              main.o (strncmp)
c:/winavr-20090313/bin/../lib/gcc/avr/4.3.2/../../../../avr/lib/avr4\libc.a(itoa.o)
                              main.o (itoa)
c:/winavr-20090313/bin/../lib/gcc/avr/4.3.2/../../../../avr/lib/avr4\libc.a(strrev.o)
                              c:/winavr-20090313/bin/../lib/gcc/avr/4.3.2/../../../../avr/lib/avr4\libc.a(itoa.o) (strrev)
c:/winavr-20090313/bin/../lib/gcc/avr/4.3.2/avr4\libgcc.a(_udivmodhi4.o)
                              c:/winavr-20090313/bin/../lib/gcc/avr/4.3.2/../../../../avr/lib/avr4\libc.a(itoa.o) (__udivmodhi4)

Allocating common symbols
Common symbol       size              file

t                   0x2               main.o
termus              0x2               main.o
temp                0x2               main.o
buf_ware            0x9               main.o
i                   0x1               main.o
tt                  0x2               main.o
count               0x1               main.o
result              0x1               main.o
rr                  0x9               main.o

Memory Configuration

Name             Origin             Length             Attributes
text             0x00000000         0x00002000         xr
data             0x00800060         0x0000ffa0         rw !x
eeprom           0x00810000         0x00010000         rw !x
fuse             0x00820000         0x00000400         rw !x
lock             0x00830000         0x00000400         rw !x
signature        0x00840000         0x00000400         rw !x
*default*        0x00000000         0xffffffff

Linker script and memory map

LOAD c:/winavr-20090313/bin/../lib/gcc/avr/4.3.2/../../../../avr/lib/avr4/crtm8.o
LOAD main.o
LOAD ip_arp_udp_tcp.o
LOAD enc28j60.o
LOAD 1w.o
LOAD c:/winavr-20090313/bin/../lib/gcc/avr/4.3.2/avr4\libgcc.a
LOAD c:/winavr-20090313/bin/../lib/gcc/avr/4.3.2/../../../../avr/lib/avr4\libc.a
LOAD c:/winavr-20090313/bin/../lib/gcc/avr/4.3.2/avr4\libgcc.a

.hash
 *(.hash)

.dynsym
 *(.dynsym)

.dynstr
 *(.dynstr)

.gnu.version
 *(.gnu.version)

.gnu.version_d
 *(.gnu.version_d)

.gnu.version_r
 *(.gnu.version_r)

.rel.init
 *(.rel.init)

.rela.init
 *(.rela.init)

.rel.text
 *(.rel.text)
 *(.rel.text.*)
 *(.rel.gnu.linkonce.t*)

.rela.text
 *(.rela.text)
 *(.rela.text.*)
 *(.rela.gnu.linkonce.t*)

.rel.fini
 *(.rel.fini)

.rela.fini
 *(.rela.fini)

.rel.rodata
 *(.rel.rodata)
 *(.rel.rodata.*)
 *(.rel.gnu.linkonce.r*)

.rela.rodata
 *(.rela.rodata)
 *(.rela.rodata.*)
 *(.rela.gnu.linkonce.r*)

.rel.data
 *(.rel.data)
 *(.rel.data.*)
 *(.rel.gnu.linkonce.d*)

.rela.data
 *(.rela.data)
 *(.rela.data.*)
 *(.rela.gnu.linkonce.d*)

.rel.ctors
 *(.rel.ctors)

.rela.ctors
 *(.rela.ctors)

.rel.dtors
 *(.rel.dtors)

.rela.dtors
 *(.rela.dtors)

.rel.got
 *(.rel.got)

.rela.got
 *(.rela.got)

.rel.bss
 *(.rel.bss)

.rela.bss
 *(.rela.bss)

.rel.plt
 *(.rel.plt)

.rela.plt
 *(.rela.plt)

.text           0x00000000     0x1166
 *(.vectors)
 .vectors       0x00000000       0x26 c:/winavr-20090313/bin/../lib/gcc/avr/4.3.2/../../../../avr/lib/avr4/crtm8.o
                0x00000000                __vectors
                0x00000000                __vector_default
 *(.vectors)
 *(.progmem.gcc*)
 *(.progmem*)
 .progmem.data  0x00000026      0x2d8 main.o
                0x000002fe                . = ALIGN (0x2)
                0x000002fe                __trampolines_start = .
 *(.trampolines)
 .trampolines   0x000002fe        0x0 linker stubs
 *(.trampolines*)
                0x000002fe                __trampolines_end = .
 *(.jumptables)
 *(.jumptables*)
 *(.lowtext)
 *(.lowtext*)
                0x000002fe                __ctors_start = .
 *(.ctors)
                0x000002fe                __ctors_end = .
                0x000002fe                __dtors_start = .
 *(.dtors)
                0x000002fe                __dtors_end = .
 SORT(*)(.ctors)
 SORT(*)(.dtors)
 *(.init0)
 .init0         0x000002fe        0x0 c:/winavr-20090313/bin/../lib/gcc/avr/4.3.2/../../../../avr/lib/avr4/crtm8.o
                0x000002fe                __init
 *(.init0)
 *(.init1)
 *(.init1)
 *(.init2)
 .init2         0x000002fe        0xc c:/winavr-20090313/bin/../lib/gcc/avr/4.3.2/../../../../avr/lib/avr4/crtm8.o
 *(.init2)
 *(.init3)
 *(.init3)
 *(.init4)
 .init4         0x0000030a       0x16 c:/winavr-20090313/bin/../lib/gcc/avr/4.3.2/avr4\libgcc.a(_copy_data.o)
                0x0000030a                __do_copy_data
 .init4         0x00000320       0x10 c:/winavr-20090313/bin/../lib/gcc/avr/4.3.2/avr4\libgcc.a(_clear_bss.o)
                0x00000320                __do_clear_bss
 *(.init4)
 *(.init5)
 *(.init5)
 *(.init6)
 *(.init6)
 *(.init7)
 *(.init7)
 *(.init8)
 *(.init8)
 *(.init9)
 .init9         0x00000330        0x4 c:/winavr-20090313/bin/../lib/gcc/avr/4.3.2/../../../../avr/lib/avr4/crtm8.o
 *(.init9)
 *(.text)
 .text          0x00000334        0x2 c:/winavr-20090313/bin/../lib/gcc/avr/4.3.2/../../../../avr/lib/avr4/crtm8.o
                0x00000334                __vector_1
                0x00000334                __vector_12
                0x00000334                __bad_interrupt
                0x00000334                __vector_6
                0x00000334                __vector_3
                0x00000334                __vector_11
                0x00000334                __vector_13
                0x00000334                __vector_17
                0x00000334                __vector_7
                0x00000334                __vector_5
                0x00000334                __vector_4
                0x00000334                __vector_9
                0x00000334                __vector_2
                0x00000334                __vector_15
                0x00000334                __vector_8
                0x00000334                __vector_14
                0x00000334                __vector_10
                0x00000334                __vector_16
                0x00000334                __vector_18
 .text          0x00000336      0x2a8 main.o
                0x0000051a                print_webpage
                0x00000336                main
                0x00000584                temp_x100
 .text          0x000005de      0x4fc ip_arp_udp_tcp.o
                0x000006c4                init_ip_arp_udp_tcp
                0x0000091c                make_tcp_ack_with_data
                0x0000088c                init_len_info
                0x000008d2                fill_tcp_data_p
                0x000009d2                make_tcp_synack_from_syn
                0x00000748                eth_type_is_ip_and_my_ip
                0x000007a2                fill_ip_hdr_checksum
                0x00000710                eth_type_is_arp_and_my_ip
                0x000007ce                make_ip
                0x0000086a                get_tcp_data_pointer
                0x00000a28                make_echo_reply_from_request
                0x000008f8                fill_tcp_data
                0x000007ee                make_tcphead
                0x00000788                make_eth
                0x00000a74                make_arp_answer_from_request
                0x000005de                checksum
                0x0000096a                make_tcp_ack_from_any
 .text          0x00000ada      0x486 enc28j60.o
                0x00000b14                enc28j60ReadBuffer
                0x00000b6e                enc28j60SetBank
                0x00000c56                enc28j60Init
                0x00000afe                enc28j60WriteOp
                0x00000bf0                enc28j60PhyReadH
                0x00000bbc                enc28j60Read
                0x00000b46                enc28j60WriteBuffer
                0x00000c18                enc28j60PhyWrite
                0x00000d8a                enc28j60getrev
                0x00000c4c                enc28j60clkout
                0x00000e6a                enc28j60PacketReceive
                0x00000e60                enc28j60hasRxPkt
                0x00000ada                enc28j60ReadOp
                0x00000d90                enc28j60linkup
                0x00000bcc                enc28j60Write
                0x00000da0                enc28j60PacketSend
 .text          0x00000f60       0xf2 1w.o
                0x00000f60                ow_reset
                0x00001006                ow_read_byte
                0x00000f8a                ow_put_bit
                0x00000fbe                ow_get_bit
                0x00000fea                ow_write_byte
 .text          0x00001052        0x0 c:/winavr-20090313/bin/../lib/gcc/avr/4.3.2/avr4\libgcc.a(_prologue.o)
 .text          0x00001052        0x0 c:/winavr-20090313/bin/../lib/gcc/avr/4.3.2/avr4\libgcc.a(_epilogue.o)
 .text          0x00001052        0x0 c:/winavr-20090313/bin/../lib/gcc/avr/4.3.2/avr4\libgcc.a(_exit.o)
 .text          0x00001052        0x0 c:/winavr-20090313/bin/../lib/gcc/avr/4.3.2/avr4\libgcc.a(_copy_data.o)
 .text          0x00001052        0x0 c:/winavr-20090313/bin/../lib/gcc/avr/4.3.2/avr4\libgcc.a(_clear_bss.o)
 .text          0x00001052       0x1c c:/winavr-20090313/bin/../lib/gcc/avr/4.3.2/../../../../avr/lib/avr4\libc.a(strncmp.o)
                0x00001052                strncmp
 .text          0x0000106e       0x3e c:/winavr-20090313/bin/../lib/gcc/avr/4.3.2/../../../../avr/lib/avr4\libc.a(itoa.o)
                0x0000106e                itoa
 .text          0x000010ac       0x20 c:/winavr-20090313/bin/../lib/gcc/avr/4.3.2/../../../../avr/lib/avr4\libc.a(strrev.o)
                0x000010ac                strrev
 .text          0x000010cc        0x0 c:/winavr-20090313/bin/../lib/gcc/avr/4.3.2/avr4\libgcc.a(_udivmodhi4.o)
                0x000010cc                . = ALIGN (0x2)
 *(.text.*)
 .text.libgcc   0x000010cc       0x38 c:/winavr-20090313/bin/../lib/gcc/avr/4.3.2/avr4\libgcc.a(_prologue.o)
                0x000010cc                __prologue_saves__
 .text.libgcc   0x00001104       0x36 c:/winavr-20090313/bin/../lib/gcc/avr/4.3.2/avr4\libgcc.a(_epilogue.o)
                0x00001104                __epilogue_restores__
 .text.libgcc   0x0000113a        0x0 c:/winavr-20090313/bin/../lib/gcc/avr/4.3.2/avr4\libgcc.a(_exit.o)
 .text.libgcc   0x0000113a        0x0 c:/winavr-20090313/bin/../lib/gcc/avr/4.3.2/avr4\libgcc.a(_copy_data.o)
 .text.libgcc   0x0000113a        0x0 c:/winavr-20090313/bin/../lib/gcc/avr/4.3.2/avr4\libgcc.a(_clear_bss.o)
 .text.libgcc   0x0000113a       0x28 c:/winavr-20090313/bin/../lib/gcc/avr/4.3.2/avr4\libgcc.a(_udivmodhi4.o)
                0x0000113a                __udivmodhi4
                0x00001162                . = ALIGN (0x2)
 *(.fini9)
 .fini9         0x00001162        0x0 c:/winavr-20090313/bin/../lib/gcc/avr/4.3.2/avr4\libgcc.a(_exit.o)
                0x00001162                exit
                0x00001162                _exit
 *(.fini9)
 *(.fini8)
 *(.fini8)
 *(.fini7)
 *(.fini7)
 *(.fini6)
 *(.fini6)
 *(.fini5)
 *(.fini5)
 *(.fini4)
 *(.fini4)
 *(.fini3)
 *(.fini3)
 *(.fini2)
 *(.fini2)
 *(.fini1)
 *(.fini1)
 *(.fini0)
 .fini0         0x00001162        0x4 c:/winavr-20090313/bin/../lib/gcc/avr/4.3.2/avr4\libgcc.a(_exit.o)
 *(.fini0)
                0x00001166                _etext = .

.data           0x00800060       0x18 load address 0x00001166
                0x00800060                PROVIDE (__data_start, .)
 *(.data)
 .data          0x00800060        0x0 c:/winavr-20090313/bin/../lib/gcc/avr/4.3.2/../../../../avr/lib/avr4/crtm8.o
 .data          0x00800060       0x15 main.o
                0x0080006d                tmp
 .data          0x00800075        0x2 ip_arp_udp_tcp.o
 .data          0x00800077        0x0 enc28j60.o
 .data          0x00800077        0x0 1w.o
 .data          0x00800077        0x0 c:/winavr-20090313/bin/../lib/gcc/avr/4.3.2/avr4\libgcc.a(_prologue.o)
 .data          0x00800077        0x0 c:/winavr-20090313/bin/../lib/gcc/avr/4.3.2/avr4\libgcc.a(_epilogue.o)
 .data          0x00800077        0x0 c:/winavr-20090313/bin/../lib/gcc/avr/4.3.2/avr4\libgcc.a(_exit.o)
 .data          0x00800077        0x0 c:/winavr-20090313/bin/../lib/gcc/avr/4.3.2/avr4\libgcc.a(_copy_data.o)
 .data          0x00800077        0x0 c:/winavr-20090313/bin/../lib/gcc/avr/4.3.2/avr4\libgcc.a(_clear_bss.o)
 .data          0x00800077        0x0 c:/winavr-20090313/bin/../lib/gcc/avr/4.3.2/../../../../avr/lib/avr4\libc.a(strncmp.o)
 .data          0x00800077        0x0 c:/winavr-20090313/bin/../lib/gcc/avr/4.3.2/../../../../avr/lib/avr4\libc.a(itoa.o)
 .data          0x00800077        0x0 c:/winavr-20090313/bin/../lib/gcc/avr/4.3.2/../../../../avr/lib/avr4\libc.a(strrev.o)
 .data          0x00800077        0x0 c:/winavr-20090313/bin/../lib/gcc/avr/4.3.2/avr4\libgcc.a(_udivmodhi4.o)
 *(.data*)
 *(.rodata)
 *(.rodata*)
 *(.gnu.linkonce.d*)
                0x00800078                . = ALIGN (0x2)
 *fill*         0x00800077        0x1 00
                0x00800078                _edata = .
                0x00800078                PROVIDE (__data_end, .)

.bss            0x00800078      0x28c
                0x00800078                PROVIDE (__bss_start, .)
 *(.bss)
 .bss           0x00800078        0x0 c:/winavr-20090313/bin/../lib/gcc/avr/4.3.2/../../../../avr/lib/avr4/crtm8.o
 .bss           0x00800078      0x25e main.o
                0x00800078                y
 .bss           0x008002d6        0xe ip_arp_udp_tcp.o
 .bss           0x008002e4        0x3 enc28j60.o
 .bss           0x008002e7        0x0 1w.o
 .bss           0x008002e7        0x0 c:/winavr-20090313/bin/../lib/gcc/avr/4.3.2/avr4\libgcc.a(_prologue.o)
 .bss           0x008002e7        0x0 c:/winavr-20090313/bin/../lib/gcc/avr/4.3.2/avr4\libgcc.a(_epilogue.o)
 .bss           0x008002e7        0x0 c:/winavr-20090313/bin/../lib/gcc/avr/4.3.2/avr4\libgcc.a(_exit.o)
 .bss           0x008002e7        0x0 c:/winavr-20090313/bin/../lib/gcc/avr/4.3.2/avr4\libgcc.a(_copy_data.o)
 .bss           0x008002e7        0x0 c:/winavr-20090313/bin/../lib/gcc/avr/4.3.2/avr4\libgcc.a(_clear_bss.o)
 .bss           0x008002e7        0x0 c:/winavr-20090313/bin/../lib/gcc/avr/4.3.2/../../../../avr/lib/avr4\libc.a(strncmp.o)
 .bss           0x008002e7        0x0 c:/winavr-20090313/bin/../lib/gcc/avr/4.3.2/../../../../avr/lib/avr4\libc.a(itoa.o)
 .bss           0x008002e7        0x0 c:/winavr-20090313/bin/../lib/gcc/avr/4.3.2/../../../../avr/lib/avr4\libc.a(strrev.o)
 .bss           0x008002e7        0x0 c:/winavr-20090313/bin/../lib/gcc/avr/4.3.2/avr4\libgcc.a(_udivmodhi4.o)
 *(.bss*)
 *(COMMON)
 COMMON         0x008002e7       0x1d main.o
                0x008002e7                t
                0x008002e9                termus
                0x008002eb                temp
                0x008002ed                buf_ware
                0x008002f6                i
                0x008002f7                tt
                0x008002f9                count
                0x008002fa                result
                0x008002fb                rr
                0x00800304                PROVIDE (__bss_end, .)
                0x00001166                __data_load_start = LOADADDR (.data)
                0x0000117e                __data_load_end = (__data_load_start + SIZEOF (.data))

.noinit         0x00800304        0x0
                0x00800304                PROVIDE (__noinit_start, .)
 *(.noinit*)
                0x00800304                PROVIDE (__noinit_end, .)
                0x00800304                _end = .
                0x00800304                PROVIDE (__heap_start, .)

.eeprom         0x00810000        0x4
 *(.eeprom*)
 .eeprom        0x00810000        0x4 main.o
                0x00810000                myip
                0x00810004                __eeprom_end = .

.fuse
 *(.fuse)
 *(.lfuse)
 *(.hfuse)
 *(.efuse)

.lock
 *(.lock*)

.signature
 *(.signature*)

.stab
 *(.stab)

.stabstr
 *(.stabstr)

.stab.excl
 *(.stab.excl)

.stab.exclstr
 *(.stab.exclstr)

.stab.index
 *(.stab.index)

.stab.indexstr
 *(.stab.indexstr)

.comment
 *(.comment)

.debug
 *(.debug)

.line
 *(.line)

.debug_srcinfo
 *(.debug_srcinfo)

.debug_sfnames
 *(.debug_sfnames)

.debug_aranges  0x00000000       0x80
 *(.debug_aranges)
 .debug_aranges
                0x00000000       0x20 main.o
 .debug_aranges
                0x00000020       0x20 ip_arp_udp_tcp.o
 .debug_aranges
                0x00000040       0x20 enc28j60.o
 .debug_aranges
                0x00000060       0x20 1w.o

.debug_pubnames
                0x00000000      0x3f5
 *(.debug_pubnames)
 .debug_pubnames
                0x00000000       0xa2 main.o
 .debug_pubnames
                0x000000a2      0x19a ip_arp_udp_tcp.o
 .debug_pubnames
                0x0000023c      0x159 enc28j60.o
 .debug_pubnames
                0x00000395       0x60 1w.o

.debug_info     0x00000000     0x1867
 *(.debug_info)
 .debug_info    0x00000000      0x4eb main.o
 .debug_info    0x000004eb      0x65f ip_arp_udp_tcp.o
 .debug_info    0x00000b4a      0x6b1 enc28j60.o
 .debug_info    0x000011fb      0x66c 1w.o
 *(.gnu.linkonce.wi.*)

.debug_abbrev   0x00000000      0x77e
 *(.debug_abbrev)
 .debug_abbrev  0x00000000      0x19e main.o
 .debug_abbrev  0x0000019e      0x223 ip_arp_udp_tcp.o
 .debug_abbrev  0x000003c1      0x21f enc28j60.o
 .debug_abbrev  0x000005e0      0x19e 1w.o

.debug_line     0x00000000     0x15a5
 *(.debug_line)
 .debug_line    0x00000000      0x393 main.o
 .debug_line    0x00000393      0x6a0 ip_arp_udp_tcp.o
 .debug_line    0x00000a33      0x889 enc28j60.o
 .debug_line    0x000012bc      0x2e9 1w.o

.debug_frame    0x00000000      0x2d0
 *(.debug_frame)
 .debug_frame   0x00000000       0x40 main.o
 .debug_frame   0x00000040      0x120 ip_arp_udp_tcp.o
 .debug_frame   0x00000160      0x110 enc28j60.o
 .debug_frame   0x00000270       0x60 1w.o

.debug_str      0x00000000      0x4a5
 *(.debug_str)
 .debug_str     0x00000000      0x13a main.o
                                0x188 (size before relaxing)
 .debug_str     0x0000013a      0x1d2 ip_arp_udp_tcp.o
                                0x29c (size before relaxing)
 .debug_str     0x0000030c      0x15a enc28j60.o
                                0x24f (size before relaxing)
 .debug_str     0x00000466       0x3f 1w.o
                                0x147 (size before relaxing)

.debug_loc      0x00000000      0xa7a
 *(.debug_loc)
 .debug_loc     0x00000000      0x1cc main.o
 .debug_loc     0x000001cc      0x437 ip_arp_udp_tcp.o
 .debug_loc     0x00000603      0x333 enc28j60.o
 .debug_loc     0x00000936      0x144 1w.o

.debug_macinfo
 *(.debug_macinfo)
OUTPUT(Ethernet.out elf32-avr)
LOAD linker stubs

.debug_ranges   0x00000000      0x198
 .debug_ranges  0x00000000       0x48 enc28j60.o
 .debug_ranges  0x00000048      0x150 1w.o
