Archive member included because of file (symbol)

c:/program files/winavr/bin/../lib/gcc/avr/4.2.2/avr5\libgcc.a(_exit.o)
                              c:/program files/winavr/bin/../lib/gcc/avr/4.2.2/../../../../avr/lib/avr5/crtm16.o (exit)
c:/program files/winavr/bin/../lib/gcc/avr/4.2.2/avr5\libgcc.a(_copy_data.o)
                              counter.o (__do_copy_data)
c:/program files/winavr/bin/../lib/gcc/avr/4.2.2/avr5\libgcc.a(_clear_bss.o)
                              counter.o (__do_clear_bss)
c:/program files/winavr/bin/../lib/gcc/avr/4.2.2/../../../../avr/lib/avr5\libc.a(atoi.o)
                              web_if.o (atoi)
c:/program files/winavr/bin/../lib/gcc/avr/4.2.2/../../../../avr/lib/avr5\libc.a(memcmp_P.o)
                              web_if.o (memcmp_P)
c:/program files/winavr/bin/../lib/gcc/avr/4.2.2/../../../../avr/lib/avr5\libc.a(strcmp_P.o)
                              web_if.o (strcmp_P)
c:/program files/winavr/bin/../lib/gcc/avr/4.2.2/../../../../avr/lib/avr5\libc.a(memset.o)
                              lan.o (memset)
c:/program files/winavr/bin/../lib/gcc/avr/4.2.2/../../../../avr/lib/avr5\libc.a(strchr.o)
                              web_if.o (strchr)
c:/program files/winavr/bin/../lib/gcc/avr/4.2.2/../../../../avr/lib/avr5\libc.a(itoa.o)
                              web_if.o (itoa)
c:/program files/winavr/bin/../lib/gcc/avr/4.2.2/../../../../avr/lib/avr5\libc.a(mul10.o)
                              c:/program files/winavr/bin/../lib/gcc/avr/4.2.2/../../../../avr/lib/avr5\libc.a(atoi.o) (__mulhi_const_10)
c:/program files/winavr/bin/../lib/gcc/avr/4.2.2/../../../../avr/lib/avr5\libc.a(strrev.o)
                              c:/program files/winavr/bin/../lib/gcc/avr/4.2.2/../../../../avr/lib/avr5\libc.a(itoa.o) (strrev)
c:/program files/winavr/bin/../lib/gcc/avr/4.2.2/avr5\libgcc.a(_udivmodhi4.o)
                              c:/program files/winavr/bin/../lib/gcc/avr/4.2.2/../../../../avr/lib/avr5\libc.a(itoa.o) (__udivmodhi4)

Allocating common symbols
Common symbol       size              file

ms_count            0x2               counter.o
second_count        0x4               counter.o
net_buf             0x200             lan.o
tick_count          0x4               counter.o
led_brightness      0x1               web_if.o
tcp_pool            0x16              lan.o
dhcp_status         0x1               lan.o
tcp_use_resend      0x1               lan.o

Memory Configuration

Name             Origin             Length             Attributes
text             0x00000000         0x00020000         xr
data             0x00800060         0x0000ffa0         rw !x
eeprom           0x00810000         0x00010000         rw !x
fuse             0x00820000         0x00000400         rw !x
lock             0x00830000         0x00000400         rw !x
signature        0x00840000         0x00000400         rw !x
*default*        0x00000000         0xffffffff

Linker script and memory map

LOAD c:/program files/winavr/bin/../lib/gcc/avr/4.2.2/../../../../avr/lib/avr5/crtm16.o
LOAD counter.o
LOAD ds1820.o
LOAD enc28j60.o
LOAD lan.o
LOAD main.o
LOAD web_if.o
LOAD c:/program files/winavr/bin/../lib/gcc/avr/4.2.2/avr5\libgcc.a
LOAD c:/program files/winavr/bin/../lib/gcc/avr/4.2.2/../../../../avr/lib/avr5\libc.a
LOAD c:/program files/winavr/bin/../lib/gcc/avr/4.2.2/avr5\libgcc.a

.hash
 *(.hash)

.dynsym
 *(.dynsym)

.dynstr
 *(.dynstr)

.gnu.version
 *(.gnu.version)

.gnu.version_d
 *(.gnu.version_d)

.gnu.version_r
 *(.gnu.version_r)

.rel.init
 *(.rel.init)

.rela.init
 *(.rela.init)

.rel.text
 *(.rel.text)
 *(.rel.text.*)
 *(.rel.gnu.linkonce.t*)

.rela.text
 *(.rela.text)
 *(.rela.text.*)
 *(.rela.gnu.linkonce.t*)

.rel.fini
 *(.rel.fini)

.rela.fini
 *(.rela.fini)

.rel.rodata
 *(.rel.rodata)
 *(.rel.rodata.*)
 *(.rel.gnu.linkonce.r*)

.rela.rodata
 *(.rela.rodata)
 *(.rela.rodata.*)
 *(.rela.gnu.linkonce.r*)

.rel.data
 *(.rel.data)
 *(.rel.data.*)
 *(.rel.gnu.linkonce.d*)

.rela.data
 *(.rela.data)
 *(.rela.data.*)
 *(.rela.gnu.linkonce.d*)

.rel.ctors
 *(.rel.ctors)

.rela.ctors
 *(.rela.ctors)

.rel.dtors
 *(.rel.dtors)

.rela.dtors
 *(.rela.dtors)

.rel.got
 *(.rel.got)

.rela.got
 *(.rela.got)

.rel.bss
 *(.rel.bss)

.rela.bss
 *(.rela.bss)

.rel.plt
 *(.rel.plt)

.rela.plt
 *(.rela.plt)

.text           0x00000000     0x2370
 *(.vectors)
 .vectors       0x00000000       0x54 c:/program files/winavr/bin/../lib/gcc/avr/4.2.2/../../../../avr/lib/avr5/crtm16.o
                0x00000000                __vectors
                0x00000000                __vector_default
 *(.vectors)
 *(.progmem.gcc*)
 *(.progmem*)
 .progmem.data  0x00000054      0x1d6 web_if.o
                0x00000054                webif_404_reply
                0x000000e8                webif_200_header
                0x0000022a                . = ALIGN (0x2)
                0x0000022a                __trampolines_start = .
 *(.trampolines)
 .trampolines   0x0000022a        0x0 linker stubs
 *(.trampolines*)
                0x0000022a                __trampolines_end = .
 *(.jumptables)
 *(.jumptables*)
 *(.lowtext)
 *(.lowtext*)
                0x0000022a                __ctors_start = .
 *(.ctors)
                0x0000022a                __ctors_end = .
                0x0000022a                __dtors_start = .
 *(.dtors)
                0x0000022a                __dtors_end = .
 SORT(*)(.ctors)
 SORT(*)(.dtors)
 *(.init0)
 .init0         0x0000022a        0x0 c:/program files/winavr/bin/../lib/gcc/avr/4.2.2/../../../../avr/lib/avr5/crtm16.o
                0x0000022a                __init
 *(.init0)
 *(.init1)
 *(.init1)
 *(.init2)
 .init2         0x0000022a        0xc c:/program files/winavr/bin/../lib/gcc/avr/4.2.2/../../../../avr/lib/avr5/crtm16.o
 *(.init2)
 *(.init3)
 *(.init3)
 *(.init4)
 .init4         0x00000236       0x16 c:/program files/winavr/bin/../lib/gcc/avr/4.2.2/avr5\libgcc.a(_copy_data.o)
                0x00000236                __do_copy_data
 .init4         0x0000024c       0x10 c:/program files/winavr/bin/../lib/gcc/avr/4.2.2/avr5\libgcc.a(_clear_bss.o)
                0x0000024c                __do_clear_bss
 *(.init4)
 *(.init5)
 *(.init5)
 *(.init6)
 *(.init6)
 *(.init7)
 *(.init7)
 *(.init8)
 *(.init8)
 *(.init9)
 .init9         0x0000025c        0x8 c:/program files/winavr/bin/../lib/gcc/avr/4.2.2/../../../../avr/lib/avr5/crtm16.o
 *(.init9)
 *(.text)
 .text          0x00000264        0x4 c:/program files/winavr/bin/../lib/gcc/avr/4.2.2/../../../../avr/lib/avr5/crtm16.o
                0x00000264                __vector_1
                0x00000264                __vector_12
                0x00000264                __bad_interrupt
                0x00000264                __vector_6
                0x00000264                __vector_11
                0x00000264                __vector_13
                0x00000264                __vector_17
                0x00000264                __vector_19
                0x00000264                __vector_7
                0x00000264                __vector_5
                0x00000264                __vector_4
                0x00000264                __vector_9
                0x00000264                __vector_2
                0x00000264                __vector_15
                0x00000264                __vector_8
                0x00000264                __vector_14
                0x00000264                __vector_10
                0x00000264                __vector_16
                0x00000264                __vector_18
                0x00000264                __vector_20
 .text          0x00000268       0xaa counter.o
                0x00000268                __vector_3
                0x00000302                counter_init
 .text          0x00000312      0x190 ds1820.o
                0x000003e0                ds1820_start
                0x000003fa                ds1820_read
                0x000003ae                owi_crc
                0x00000312                owi_write
                0x00000382                owi_reset
                0x00000350                owi_read
 .text          0x000004a2      0x434 enc28j60.o
                0x00000512                enc28j60_set_bank
                0x000007a2                enc28j60_send_packet
                0x000006c0                enc28j60_init
                0x0000061a                enc28j60_read_buffer
                0x000004dc                enc28j60_write_op
                0x00000670                enc28j60_read_phy
                0x0000081a                enc28j60_recv_packet
                0x0000054c                enc28j60_rcr
                0x000005b2                enc28j60_wcr16
                0x000005fe                enc28j60_bfs
                0x000004a2                enc28j60_rxtx
                0x000005e2                enc28j60_bfc
                0x00000596                enc28j60_wcr
                0x000004f6                enc28j60_soft_reset
                0x00000646                enc28j60_write_buffer
                0x0000069a                enc28j60_write_phy
                0x000004ae                enc28j60_read_op
                0x00000562                enc28j60_rcr16
 .text          0x000008d6     0x166e lan.o
                0x00000e66                tcp_reply
                0x00001736                dhcp_poll
                0x00000d18                icmp_filter
                0x000008d6                tcp_step
                0x00000b4a                arp_filter
                0x00000d48                udp_reply
                0x00001a60                udp_filter
                0x00000ac8                lan_up
                0x00001afc                tcp_filter
                0x0000120a                dhcp_filter
                0x00001f16                lan_poll
                0x00000c82                ip_reply
                0x00000a44                arp_search_cache
                0x00000f1a                tcp_send
                0x000015f2                tcp_open
                0x00000dfa                eth_resend
                0x00000aec                lan_init
                0x0000102e                ip_send
                0x00001180                udp_send
                0x000009b8                ip_cksum
                0x00000f62                arp_resolve
                0x00000b1c                eth_reply
                0x00001e0e                ip_filter
                0x00001a9a                tcp_poll
                0x00000e04                ip_resend
                0x00000dde                eth_send
                0x00001ee6                eth_filter
 .text          0x00001f44       0x68 main.o
                0x00001fa6                tcp_data
                0x00001f46                tcp_listen
                0x00001f6a                tcp_opened
                0x00001f44                udp_packet
                0x00001f6e                main
                0x00001f6c                tcp_closed
 .text          0x00001fac      0x29c web_if.o
                0x00001fcc                fill_buf
                0x00001ffa                webif_data
                0x00001fee                webif_init
                0x00001fac                fill_buf_p
 .text          0x00002248        0x0 c:/program files/winavr/bin/../lib/gcc/avr/4.2.2/avr5\libgcc.a(_exit.o)
 .text          0x00002248        0x0 c:/program files/winavr/bin/../lib/gcc/avr/4.2.2/avr5\libgcc.a(_copy_data.o)
 .text          0x00002248        0x0 c:/program files/winavr/bin/../lib/gcc/avr/4.2.2/avr5\libgcc.a(_clear_bss.o)
 .text          0x00002248       0x3c c:/program files/winavr/bin/../lib/gcc/avr/4.2.2/../../../../avr/lib/avr5\libc.a(atoi.o)
                0x00002248                atoi
 .text          0x00002284       0x1a c:/program files/winavr/bin/../lib/gcc/avr/4.2.2/../../../../avr/lib/avr5\libc.a(memcmp_P.o)
                0x00002284                memcmp_P
 .text          0x0000229e       0x12 c:/program files/winavr/bin/../lib/gcc/avr/4.2.2/../../../../avr/lib/avr5\libc.a(strcmp_P.o)
                0x0000229e                strcmp_P
 .text          0x000022b0        0xe c:/program files/winavr/bin/../lib/gcc/avr/4.2.2/../../../../avr/lib/avr5\libc.a(memset.o)
                0x000022b0                memset
 .text          0x000022be       0x16 c:/program files/winavr/bin/../lib/gcc/avr/4.2.2/../../../../avr/lib/avr5\libc.a(strchr.o)
                0x000022be                strchr
 .text          0x000022d4       0x42 c:/program files/winavr/bin/../lib/gcc/avr/4.2.2/../../../../avr/lib/avr5\libc.a(itoa.o)
                0x000022d4                itoa
 .text          0x00002316       0x10 c:/program files/winavr/bin/../lib/gcc/avr/4.2.2/../../../../avr/lib/avr5\libc.a(mul10.o)
                0x00002316                __mulhi_const_10
 .text          0x00002326       0x20 c:/program files/winavr/bin/../lib/gcc/avr/4.2.2/../../../../avr/lib/avr5\libc.a(strrev.o)
                0x00002326                strrev
 .text          0x00002346        0x0 c:/program files/winavr/bin/../lib/gcc/avr/4.2.2/avr5\libgcc.a(_udivmodhi4.o)
                0x00002346                . = ALIGN (0x2)
 *(.text.*)
 .text.libgcc   0x00002346        0x0 c:/program files/winavr/bin/../lib/gcc/avr/4.2.2/avr5\libgcc.a(_exit.o)
 .text.libgcc   0x00002346        0x0 c:/program files/winavr/bin/../lib/gcc/avr/4.2.2/avr5\libgcc.a(_copy_data.o)
 .text.libgcc   0x00002346        0x0 c:/program files/winavr/bin/../lib/gcc/avr/4.2.2/avr5\libgcc.a(_clear_bss.o)
 .text.libgcc   0x00002346       0x28 c:/program files/winavr/bin/../lib/gcc/avr/4.2.2/avr5\libgcc.a(_udivmodhi4.o)
                0x00002346                __udivmodhi4
                0x0000236e                . = ALIGN (0x2)
 *(.fini9)
 .fini9         0x0000236e        0x0 c:/program files/winavr/bin/../lib/gcc/avr/4.2.2/avr5\libgcc.a(_exit.o)
                0x0000236e                exit
                0x0000236e                _exit
 *(.fini9)
 *(.fini8)
 *(.fini8)
 *(.fini7)
 *(.fini7)
 *(.fini6)
 *(.fini6)
 *(.fini5)
 *(.fini5)
 *(.fini4)
 *(.fini4)
 *(.fini3)
 *(.fini3)
 *(.fini2)
 *(.fini2)
 *(.fini1)
 *(.fini1)
 *(.fini0)
 .fini0         0x0000236e        0x2 c:/program files/winavr/bin/../lib/gcc/avr/4.2.2/avr5\libgcc.a(_exit.o)
 *(.fini0)
                0x00002370                _etext = .

.data           0x00800060        0x8 load address 0x00002370
                0x00800060                PROVIDE (__data_start, .)
 *(.data)
 .data          0x00800060        0x0 c:/program files/winavr/bin/../lib/gcc/avr/4.2.2/../../../../avr/lib/avr5/crtm16.o
 .data          0x00800060        0x0 counter.o
 .data          0x00800060        0x0 ds1820.o
 .data          0x00800060        0x2 enc28j60.o
 .data          0x00800062        0x6 lan.o
 .data          0x00800068        0x0 main.o
 .data          0x00800068        0x0 web_if.o
 .data          0x00800068        0x0 c:/program files/winavr/bin/../lib/gcc/avr/4.2.2/avr5\libgcc.a(_exit.o)
 .data          0x00800068        0x0 c:/program files/winavr/bin/../lib/gcc/avr/4.2.2/avr5\libgcc.a(_copy_data.o)
 .data          0x00800068        0x0 c:/program files/winavr/bin/../lib/gcc/avr/4.2.2/avr5\libgcc.a(_clear_bss.o)
 .data          0x00800068        0x0 c:/program files/winavr/bin/../lib/gcc/avr/4.2.2/../../../../avr/lib/avr5\libc.a(atoi.o)
 .data          0x00800068        0x0 c:/program files/winavr/bin/../lib/gcc/avr/4.2.2/../../../../avr/lib/avr5\libc.a(memcmp_P.o)
 .data          0x00800068        0x0 c:/program files/winavr/bin/../lib/gcc/avr/4.2.2/../../../../avr/lib/avr5\libc.a(strcmp_P.o)
 .data          0x00800068        0x0 c:/program files/winavr/bin/../lib/gcc/avr/4.2.2/../../../../avr/lib/avr5\libc.a(memset.o)
 .data          0x00800068        0x0 c:/program files/winavr/bin/../lib/gcc/avr/4.2.2/../../../../avr/lib/avr5\libc.a(strchr.o)
 .data          0x00800068        0x0 c:/program files/winavr/bin/../lib/gcc/avr/4.2.2/../../../../avr/lib/avr5\libc.a(itoa.o)
 .data          0x00800068        0x0 c:/program files/winavr/bin/../lib/gcc/avr/4.2.2/../../../../avr/lib/avr5\libc.a(mul10.o)
 .data          0x00800068        0x0 c:/program files/winavr/bin/../lib/gcc/avr/4.2.2/../../../../avr/lib/avr5\libc.a(strrev.o)
 .data          0x00800068        0x0 c:/program files/winavr/bin/../lib/gcc/avr/4.2.2/avr5\libgcc.a(_udivmodhi4.o)
 *(.data*)
 *(.rodata)
 *(.rodata*)
 *(.gnu.linkonce.d*)
                0x00800068                . = ALIGN (0x2)
                0x00800068                _edata = .
                0x00800068                PROVIDE (__data_end, .)

.bss            0x00800068      0x261 load address 0x00002378
                0x00800068                PROVIDE (__bss_start, .)
 *(.bss)
 .bss           0x00800068        0x0 c:/program files/winavr/bin/../lib/gcc/avr/4.2.2/../../../../avr/lib/avr5/crtm16.o
 .bss           0x00800068        0x0 counter.o
 .bss           0x00800068        0x0 ds1820.o
 .bss           0x00800068        0x3 enc28j60.o
                0x00800069                enc28j60_rxrdpt
                0x00800068                enc28j60_current_bank
 .bss           0x0080006b       0x3b lan.o
 .bss           0x008000a6        0x0 main.o
 .bss           0x008000a6        0x0 web_if.o
 .bss           0x008000a6        0x0 c:/program files/winavr/bin/../lib/gcc/avr/4.2.2/avr5\libgcc.a(_exit.o)
 .bss           0x008000a6        0x0 c:/program files/winavr/bin/../lib/gcc/avr/4.2.2/avr5\libgcc.a(_copy_data.o)
 .bss           0x008000a6        0x0 c:/program files/winavr/bin/../lib/gcc/avr/4.2.2/avr5\libgcc.a(_clear_bss.o)
 .bss           0x008000a6        0x0 c:/program files/winavr/bin/../lib/gcc/avr/4.2.2/../../../../avr/lib/avr5\libc.a(atoi.o)
 .bss           0x008000a6        0x0 c:/program files/winavr/bin/../lib/gcc/avr/4.2.2/../../../../avr/lib/avr5\libc.a(memcmp_P.o)
 .bss           0x008000a6        0x0 c:/program files/winavr/bin/../lib/gcc/avr/4.2.2/../../../../avr/lib/avr5\libc.a(strcmp_P.o)
 .bss           0x008000a6        0x0 c:/program files/winavr/bin/../lib/gcc/avr/4.2.2/../../../../avr/lib/avr5\libc.a(memset.o)
 .bss           0x008000a6        0x0 c:/program files/winavr/bin/../lib/gcc/avr/4.2.2/../../../../avr/lib/avr5\libc.a(strchr.o)
 .bss           0x008000a6        0x0 c:/program files/winavr/bin/../lib/gcc/avr/4.2.2/../../../../avr/lib/avr5\libc.a(itoa.o)
 .bss           0x008000a6        0x0 c:/program files/winavr/bin/../lib/gcc/avr/4.2.2/../../../../avr/lib/avr5\libc.a(mul10.o)
 .bss           0x008000a6        0x0 c:/program files/winavr/bin/../lib/gcc/avr/4.2.2/../../../../avr/lib/avr5\libc.a(strrev.o)
 .bss           0x008000a6        0x0 c:/program files/winavr/bin/../lib/gcc/avr/4.2.2/avr5\libgcc.a(_udivmodhi4.o)
 *(.bss*)
 *(COMMON)
 COMMON         0x008000a6        0xa counter.o
                0x008000a6                ms_count
                0x008000a8                second_count
                0x008000ac                tick_count
 COMMON         0x008000b0      0x218 lan.o
                0x008000b0                net_buf
                0x008002b0                tcp_pool
                0x008002c6                dhcp_status
                0x008002c7                tcp_use_resend
 COMMON         0x008002c8        0x1 web_if.o
                0x008002c8                led_brightness
                0x008002c9                PROVIDE (__bss_end, .)
                0x00002370                __data_load_start = LOADADDR (.data)
                0x00002378                __data_load_end = (__data_load_start + SIZEOF (.data))

.noinit         0x008002c9        0x0
                0x008002c9                PROVIDE (__noinit_start, .)
 *(.noinit*)
                0x008002c9                PROVIDE (__noinit_end, .)
                0x008002c9                _end = .
                0x008002c9                PROVIDE (__heap_start, .)

.eeprom         0x00810000        0x0
 *(.eeprom*)
                0x00810000                __eeprom_end = .

.fuse
 *(.fuse)
 *(.lfuse)
 *(.hfuse)
 *(.efuse)

.lock
 *(.lock*)

.signature
 *(.signature*)

.stab           0x00000000      0x378
 *(.stab)
 .stab          0x00000000      0x378 c:/program files/winavr/bin/../lib/gcc/avr/4.2.2/../../../../avr/lib/avr5/crtm16.o

.stabstr        0x00000000       0x5f
 *(.stabstr)
 .stabstr       0x00000000       0x5f c:/program files/winavr/bin/../lib/gcc/avr/4.2.2/../../../../avr/lib/avr5/crtm16.o

.stab.excl
 *(.stab.excl)

.stab.exclstr
 *(.stab.exclstr)

.stab.index
 *(.stab.index)

.stab.indexstr
 *(.stab.indexstr)

.comment
 *(.comment)

.debug
 *(.debug)

.line
 *(.line)

.debug_srcinfo
 *(.debug_srcinfo)

.debug_sfnames
 *(.debug_sfnames)

.debug_aranges  0x00000000       0xc0
 *(.debug_aranges)
 .debug_aranges
                0x00000000       0x20 counter.o
 .debug_aranges
                0x00000020       0x20 ds1820.o
 .debug_aranges
                0x00000040       0x20 enc28j60.o
 .debug_aranges
                0x00000060       0x20 lan.o
 .debug_aranges
                0x00000080       0x20 main.o
 .debug_aranges
                0x000000a0       0x20 web_if.o

.debug_pubnames
                0x00000000      0x537
 *(.debug_pubnames)
 .debug_pubnames
                0x00000000       0x5f counter.o
 .debug_pubnames
                0x0000005f       0x68 ds1820.o
 .debug_pubnames
                0x000000c7      0x1b9 enc28j60.o
 .debug_pubnames
                0x00000280      0x1cb lan.o
 .debug_pubnames
                0x0000044b       0x64 main.o
 .debug_pubnames
                0x000004af       0x88 web_if.o

.debug_info     0x00000000     0x29f0
 *(.debug_info)
 .debug_info    0x00000000       0xd1 counter.o
 .debug_info    0x000000d1      0x64a ds1820.o
 .debug_info    0x0000071b      0x608 enc28j60.o
 .debug_info    0x00000d23     0x1145 lan.o
 .debug_info    0x00001e68      0x472 main.o
 .debug_info    0x000022da      0x716 web_if.o
 *(.gnu.linkonce.wi.*)

.debug_abbrev   0x00000000      0x8e6
 *(.debug_abbrev)
 .debug_abbrev  0x00000000       0x70 counter.o
 .debug_abbrev  0x00000070      0x18e ds1820.o
 .debug_abbrev  0x000001fe      0x19a enc28j60.o
 .debug_abbrev  0x00000398      0x264 lan.o
 .debug_abbrev  0x000005fc      0x19c main.o
 .debug_abbrev  0x00000798      0x14e web_if.o

.debug_line     0x00000000     0x1af3
 *(.debug_line)
 .debug_line    0x00000000       0xd8 counter.o
 .debug_line    0x000000d8      0x330 ds1820.o
 .debug_line    0x00000408      0x5a9 enc28j60.o
 .debug_line    0x000009b1      0xd28 lan.o
 .debug_line    0x000016d9      0x1a7 main.o
 .debug_line    0x00001880      0x273 web_if.o

.debug_frame    0x00000000      0x450
 *(.debug_frame)
 .debug_frame   0x00000000       0x30 counter.o
 .debug_frame   0x00000030       0x70 ds1820.o
 .debug_frame   0x000000a0      0x130 enc28j60.o
 .debug_frame   0x000001d0      0x1c0 lan.o
 .debug_frame   0x00000390       0x70 main.o
 .debug_frame   0x00000400       0x50 web_if.o

.debug_str      0x00000000      0x9a3
 *(.debug_str)
 .debug_str     0x00000000      0x103 counter.o
                                0x137 (size before relaxing)
 .debug_str     0x00000103       0xb1 ds1820.o
                                0x1a5 (size before relaxing)
 .debug_str     0x000001b4      0x17e enc28j60.o
                                0x2be (size before relaxing)
 .debug_str     0x00000332      0x58f lan.o
                                0x707 (size before relaxing)
 .debug_str     0x000008c1       0x41 main.o
                                0x279 (size before relaxing)
 .debug_str     0x00000902       0xa1 web_if.o
                                0x293 (size before relaxing)

.debug_loc      0x00000000     0x1657
 *(.debug_loc)
 .debug_loc     0x00000000      0x19e ds1820.o
 .debug_loc     0x0000019e      0x3b9 enc28j60.o
 .debug_loc     0x00000557      0xd92 lan.o
 .debug_loc     0x000012e9       0xcc main.o
 .debug_loc     0x000013b5      0x2a2 web_if.o

.debug_macinfo
 *(.debug_macinfo)
OUTPUT(webif2.elf elf32-avr)
LOAD linker stubs

.debug_ranges   0x00000000       0x18
 .debug_ranges  0x00000000       0x18 enc28j60.o
