Archive member included because of file (symbol)

c:/program files/atmel/atmel studio 6.0/extensions/atmel/avrgcc/3.4.0.65/avrtoolchain/bin/../lib/gcc/avr/4.6.2/../../../../avr/lib/avr4\libm.a(fixsfsi.o)
                              sensors/ds1820.o (__fixsfsi)
c:/program files/atmel/atmel studio 6.0/extensions/atmel/avrgcc/3.4.0.65/avrtoolchain/bin/../lib/gcc/avr/4.6.2/../../../../avr/lib/avr4\libm.a(fixunssfsi.o)
                              c:/program files/atmel/atmel studio 6.0/extensions/atmel/avrgcc/3.4.0.65/avrtoolchain/bin/../lib/gcc/avr/4.6.2/../../../../avr/lib/avr4\libm.a(fixsfsi.o) (__fixunssfsi)
c:/program files/atmel/atmel studio 6.0/extensions/atmel/avrgcc/3.4.0.65/avrtoolchain/bin/../lib/gcc/avr/4.6.2/../../../../avr/lib/avr4\libm.a(floatsisf.o)
                              sensors/ds1820.o (__floatsisf)
c:/program files/atmel/atmel studio 6.0/extensions/atmel/avrgcc/3.4.0.65/avrtoolchain/bin/../lib/gcc/avr/4.6.2/../../../../avr/lib/avr4\libm.a(fp_split3.o)
                              c:/program files/atmel/atmel studio 6.0/extensions/atmel/avrgcc/3.4.0.65/avrtoolchain/bin/../lib/gcc/avr/4.6.2/../../../../avr/lib/avr4\libm.a(fixunssfsi.o) (__fp_splitA)
c:/program files/atmel/atmel studio 6.0/extensions/atmel/avrgcc/3.4.0.65/avrtoolchain/bin/../lib/gcc/avr/4.6.2/../../../../avr/lib/avr4\libm.a(fp_zero.o)
                              c:/program files/atmel/atmel studio 6.0/extensions/atmel/avrgcc/3.4.0.65/avrtoolchain/bin/../lib/gcc/avr/4.6.2/../../../../avr/lib/avr4\libm.a(fixunssfsi.o) (__fp_zero)
c:/program files/atmel/atmel studio 6.0/extensions/atmel/avrgcc/3.4.0.65/avrtoolchain/bin/../lib/gcc/avr/4.6.2/../../../../avr/lib/avr4\libm.a(mulsf3.o)
                              sensors/ds1820.o (__mulsf3)
c:/program files/atmel/atmel studio 6.0/extensions/atmel/avrgcc/3.4.0.65/avrtoolchain/bin/../lib/gcc/avr/4.6.2/../../../../avr/lib/avr4\libm.a(mulsf3x.o)
                              c:/program files/atmel/atmel studio 6.0/extensions/atmel/avrgcc/3.4.0.65/avrtoolchain/bin/../lib/gcc/avr/4.6.2/../../../../avr/lib/avr4\libm.a(mulsf3.o) (__mulsf3x)
c:/program files/atmel/atmel studio 6.0/extensions/atmel/avrgcc/3.4.0.65/avrtoolchain/bin/../lib/gcc/avr/4.6.2/../../../../avr/lib/avr4\libm.a(fp_inf.o)
                              c:/program files/atmel/atmel studio 6.0/extensions/atmel/avrgcc/3.4.0.65/avrtoolchain/bin/../lib/gcc/avr/4.6.2/../../../../avr/lib/avr4\libm.a(mulsf3x.o) (__fp_inf)
c:/program files/atmel/atmel studio 6.0/extensions/atmel/avrgcc/3.4.0.65/avrtoolchain/bin/../lib/gcc/avr/4.6.2/../../../../avr/lib/avr4\libm.a(fp_nan.o)
                              c:/program files/atmel/atmel studio 6.0/extensions/atmel/avrgcc/3.4.0.65/avrtoolchain/bin/../lib/gcc/avr/4.6.2/../../../../avr/lib/avr4\libm.a(mulsf3x.o) (__fp_nan)
c:/program files/atmel/atmel studio 6.0/extensions/atmel/avrgcc/3.4.0.65/avrtoolchain/bin/../lib/gcc/avr/4.6.2/../../../../avr/lib/avr4\libm.a(fp_pscA.o)
                              c:/program files/atmel/atmel studio 6.0/extensions/atmel/avrgcc/3.4.0.65/avrtoolchain/bin/../lib/gcc/avr/4.6.2/../../../../avr/lib/avr4\libm.a(mulsf3x.o) (__fp_pscA)
c:/program files/atmel/atmel studio 6.0/extensions/atmel/avrgcc/3.4.0.65/avrtoolchain/bin/../lib/gcc/avr/4.6.2/../../../../avr/lib/avr4\libm.a(fp_pscB.o)
                              c:/program files/atmel/atmel studio 6.0/extensions/atmel/avrgcc/3.4.0.65/avrtoolchain/bin/../lib/gcc/avr/4.6.2/../../../../avr/lib/avr4\libm.a(mulsf3x.o) (__fp_pscB)
c:/program files/atmel/atmel studio 6.0/extensions/atmel/avrgcc/3.4.0.65/avrtoolchain/bin/../lib/gcc/avr/4.6.2/../../../../avr/lib/avr4\libm.a(fp_round.o)
                              c:/program files/atmel/atmel studio 6.0/extensions/atmel/avrgcc/3.4.0.65/avrtoolchain/bin/../lib/gcc/avr/4.6.2/../../../../avr/lib/avr4\libm.a(mulsf3.o) (__fp_round)
c:/program files/atmel/atmel studio 6.0/extensions/atmel/avrgcc/3.4.0.65/avrtoolchain/bin/../lib/gcc/avr/4.6.2/avr4\libgcc.a(_exit.o)
                              c:/program files/atmel/atmel studio 6.0/extensions/atmel/avrgcc/3.4.0.65/avrtoolchain/bin/../lib/gcc/avr/4.6.2/../../../../avr/lib/avr4/crtm8.o (exit)
c:/program files/atmel/atmel studio 6.0/extensions/atmel/avrgcc/3.4.0.65/avrtoolchain/bin/../lib/gcc/avr/4.6.2/avr4\libgcc.a(_copy_data.o)
                              GMD.o (__do_copy_data)
c:/program files/atmel/atmel studio 6.0/extensions/atmel/avrgcc/3.4.0.65/avrtoolchain/bin/../lib/gcc/avr/4.6.2/avr4\libgcc.a(_clear_bss.o)
                              GMD.o (__do_clear_bss)
c:/program files/atmel/atmel studio 6.0/extensions/atmel/avrgcc/3.4.0.65/avrtoolchain/bin/../lib/gcc/avr/4.6.2/../../../../avr/lib/avr4\libc.a(strncmp.o)
                              GMD.o (strncmp)
c:/program files/atmel/atmel studio 6.0/extensions/atmel/avrgcc/3.4.0.65/avrtoolchain/bin/../lib/gcc/avr/4.6.2/../../../../avr/lib/avr4\libc.a(sprintf.o)
                              GMD.o (sprintf)
c:/program files/atmel/atmel studio 6.0/extensions/atmel/avrgcc/3.4.0.65/avrtoolchain/bin/../lib/gcc/avr/4.6.2/../../../../avr/lib/avr4\libc.a(vfprintf_std.o)
                              c:/program files/atmel/atmel studio 6.0/extensions/atmel/avrgcc/3.4.0.65/avrtoolchain/bin/../lib/gcc/avr/4.6.2/../../../../avr/lib/avr4\libc.a(sprintf.o) (vfprintf)
c:/program files/atmel/atmel studio 6.0/extensions/atmel/avrgcc/3.4.0.65/avrtoolchain/bin/../lib/gcc/avr/4.6.2/../../../../avr/lib/avr4\libc.a(strnlen_P.o)
                              c:/program files/atmel/atmel studio 6.0/extensions/atmel/avrgcc/3.4.0.65/avrtoolchain/bin/../lib/gcc/avr/4.6.2/../../../../avr/lib/avr4\libc.a(vfprintf_std.o) (strnlen_P)
c:/program files/atmel/atmel studio 6.0/extensions/atmel/avrgcc/3.4.0.65/avrtoolchain/bin/../lib/gcc/avr/4.6.2/../../../../avr/lib/avr4\libc.a(strnlen.o)
                              c:/program files/atmel/atmel studio 6.0/extensions/atmel/avrgcc/3.4.0.65/avrtoolchain/bin/../lib/gcc/avr/4.6.2/../../../../avr/lib/avr4\libc.a(vfprintf_std.o) (strnlen)
c:/program files/atmel/atmel studio 6.0/extensions/atmel/avrgcc/3.4.0.65/avrtoolchain/bin/../lib/gcc/avr/4.6.2/../../../../avr/lib/avr4\libc.a(fputc.o)
                              c:/program files/atmel/atmel studio 6.0/extensions/atmel/avrgcc/3.4.0.65/avrtoolchain/bin/../lib/gcc/avr/4.6.2/../../../../avr/lib/avr4\libc.a(vfprintf_std.o) (fputc)
c:/program files/atmel/atmel studio 6.0/extensions/atmel/avrgcc/3.4.0.65/avrtoolchain/bin/../lib/gcc/avr/4.6.2/../../../../avr/lib/avr4\libc.a(ultoa_invert.o)
                              c:/program files/atmel/atmel studio 6.0/extensions/atmel/avrgcc/3.4.0.65/avrtoolchain/bin/../lib/gcc/avr/4.6.2/../../../../avr/lib/avr4\libc.a(vfprintf_std.o) (__ultoa_invert)
c:/program files/atmel/atmel studio 6.0/extensions/atmel/avrgcc/3.4.0.65/avrtoolchain/bin/../lib/gcc/avr/4.6.2/avr4\libgcc.a(_prologue.o)
                              c:/program files/atmel/atmel studio 6.0/extensions/atmel/avrgcc/3.4.0.65/avrtoolchain/bin/../lib/gcc/avr/4.6.2/../../../../avr/lib/avr4\libc.a(sprintf.o) (__prologue_saves__)
c:/program files/atmel/atmel studio 6.0/extensions/atmel/avrgcc/3.4.0.65/avrtoolchain/bin/../lib/gcc/avr/4.6.2/avr4\libgcc.a(_epilogue.o)
                              c:/program files/atmel/atmel studio 6.0/extensions/atmel/avrgcc/3.4.0.65/avrtoolchain/bin/../lib/gcc/avr/4.6.2/../../../../avr/lib/avr4\libc.a(sprintf.o) (__epilogue_restores__)

Memory Configuration

Name             Origin             Length             Attributes
text             0x00000000         0x00002000         xr
data             0x00800060         0x0000ffa0         rw !x
eeprom           0x00810000         0x00010000         rw !x
fuse             0x00820000         0x00000400         rw !x
lock             0x00830000         0x00000400         rw !x
signature        0x00840000         0x00000400         rw !x
*default*        0x00000000         0xffffffff

Linker script and memory map

LOAD c:/program files/atmel/atmel studio 6.0/extensions/atmel/avrgcc/3.4.0.65/avrtoolchain/bin/../lib/gcc/avr/4.6.2/../../../../avr/lib/avr4/crtm8.o
LOAD GMD.o
LOAD led.o
LOAD net/enc28j60.o
LOAD net/ip_arp_udp_tcp.o
LOAD sensors/dht11.o
LOAD sensors/ds1820.o
START GROUP
LOAD c:/program files/atmel/atmel studio 6.0/extensions/atmel/avrgcc/3.4.0.65/avrtoolchain/bin/../lib/gcc/avr/4.6.2/../../../../avr/lib/avr4\libm.a
END GROUP
LOAD c:/program files/atmel/atmel studio 6.0/extensions/atmel/avrgcc/3.4.0.65/avrtoolchain/bin/../lib/gcc/avr/4.6.2/avr4\libgcc.a
LOAD c:/program files/atmel/atmel studio 6.0/extensions/atmel/avrgcc/3.4.0.65/avrtoolchain/bin/../lib/gcc/avr/4.6.2/../../../../avr/lib/avr4\libc.a
LOAD c:/program files/atmel/atmel studio 6.0/extensions/atmel/avrgcc/3.4.0.65/avrtoolchain/bin/../lib/gcc/avr/4.6.2/avr4\libgcc.a

.hash
 *(.hash)

.dynsym
 *(.dynsym)

.dynstr
 *(.dynstr)

.gnu.version
 *(.gnu.version)

.gnu.version_d
 *(.gnu.version_d)

.gnu.version_r
 *(.gnu.version_r)

.rel.init
 *(.rel.init)

.rela.init
 *(.rela.init)

.rel.text
 *(.rel.text)
 *(.rel.text.*)
 *(.rel.gnu.linkonce.t*)

.rela.text
 *(.rela.text)
 *(.rela.text.*)
 *(.rela.gnu.linkonce.t*)

.rel.fini
 *(.rel.fini)

.rela.fini
 *(.rela.fini)

.rel.rodata
 *(.rel.rodata)
 *(.rel.rodata.*)
 *(.rel.gnu.linkonce.r*)

.rela.rodata
 *(.rela.rodata)
 *(.rela.rodata.*)
 *(.rela.gnu.linkonce.r*)

.rel.data
 *(.rel.data)
 *(.rel.data.*)
 *(.rel.gnu.linkonce.d*)

.rela.data
 *(.rela.data)
 *(.rela.data.*)
 *(.rela.gnu.linkonce.d*)

.rel.ctors
 *(.rel.ctors)

.rela.ctors
 *(.rela.ctors)

.rel.dtors
 *(.rel.dtors)

.rela.dtors
 *(.rela.dtors)

.rel.got
 *(.rel.got)

.rela.got
 *(.rela.got)

.rel.bss
 *(.rel.bss)

.rela.bss
 *(.rela.bss)

.rel.plt
 *(.rel.plt)

.rela.plt
 *(.rela.plt)

.text           0x00000000     0x19d4
 *(.vectors)
 .vectors       0x00000000       0x26 c:/program files/atmel/atmel studio 6.0/extensions/atmel/avrgcc/3.4.0.65/avrtoolchain/bin/../lib/gcc/avr/4.6.2/../../../../avr/lib/avr4/crtm8.o
                0x00000000                __vector_default
                0x00000000                __vectors
 *(.vectors)
 *(.progmem.gcc*)
 *(.progmem*)
 .progmem.data  0x00000026       0xde GMD.o
 .progmem.data  0x00000104        0x8 net/ip_arp_udp_tcp.o
                0x00000104                arpreqhdr
                0x0000010c                . = ALIGN (0x2)
                0x0000010c                __trampolines_start = .
 *(.trampolines)
 .trampolines   0x0000010c        0x0 linker stubs
 *(.trampolines*)
                0x0000010c                __trampolines_end = .
 *(.jumptables)
 *(.jumptables*)
 *(.lowtext)
 *(.lowtext*)
                0x0000010c                __ctors_start = .
 *(.ctors)
                0x0000010c                __ctors_end = .
                0x0000010c                __dtors_start = .
 *(.dtors)
                0x0000010c                __dtors_end = .
 SORT(*)(.ctors)
 SORT(*)(.dtors)
 *(.init0)
 .init0         0x0000010c        0x0 c:/program files/atmel/atmel studio 6.0/extensions/atmel/avrgcc/3.4.0.65/avrtoolchain/bin/../lib/gcc/avr/4.6.2/../../../../avr/lib/avr4/crtm8.o
                0x0000010c                __init
 *(.init0)
 *(.init1)
 *(.init1)
 *(.init2)
 .init2         0x0000010c        0xc c:/program files/atmel/atmel studio 6.0/extensions/atmel/avrgcc/3.4.0.65/avrtoolchain/bin/../lib/gcc/avr/4.6.2/../../../../avr/lib/avr4/crtm8.o
 *(.init2)
 *(.init3)
 *(.init3)
 *(.init4)
 .init4         0x00000118       0x16 c:/program files/atmel/atmel studio 6.0/extensions/atmel/avrgcc/3.4.0.65/avrtoolchain/bin/../lib/gcc/avr/4.6.2/avr4\libgcc.a(_copy_data.o)
                0x00000118                __do_copy_data
 .init4         0x0000012e       0x10 c:/program files/atmel/atmel studio 6.0/extensions/atmel/avrgcc/3.4.0.65/avrtoolchain/bin/../lib/gcc/avr/4.6.2/avr4\libgcc.a(_clear_bss.o)
                0x0000012e                __do_clear_bss
 *(.init4)
 *(.init5)
 *(.init5)
 *(.init6)
 *(.init6)
 *(.init7)
 *(.init7)
 *(.init8)
 *(.init8)
 *(.init9)
 .init9         0x0000013e        0x4 c:/program files/atmel/atmel studio 6.0/extensions/atmel/avrgcc/3.4.0.65/avrtoolchain/bin/../lib/gcc/avr/4.6.2/../../../../avr/lib/avr4/crtm8.o
 *(.init9)
 *(.text)
 .text          0x00000142        0x2 c:/program files/atmel/atmel studio 6.0/extensions/atmel/avrgcc/3.4.0.65/avrtoolchain/bin/../lib/gcc/avr/4.6.2/../../../../avr/lib/avr4/crtm8.o
                0x00000142                __vector_1
                0x00000142                __vector_12
                0x00000142                __bad_interrupt
                0x00000142                __vector_6
                0x00000142                __vector_3
                0x00000142                __vector_11
                0x00000142                __vector_13
                0x00000142                __vector_17
                0x00000142                __vector_7
                0x00000142                __vector_5
                0x00000142                __vector_4
                0x00000142                __vector_9
                0x00000142                __vector_2
                0x00000142                __vector_15
                0x00000142                __vector_8
                0x00000142                __vector_14
                0x00000142                __vector_10
                0x00000142                __vector_16
                0x00000142                __vector_18
 .text          0x00000144      0x1ba GMD.o
                0x00000144                PingCallback
                0x00000158                main
 .text          0x000002fe       0x3c led.o
                0x000002fe                LEDInit
                0x00000306                LEDSet
                0x0000031e                LEDToggle
 .text          0x0000033a      0x43c net/enc28j60.o
                0x0000033a                enc28j60ReadOp
                0x0000035e                enc28j60WriteOp
                0x00000374                enc28j60ReadBuffer
                0x000003a6                enc28j60WriteBuffer
                0x000003ce                enc28j60SetBank
                0x0000041c                enc28j60Read
                0x0000042c                enc28j60Write
                0x00000444                enc28j60PhyReadH
                0x0000046c                enc28j60PhyWrite
                0x000004a0                enc28j60clkout
                0x000004aa                enc28j60Init
                0x000005b0                enc28j60getrev
                0x000005bc                enc28j60EnableBroadcast
                0x000005ca                enc28j60DisableBroadcast
                0x000005d8                enc28j60linkup
                0x000005e8                enc28j60PacketSend
                0x00000656                enc28j60hasRxPkt
                0x00000666                enc28j60PacketReceive
 .text          0x00000776      0x734 net/ip_arp_udp_tcp.o
                0x00000776                checksum
                0x00000870                init_mac
                0x00000886                check_ip_message_is_from
                0x000008b4                eth_type_is_arp_and_my_ip
                0x0000090e                eth_type_is_ip_and_my_ip
                0x00000972                make_eth
                0x00000998                fill_ip_hdr_checksum
                0x000009c0                make_ip
                0x000009ec                step_seq
                0x00000a14                make_tcphead
                0x00000a3c                make_arp_answer_from_request
                0x00000a9e                make_echo_reply_from_request
                0x00000ad2                get_tcp_data_len
                0x00000afe                fill_tcp_data_p
                0x00000b2e                fill_tcp_data_len
                0x00000b5a                fill_tcp_data
                0x00000b74                make_tcp_ack_from_any
                0x00000be6                make_tcp_ack_with_data_noflags
                0x00000c26                make_udp_reply_from_request_udpdat_ready
                0x00000ca0                make_udp_reply_from_request
                0x00000cc2                init_udp_or_www_server
                0x00000cea                www_server_port
                0x00000cf4                make_tcp_synack_from_syn
                0x00000d5c                www_server_reply
                0x00000d88                register_ping_rec_callback
                0x00000d92                packetloop_arp_icmp_tcp
 .text          0x00000eaa      0x1f8 sensors/dht11.o
                0x00000eaa                micros
                0x00000f14                DHT11_read
 .text          0x000010a2      0x144 sensors/ds1820.o
                0x000010a2                therm_ds1820_reset
                0x000010d2                therm_ds1820_write_bit
                0x000010f2                therm_ds1820_read_bit
                0x0000111c                therm_ds1820_read_byte
                0x0000113c                therm_ds1820_read_word
                0x0000117c                therm_ds1820_write_byte
                0x00001196                therm_ds1820_read_temperature
 .text          0x000011e6        0x0 c:/program files/atmel/atmel studio 6.0/extensions/atmel/avrgcc/3.4.0.65/avrtoolchain/bin/../lib/gcc/avr/4.6.2/../../../../avr/lib/avr4\libm.a(fixsfsi.o)
 .text          0x000011e6        0x0 c:/program files/atmel/atmel studio 6.0/extensions/atmel/avrgcc/3.4.0.65/avrtoolchain/bin/../lib/gcc/avr/4.6.2/../../../../avr/lib/avr4\libm.a(fixunssfsi.o)
 .text          0x000011e6        0x0 c:/program files/atmel/atmel studio 6.0/extensions/atmel/avrgcc/3.4.0.65/avrtoolchain/bin/../lib/gcc/avr/4.6.2/../../../../avr/lib/avr4\libm.a(floatsisf.o)
 .text          0x000011e6        0x0 c:/program files/atmel/atmel studio 6.0/extensions/atmel/avrgcc/3.4.0.65/avrtoolchain/bin/../lib/gcc/avr/4.6.2/../../../../avr/lib/avr4\libm.a(fp_split3.o)
 .text          0x000011e6        0x0 c:/program files/atmel/atmel studio 6.0/extensions/atmel/avrgcc/3.4.0.65/avrtoolchain/bin/../lib/gcc/avr/4.6.2/../../../../avr/lib/avr4\libm.a(fp_zero.o)
 .text          0x000011e6        0x0 c:/program files/atmel/atmel studio 6.0/extensions/atmel/avrgcc/3.4.0.65/avrtoolchain/bin/../lib/gcc/avr/4.6.2/../../../../avr/lib/avr4\libm.a(mulsf3.o)
 .text          0x000011e6        0x0 c:/program files/atmel/atmel studio 6.0/extensions/atmel/avrgcc/3.4.0.65/avrtoolchain/bin/../lib/gcc/avr/4.6.2/../../../../avr/lib/avr4\libm.a(mulsf3x.o)
 .text          0x000011e6        0x0 c:/program files/atmel/atmel studio 6.0/extensions/atmel/avrgcc/3.4.0.65/avrtoolchain/bin/../lib/gcc/avr/4.6.2/../../../../avr/lib/avr4\libm.a(fp_inf.o)
 .text          0x000011e6        0x0 c:/program files/atmel/atmel studio 6.0/extensions/atmel/avrgcc/3.4.0.65/avrtoolchain/bin/../lib/gcc/avr/4.6.2/../../../../avr/lib/avr4\libm.a(fp_nan.o)
 .text          0x000011e6        0x0 c:/program files/atmel/atmel studio 6.0/extensions/atmel/avrgcc/3.4.0.65/avrtoolchain/bin/../lib/gcc/avr/4.6.2/../../../../avr/lib/avr4\libm.a(fp_pscA.o)
 .text          0x000011e6        0x0 c:/program files/atmel/atmel studio 6.0/extensions/atmel/avrgcc/3.4.0.65/avrtoolchain/bin/../lib/gcc/avr/4.6.2/../../../../avr/lib/avr4\libm.a(fp_pscB.o)
 .text          0x000011e6        0x0 c:/program files/atmel/atmel studio 6.0/extensions/atmel/avrgcc/3.4.0.65/avrtoolchain/bin/../lib/gcc/avr/4.6.2/../../../../avr/lib/avr4\libm.a(fp_round.o)
 .text          0x000011e6        0x0 c:/program files/atmel/atmel studio 6.0/extensions/atmel/avrgcc/3.4.0.65/avrtoolchain/bin/../lib/gcc/avr/4.6.2/avr4\libgcc.a(_exit.o)
 .text          0x000011e6        0x0 c:/program files/atmel/atmel studio 6.0/extensions/atmel/avrgcc/3.4.0.65/avrtoolchain/bin/../lib/gcc/avr/4.6.2/avr4\libgcc.a(_copy_data.o)
 .text          0x000011e6        0x0 c:/program files/atmel/atmel studio 6.0/extensions/atmel/avrgcc/3.4.0.65/avrtoolchain/bin/../lib/gcc/avr/4.6.2/avr4\libgcc.a(_clear_bss.o)
 .text          0x000011e6        0x0 c:/program files/atmel/atmel studio 6.0/extensions/atmel/avrgcc/3.4.0.65/avrtoolchain/bin/../lib/gcc/avr/4.6.2/../../../../avr/lib/avr4\libc.a(strncmp.o)
 .text          0x000011e6        0x0 c:/program files/atmel/atmel studio 6.0/extensions/atmel/avrgcc/3.4.0.65/avrtoolchain/bin/../lib/gcc/avr/4.6.2/../../../../avr/lib/avr4\libc.a(sprintf.o)
 .text          0x000011e6        0x0 c:/program files/atmel/atmel studio 6.0/extensions/atmel/avrgcc/3.4.0.65/avrtoolchain/bin/../lib/gcc/avr/4.6.2/../../../../avr/lib/avr4\libc.a(vfprintf_std.o)
 .text          0x000011e6        0x0 c:/program files/atmel/atmel studio 6.0/extensions/atmel/avrgcc/3.4.0.65/avrtoolchain/bin/../lib/gcc/avr/4.6.2/../../../../avr/lib/avr4\libc.a(strnlen_P.o)
 .text          0x000011e6        0x0 c:/program files/atmel/atmel studio 6.0/extensions/atmel/avrgcc/3.4.0.65/avrtoolchain/bin/../lib/gcc/avr/4.6.2/../../../../avr/lib/avr4\libc.a(strnlen.o)
 .text          0x000011e6        0x0 c:/program files/atmel/atmel studio 6.0/extensions/atmel/avrgcc/3.4.0.65/avrtoolchain/bin/../lib/gcc/avr/4.6.2/../../../../avr/lib/avr4\libc.a(fputc.o)
 .text          0x000011e6        0x0 c:/program files/atmel/atmel studio 6.0/extensions/atmel/avrgcc/3.4.0.65/avrtoolchain/bin/../lib/gcc/avr/4.6.2/../../../../avr/lib/avr4\libc.a(ultoa_invert.o)
 .text          0x000011e6        0x0 c:/program files/atmel/atmel studio 6.0/extensions/atmel/avrgcc/3.4.0.65/avrtoolchain/bin/../lib/gcc/avr/4.6.2/avr4\libgcc.a(_prologue.o)
 .text          0x000011e6        0x0 c:/program files/atmel/atmel studio 6.0/extensions/atmel/avrgcc/3.4.0.65/avrtoolchain/bin/../lib/gcc/avr/4.6.2/avr4\libgcc.a(_epilogue.o)
                0x000011e6                . = ALIGN (0x2)
 *(.text.*)
 .text.avr-libc.fplib
                0x000011e6        0xa c:/program files/atmel/atmel studio 6.0/extensions/atmel/avrgcc/3.4.0.65/avrtoolchain/bin/../lib/gcc/avr/4.6.2/../../../../avr/lib/avr4\libm.a(fixsfsi.o)
                0x000011e6                __fixsfsi
 .text.avr-libc.fplib
                0x000011f0       0x58 c:/program files/atmel/atmel studio 6.0/extensions/atmel/avrgcc/3.4.0.65/avrtoolchain/bin/../lib/gcc/avr/4.6.2/../../../../avr/lib/avr4\libm.a(fixunssfsi.o)
                0x000011f0                __fixunssfsi
 .text.avr-libc.fplib
                0x00001248       0x7a c:/program files/atmel/atmel studio 6.0/extensions/atmel/avrgcc/3.4.0.65/avrtoolchain/bin/../lib/gcc/avr/4.6.2/../../../../avr/lib/avr4\libm.a(floatsisf.o)
                0x00001248                __floatunsisf
                0x0000124c                __floatsisf
 .text.avr-libc.fplib
                0x000012c2       0x44 c:/program files/atmel/atmel studio 6.0/extensions/atmel/avrgcc/3.4.0.65/avrtoolchain/bin/../lib/gcc/avr/4.6.2/../../../../avr/lib/avr4\libm.a(fp_split3.o)
                0x000012c2                __fp_split3
                0x000012d2                __fp_splitA
 .text.avr-libc.fplib
                0x00001306        0xe c:/program files/atmel/atmel studio 6.0/extensions/atmel/avrgcc/3.4.0.65/avrtoolchain/bin/../lib/gcc/avr/4.6.2/../../../../avr/lib/avr4\libm.a(fp_zero.o)
                0x00001306                __fp_zero
                0x00001308                __fp_szero
 .text.avr-libc.fplib
                0x00001314        0x4 c:/program files/atmel/atmel studio 6.0/extensions/atmel/avrgcc/3.4.0.65/avrtoolchain/bin/../lib/gcc/avr/4.6.2/../../../../avr/lib/avr4\libm.a(mulsf3.o)
                0x00001314                __mulsf3
 .text.avr-libc.fplib
                0x00001318       0xc2 c:/program files/atmel/atmel studio 6.0/extensions/atmel/avrgcc/3.4.0.65/avrtoolchain/bin/../lib/gcc/avr/4.6.2/../../../../avr/lib/avr4\libm.a(mulsf3x.o)
                0x0000132c                __mulsf3x
                0x00001330                __mulsf3_pse
 .text.avr-libc.fplib
                0x000013da        0xc c:/program files/atmel/atmel studio 6.0/extensions/atmel/avrgcc/3.4.0.65/avrtoolchain/bin/../lib/gcc/avr/4.6.2/../../../../avr/lib/avr4\libm.a(fp_inf.o)
                0x000013da                __fp_inf
 .text.avr-libc.fplib
                0x000013e6        0x6 c:/program files/atmel/atmel studio 6.0/extensions/atmel/avrgcc/3.4.0.65/avrtoolchain/bin/../lib/gcc/avr/4.6.2/../../../../avr/lib/avr4\libm.a(fp_nan.o)
                0x000013e6                __fp_nan
 .text.avr-libc.fplib
                0x000013ec        0xe c:/program files/atmel/atmel studio 6.0/extensions/atmel/avrgcc/3.4.0.65/avrtoolchain/bin/../lib/gcc/avr/4.6.2/../../../../avr/lib/avr4\libm.a(fp_pscA.o)
                0x000013ec                __fp_pscA
 .text.avr-libc.fplib
                0x000013fa        0xe c:/program files/atmel/atmel studio 6.0/extensions/atmel/avrgcc/3.4.0.65/avrtoolchain/bin/../lib/gcc/avr/4.6.2/../../../../avr/lib/avr4\libm.a(fp_pscB.o)
                0x000013fa                __fp_pscB
 .text.avr-libc.fplib
                0x00001408       0x22 c:/program files/atmel/atmel studio 6.0/extensions/atmel/avrgcc/3.4.0.65/avrtoolchain/bin/../lib/gcc/avr/4.6.2/../../../../avr/lib/avr4\libm.a(fp_round.o)
                0x00001408                __fp_round
 .text.libgcc   0x0000142a        0x0 c:/program files/atmel/atmel studio 6.0/extensions/atmel/avrgcc/3.4.0.65/avrtoolchain/bin/../lib/gcc/avr/4.6.2/avr4\libgcc.a(_exit.o)
 .text.libgcc   0x0000142a        0x0 c:/program files/atmel/atmel studio 6.0/extensions/atmel/avrgcc/3.4.0.65/avrtoolchain/bin/../lib/gcc/avr/4.6.2/avr4\libgcc.a(_copy_data.o)
 .text.libgcc   0x0000142a        0x0 c:/program files/atmel/atmel studio 6.0/extensions/atmel/avrgcc/3.4.0.65/avrtoolchain/bin/../lib/gcc/avr/4.6.2/avr4\libgcc.a(_clear_bss.o)
 .text.avr-libc
                0x0000142a       0x1c c:/program files/atmel/atmel studio 6.0/extensions/atmel/avrgcc/3.4.0.65/avrtoolchain/bin/../lib/gcc/avr/4.6.2/../../../../avr/lib/avr4\libc.a(strncmp.o)
                0x0000142a                strncmp
 .text.avr-libc
                0x00001446       0x3e c:/program files/atmel/atmel studio 6.0/extensions/atmel/avrgcc/3.4.0.65/avrtoolchain/bin/../lib/gcc/avr/4.6.2/../../../../avr/lib/avr4\libc.a(sprintf.o)
                0x00001446                sprintf
 .text.avr-libc
                0x00001484      0x39e c:/program files/atmel/atmel studio 6.0/extensions/atmel/avrgcc/3.4.0.65/avrtoolchain/bin/../lib/gcc/avr/4.6.2/../../../../avr/lib/avr4\libc.a(vfprintf_std.o)
                0x00001484                vfprintf
 .text.avr-libc
                0x00001822       0x16 c:/program files/atmel/atmel studio 6.0/extensions/atmel/avrgcc/3.4.0.65/avrtoolchain/bin/../lib/gcc/avr/4.6.2/../../../../avr/lib/avr4\libc.a(strnlen_P.o)
                0x00001822                strnlen_P
 .text.avr-libc
                0x00001838       0x16 c:/program files/atmel/atmel studio 6.0/extensions/atmel/avrgcc/3.4.0.65/avrtoolchain/bin/../lib/gcc/avr/4.6.2/../../../../avr/lib/avr4\libc.a(strnlen.o)
                0x00001838                strnlen
 .text.avr-libc
                0x0000184e       0x58 c:/program files/atmel/atmel studio 6.0/extensions/atmel/avrgcc/3.4.0.65/avrtoolchain/bin/../lib/gcc/avr/4.6.2/../../../../avr/lib/avr4\libc.a(fputc.o)
                0x0000184e                fputc
 .text.avr-libc
                0x000018a6       0xbc c:/program files/atmel/atmel studio 6.0/extensions/atmel/avrgcc/3.4.0.65/avrtoolchain/bin/../lib/gcc/avr/4.6.2/../../../../avr/lib/avr4\libc.a(ultoa_invert.o)
                0x000018a6                __ultoa_invert
 .text.libgcc   0x00001962       0x38 c:/program files/atmel/atmel studio 6.0/extensions/atmel/avrgcc/3.4.0.65/avrtoolchain/bin/../lib/gcc/avr/4.6.2/avr4\libgcc.a(_prologue.o)
                0x00001962                __prologue_saves__
 .text.libgcc   0x0000199a       0x36 c:/program files/atmel/atmel studio 6.0/extensions/atmel/avrgcc/3.4.0.65/avrtoolchain/bin/../lib/gcc/avr/4.6.2/avr4\libgcc.a(_epilogue.o)
                0x0000199a                __epilogue_restores__
                0x000019d0                . = ALIGN (0x2)
 *(.fini9)
 .fini9         0x000019d0        0x0 c:/program files/atmel/atmel studio 6.0/extensions/atmel/avrgcc/3.4.0.65/avrtoolchain/bin/../lib/gcc/avr/4.6.2/avr4\libgcc.a(_exit.o)
                0x000019d0                _exit
                0x000019d0                exit
 *(.fini9)
 *(.fini8)
 *(.fini8)
 *(.fini7)
 *(.fini7)
 *(.fini6)
 *(.fini6)
 *(.fini5)
 *(.fini5)
 *(.fini4)
 *(.fini4)
 *(.fini3)
 *(.fini3)
 *(.fini2)
 *(.fini2)
 *(.fini1)
 *(.fini1)
 *(.fini0)
 .fini0         0x000019d0        0x4 c:/program files/atmel/atmel studio 6.0/extensions/atmel/avrgcc/3.4.0.65/avrtoolchain/bin/../lib/gcc/avr/4.6.2/avr4\libgcc.a(_exit.o)
 *(.fini0)
                0x000019d4                _etext = .

.data           0x00800060       0x90 load address 0x000019d4
                0x00800060                PROVIDE (__data_start, .)
 *(.data)
 .data          0x00800060        0x0 c:/program files/atmel/atmel studio 6.0/extensions/atmel/avrgcc/3.4.0.65/avrtoolchain/bin/../lib/gcc/avr/4.6.2/../../../../avr/lib/avr4/crtm8.o
 .data          0x00800060       0x8e GMD.o
 .data          0x008000ee        0x0 led.o
 .data          0x008000ee        0x0 net/enc28j60.o
 .data          0x008000ee        0x2 net/ip_arp_udp_tcp.o
 .data          0x008000f0        0x0 sensors/dht11.o
 .data          0x008000f0        0x0 sensors/ds1820.o
 .data          0x008000f0        0x0 c:/program files/atmel/atmel studio 6.0/extensions/atmel/avrgcc/3.4.0.65/avrtoolchain/bin/../lib/gcc/avr/4.6.2/../../../../avr/lib/avr4\libm.a(fixsfsi.o)
 .data          0x008000f0        0x0 c:/program files/atmel/atmel studio 6.0/extensions/atmel/avrgcc/3.4.0.65/avrtoolchain/bin/../lib/gcc/avr/4.6.2/../../../../avr/lib/avr4\libm.a(fixunssfsi.o)
 .data          0x008000f0        0x0 c:/program files/atmel/atmel studio 6.0/extensions/atmel/avrgcc/3.4.0.65/avrtoolchain/bin/../lib/gcc/avr/4.6.2/../../../../avr/lib/avr4\libm.a(floatsisf.o)
 .data          0x008000f0        0x0 c:/program files/atmel/atmel studio 6.0/extensions/atmel/avrgcc/3.4.0.65/avrtoolchain/bin/../lib/gcc/avr/4.6.2/../../../../avr/lib/avr4\libm.a(fp_split3.o)
 .data          0x008000f0        0x0 c:/program files/atmel/atmel studio 6.0/extensions/atmel/avrgcc/3.4.0.65/avrtoolchain/bin/../lib/gcc/avr/4.6.2/../../../../avr/lib/avr4\libm.a(fp_zero.o)
 .data          0x008000f0        0x0 c:/program files/atmel/atmel studio 6.0/extensions/atmel/avrgcc/3.4.0.65/avrtoolchain/bin/../lib/gcc/avr/4.6.2/../../../../avr/lib/avr4\libm.a(mulsf3.o)
 .data          0x008000f0        0x0 c:/program files/atmel/atmel studio 6.0/extensions/atmel/avrgcc/3.4.0.65/avrtoolchain/bin/../lib/gcc/avr/4.6.2/../../../../avr/lib/avr4\libm.a(mulsf3x.o)
 .data          0x008000f0        0x0 c:/program files/atmel/atmel studio 6.0/extensions/atmel/avrgcc/3.4.0.65/avrtoolchain/bin/../lib/gcc/avr/4.6.2/../../../../avr/lib/avr4\libm.a(fp_inf.o)
 .data          0x008000f0        0x0 c:/program files/atmel/atmel studio 6.0/extensions/atmel/avrgcc/3.4.0.65/avrtoolchain/bin/../lib/gcc/avr/4.6.2/../../../../avr/lib/avr4\libm.a(fp_nan.o)
 .data          0x008000f0        0x0 c:/program files/atmel/atmel studio 6.0/extensions/atmel/avrgcc/3.4.0.65/avrtoolchain/bin/../lib/gcc/avr/4.6.2/../../../../avr/lib/avr4\libm.a(fp_pscA.o)
 .data          0x008000f0        0x0 c:/program files/atmel/atmel studio 6.0/extensions/atmel/avrgcc/3.4.0.65/avrtoolchain/bin/../lib/gcc/avr/4.6.2/../../../../avr/lib/avr4\libm.a(fp_pscB.o)
 .data          0x008000f0        0x0 c:/program files/atmel/atmel studio 6.0/extensions/atmel/avrgcc/3.4.0.65/avrtoolchain/bin/../lib/gcc/avr/4.6.2/../../../../avr/lib/avr4\libm.a(fp_round.o)
 .data          0x008000f0        0x0 c:/program files/atmel/atmel studio 6.0/extensions/atmel/avrgcc/3.4.0.65/avrtoolchain/bin/../lib/gcc/avr/4.6.2/avr4\libgcc.a(_exit.o)
 .data          0x008000f0        0x0 c:/program files/atmel/atmel studio 6.0/extensions/atmel/avrgcc/3.4.0.65/avrtoolchain/bin/../lib/gcc/avr/4.6.2/avr4\libgcc.a(_copy_data.o)
 .data          0x008000f0        0x0 c:/program files/atmel/atmel studio 6.0/extensions/atmel/avrgcc/3.4.0.65/avrtoolchain/bin/../lib/gcc/avr/4.6.2/avr4\libgcc.a(_clear_bss.o)
 .data          0x008000f0        0x0 c:/program files/atmel/atmel studio 6.0/extensions/atmel/avrgcc/3.4.0.65/avrtoolchain/bin/../lib/gcc/avr/4.6.2/../../../../avr/lib/avr4\libc.a(strncmp.o)
 .data          0x008000f0        0x0 c:/program files/atmel/atmel studio 6.0/extensions/atmel/avrgcc/3.4.0.65/avrtoolchain/bin/../lib/gcc/avr/4.6.2/../../../../avr/lib/avr4\libc.a(sprintf.o)
 .data          0x008000f0        0x0 c:/program files/atmel/atmel studio 6.0/extensions/atmel/avrgcc/3.4.0.65/avrtoolchain/bin/../lib/gcc/avr/4.6.2/../../../../avr/lib/avr4\libc.a(vfprintf_std.o)
 .data          0x008000f0        0x0 c:/program files/atmel/atmel studio 6.0/extensions/atmel/avrgcc/3.4.0.65/avrtoolchain/bin/../lib/gcc/avr/4.6.2/../../../../avr/lib/avr4\libc.a(strnlen_P.o)
 .data          0x008000f0        0x0 c:/program files/atmel/atmel studio 6.0/extensions/atmel/avrgcc/3.4.0.65/avrtoolchain/bin/../lib/gcc/avr/4.6.2/../../../../avr/lib/avr4\libc.a(strnlen.o)
 .data          0x008000f0        0x0 c:/program files/atmel/atmel studio 6.0/extensions/atmel/avrgcc/3.4.0.65/avrtoolchain/bin/../lib/gcc/avr/4.6.2/../../../../avr/lib/avr4\libc.a(fputc.o)
 .data          0x008000f0        0x0 c:/program files/atmel/atmel studio 6.0/extensions/atmel/avrgcc/3.4.0.65/avrtoolchain/bin/../lib/gcc/avr/4.6.2/../../../../avr/lib/avr4\libc.a(ultoa_invert.o)
 .data          0x008000f0        0x0 c:/program files/atmel/atmel studio 6.0/extensions/atmel/avrgcc/3.4.0.65/avrtoolchain/bin/../lib/gcc/avr/4.6.2/avr4\libgcc.a(_prologue.o)
 .data          0x008000f0        0x0 c:/program files/atmel/atmel studio 6.0/extensions/atmel/avrgcc/3.4.0.65/avrtoolchain/bin/../lib/gcc/avr/4.6.2/avr4\libgcc.a(_epilogue.o)
 *(.data*)
 *(.rodata)
 *(.rodata*)
 *(.gnu.linkonce.d*)
                0x008000f0                . = ALIGN (0x2)
                0x008000f0                _edata = .
                0x008000f0                PROVIDE (__data_end, .)

.bss            0x008000f0      0x211
                0x008000f0                PROVIDE (__bss_start, .)
 *(.bss)
 .bss           0x008000f0        0x0 c:/program files/atmel/atmel studio 6.0/extensions/atmel/avrgcc/3.4.0.65/avrtoolchain/bin/../lib/gcc/avr/4.6.2/../../../../avr/lib/avr4/crtm8.o
 .bss           0x008000f0      0x1f9 GMD.o
 .bss           0x008002e9        0x2 led.o
                0x008002e9                led_state
 .bss           0x008002eb        0x3 net/enc28j60.o
 .bss           0x008002ee        0xf net/ip_arp_udp_tcp.o
 .bss           0x008002fd        0x4 sensors/dht11.o
                0x008002fd                timer0_overflow_count
 .bss           0x00800301        0x0 sensors/ds1820.o
 .bss           0x00800301        0x0 c:/program files/atmel/atmel studio 6.0/extensions/atmel/avrgcc/3.4.0.65/avrtoolchain/bin/../lib/gcc/avr/4.6.2/../../../../avr/lib/avr4\libm.a(fixsfsi.o)
 .bss           0x00800301        0x0 c:/program files/atmel/atmel studio 6.0/extensions/atmel/avrgcc/3.4.0.65/avrtoolchain/bin/../lib/gcc/avr/4.6.2/../../../../avr/lib/avr4\libm.a(fixunssfsi.o)
 .bss           0x00800301        0x0 c:/program files/atmel/atmel studio 6.0/extensions/atmel/avrgcc/3.4.0.65/avrtoolchain/bin/../lib/gcc/avr/4.6.2/../../../../avr/lib/avr4\libm.a(floatsisf.o)
 .bss           0x00800301        0x0 c:/program files/atmel/atmel studio 6.0/extensions/atmel/avrgcc/3.4.0.65/avrtoolchain/bin/../lib/gcc/avr/4.6.2/../../../../avr/lib/avr4\libm.a(fp_split3.o)
 .bss           0x00800301        0x0 c:/program files/atmel/atmel studio 6.0/extensions/atmel/avrgcc/3.4.0.65/avrtoolchain/bin/../lib/gcc/avr/4.6.2/../../../../avr/lib/avr4\libm.a(fp_zero.o)
 .bss           0x00800301        0x0 c:/program files/atmel/atmel studio 6.0/extensions/atmel/avrgcc/3.4.0.65/avrtoolchain/bin/../lib/gcc/avr/4.6.2/../../../../avr/lib/avr4\libm.a(mulsf3.o)
 .bss           0x00800301        0x0 c:/program files/atmel/atmel studio 6.0/extensions/atmel/avrgcc/3.4.0.65/avrtoolchain/bin/../lib/gcc/avr/4.6.2/../../../../avr/lib/avr4\libm.a(mulsf3x.o)
 .bss           0x00800301        0x0 c:/program files/atmel/atmel studio 6.0/extensions/atmel/avrgcc/3.4.0.65/avrtoolchain/bin/../lib/gcc/avr/4.6.2/../../../../avr/lib/avr4\libm.a(fp_inf.o)
 .bss           0x00800301        0x0 c:/program files/atmel/atmel studio 6.0/extensions/atmel/avrgcc/3.4.0.65/avrtoolchain/bin/../lib/gcc/avr/4.6.2/../../../../avr/lib/avr4\libm.a(fp_nan.o)
 .bss           0x00800301        0x0 c:/program files/atmel/atmel studio 6.0/extensions/atmel/avrgcc/3.4.0.65/avrtoolchain/bin/../lib/gcc/avr/4.6.2/../../../../avr/lib/avr4\libm.a(fp_pscA.o)
 .bss           0x00800301        0x0 c:/program files/atmel/atmel studio 6.0/extensions/atmel/avrgcc/3.4.0.65/avrtoolchain/bin/../lib/gcc/avr/4.6.2/../../../../avr/lib/avr4\libm.a(fp_pscB.o)
 .bss           0x00800301        0x0 c:/program files/atmel/atmel studio 6.0/extensions/atmel/avrgcc/3.4.0.65/avrtoolchain/bin/../lib/gcc/avr/4.6.2/../../../../avr/lib/avr4\libm.a(fp_round.o)
 .bss           0x00800301        0x0 c:/program files/atmel/atmel studio 6.0/extensions/atmel/avrgcc/3.4.0.65/avrtoolchain/bin/../lib/gcc/avr/4.6.2/avr4\libgcc.a(_exit.o)
 .bss           0x00800301        0x0 c:/program files/atmel/atmel studio 6.0/extensions/atmel/avrgcc/3.4.0.65/avrtoolchain/bin/../lib/gcc/avr/4.6.2/avr4\libgcc.a(_copy_data.o)
 .bss           0x00800301        0x0 c:/program files/atmel/atmel studio 6.0/extensions/atmel/avrgcc/3.4.0.65/avrtoolchain/bin/../lib/gcc/avr/4.6.2/avr4\libgcc.a(_clear_bss.o)
 .bss           0x00800301        0x0 c:/program files/atmel/atmel studio 6.0/extensions/atmel/avrgcc/3.4.0.65/avrtoolchain/bin/../lib/gcc/avr/4.6.2/../../../../avr/lib/avr4\libc.a(strncmp.o)
 .bss           0x00800301        0x0 c:/program files/atmel/atmel studio 6.0/extensions/atmel/avrgcc/3.4.0.65/avrtoolchain/bin/../lib/gcc/avr/4.6.2/../../../../avr/lib/avr4\libc.a(sprintf.o)
 .bss           0x00800301        0x0 c:/program files/atmel/atmel studio 6.0/extensions/atmel/avrgcc/3.4.0.65/avrtoolchain/bin/../lib/gcc/avr/4.6.2/../../../../avr/lib/avr4\libc.a(vfprintf_std.o)
 .bss           0x00800301        0x0 c:/program files/atmel/atmel studio 6.0/extensions/atmel/avrgcc/3.4.0.65/avrtoolchain/bin/../lib/gcc/avr/4.6.2/../../../../avr/lib/avr4\libc.a(strnlen_P.o)
 .bss           0x00800301        0x0 c:/program files/atmel/atmel studio 6.0/extensions/atmel/avrgcc/3.4.0.65/avrtoolchain/bin/../lib/gcc/avr/4.6.2/../../../../avr/lib/avr4\libc.a(strnlen.o)
 .bss           0x00800301        0x0 c:/program files/atmel/atmel studio 6.0/extensions/atmel/avrgcc/3.4.0.65/avrtoolchain/bin/../lib/gcc/avr/4.6.2/../../../../avr/lib/avr4\libc.a(fputc.o)
 .bss           0x00800301        0x0 c:/program files/atmel/atmel studio 6.0/extensions/atmel/avrgcc/3.4.0.65/avrtoolchain/bin/../lib/gcc/avr/4.6.2/../../../../avr/lib/avr4\libc.a(ultoa_invert.o)
 .bss           0x00800301        0x0 c:/program files/atmel/atmel studio 6.0/extensions/atmel/avrgcc/3.4.0.65/avrtoolchain/bin/../lib/gcc/avr/4.6.2/avr4\libgcc.a(_prologue.o)
 .bss           0x00800301        0x0 c:/program files/atmel/atmel studio 6.0/extensions/atmel/avrgcc/3.4.0.65/avrtoolchain/bin/../lib/gcc/avr/4.6.2/avr4\libgcc.a(_epilogue.o)
 *(.bss*)
 *(COMMON)
                0x00800301                PROVIDE (__bss_end, .)
                0x000019d4                __data_load_start = LOADADDR (.data)
                0x00001a64                __data_load_end = (__data_load_start + SIZEOF (.data))

.noinit         0x00800301        0x0
                0x00800301                PROVIDE (__noinit_start, .)
 *(.noinit*)
                0x00800301                PROVIDE (__noinit_end, .)
                0x00800301                _end = .
                0x00800301                PROVIDE (__heap_start, .)

.eeprom         0x00810000        0x0
 *(.eeprom*)
                0x00810000                __eeprom_end = .

.fuse
 *(.fuse)
 *(.lfuse)
 *(.hfuse)
 *(.efuse)

.lock
 *(.lock*)

.signature
 *(.signature*)

.stab           0x00000000     0x1d58
 *(.stab)
 .stab          0x00000000      0x6cc c:/program files/atmel/atmel studio 6.0/extensions/atmel/avrgcc/3.4.0.65/avrtoolchain/bin/../lib/gcc/avr/4.6.2/../../../../avr/lib/avr4/crtm8.o
 .stab          0x000006cc       0x6c c:/program files/atmel/atmel studio 6.0/extensions/atmel/avrgcc/3.4.0.65/avrtoolchain/bin/../lib/gcc/avr/4.6.2/../../../../avr/lib/avr4\libm.a(fixsfsi.o)
                                 0x78 (size before relaxing)
 .stab          0x00000738      0x240 c:/program files/atmel/atmel studio 6.0/extensions/atmel/avrgcc/3.4.0.65/avrtoolchain/bin/../lib/gcc/avr/4.6.2/../../../../avr/lib/avr4\libm.a(fixunssfsi.o)
                                0x24c (size before relaxing)
 .stab          0x00000978      0x318 c:/program files/atmel/atmel studio 6.0/extensions/atmel/avrgcc/3.4.0.65/avrtoolchain/bin/../lib/gcc/avr/4.6.2/../../../../avr/lib/avr4\libm.a(floatsisf.o)
                                0x324 (size before relaxing)
 .stab          0x00000c90      0x1d4 c:/program files/atmel/atmel studio 6.0/extensions/atmel/avrgcc/3.4.0.65/avrtoolchain/bin/../lib/gcc/avr/4.6.2/../../../../avr/lib/avr4\libm.a(fp_split3.o)
                                0x1e0 (size before relaxing)
 .stab          0x00000e64       0x90 c:/program files/atmel/atmel studio 6.0/extensions/atmel/avrgcc/3.4.0.65/avrtoolchain/bin/../lib/gcc/avr/4.6.2/../../../../avr/lib/avr4\libm.a(fp_zero.o)
                                 0x9c (size before relaxing)
 .stab          0x00000ef4       0x48 c:/program files/atmel/atmel studio 6.0/extensions/atmel/avrgcc/3.4.0.65/avrtoolchain/bin/../lib/gcc/avr/4.6.2/../../../../avr/lib/avr4\libm.a(mulsf3.o)
                                 0x54 (size before relaxing)
 .stab          0x00000f3c      0x4d4 c:/program files/atmel/atmel studio 6.0/extensions/atmel/avrgcc/3.4.0.65/avrtoolchain/bin/../lib/gcc/avr/4.6.2/../../../../avr/lib/avr4\libm.a(mulsf3x.o)
                                0x4e0 (size before relaxing)
 .stab          0x00001410       0x78 c:/program files/atmel/atmel studio 6.0/extensions/atmel/avrgcc/3.4.0.65/avrtoolchain/bin/../lib/gcc/avr/4.6.2/../../../../avr/lib/avr4\libm.a(fp_inf.o)
                                 0x84 (size before relaxing)
 .stab          0x00001488       0x54 c:/program files/atmel/atmel studio 6.0/extensions/atmel/avrgcc/3.4.0.65/avrtoolchain/bin/../lib/gcc/avr/4.6.2/../../../../avr/lib/avr4\libm.a(fp_nan.o)
                                 0x60 (size before relaxing)
 .stab          0x000014dc       0x84 c:/program files/atmel/atmel studio 6.0/extensions/atmel/avrgcc/3.4.0.65/avrtoolchain/bin/../lib/gcc/avr/4.6.2/../../../../avr/lib/avr4\libm.a(fp_pscA.o)
                                 0x90 (size before relaxing)
 .stab          0x00001560       0x84 c:/program files/atmel/atmel studio 6.0/extensions/atmel/avrgcc/3.4.0.65/avrtoolchain/bin/../lib/gcc/avr/4.6.2/../../../../avr/lib/avr4\libm.a(fp_pscB.o)
                                 0x90 (size before relaxing)
 .stab          0x000015e4       0xfc c:/program files/atmel/atmel studio 6.0/extensions/atmel/avrgcc/3.4.0.65/avrtoolchain/bin/../lib/gcc/avr/4.6.2/../../../../avr/lib/avr4\libm.a(fp_round.o)
                                0x108 (size before relaxing)
 .stab          0x000016e0       0xc0 c:/program files/atmel/atmel studio 6.0/extensions/atmel/avrgcc/3.4.0.65/avrtoolchain/bin/../lib/gcc/avr/4.6.2/../../../../avr/lib/avr4\libc.a(strncmp.o)
                                 0xcc (size before relaxing)
 .stab          0x000017a0       0x9c c:/program files/atmel/atmel studio 6.0/extensions/atmel/avrgcc/3.4.0.65/avrtoolchain/bin/../lib/gcc/avr/4.6.2/../../../../avr/lib/avr4\libc.a(strnlen_P.o)
                                 0xa8 (size before relaxing)
 .stab          0x0000183c       0x9c c:/program files/atmel/atmel studio 6.0/extensions/atmel/avrgcc/3.4.0.65/avrtoolchain/bin/../lib/gcc/avr/4.6.2/../../../../avr/lib/avr4\libc.a(strnlen.o)
                                 0xa8 (size before relaxing)
 .stab          0x000018d8      0x480 c:/program files/atmel/atmel studio 6.0/extensions/atmel/avrgcc/3.4.0.65/avrtoolchain/bin/../lib/gcc/avr/4.6.2/../../../../avr/lib/avr4\libc.a(ultoa_invert.o)
                                0x48c (size before relaxing)

.stabstr        0x00000000      0x6b6
 *(.stabstr)
 .stabstr       0x00000000      0x6b6 c:/program files/atmel/atmel studio 6.0/extensions/atmel/avrgcc/3.4.0.65/avrtoolchain/bin/../lib/gcc/avr/4.6.2/../../../../avr/lib/avr4/crtm8.o

.stab.excl
 *(.stab.excl)

.stab.exclstr
 *(.stab.exclstr)

.stab.index
 *(.stab.index)

.stab.indexstr
 *(.stab.indexstr)

.comment
 *(.comment)

.debug
 *(.debug)

.line
 *(.line)

.debug_srcinfo
 *(.debug_srcinfo)

.debug_sfnames
 *(.debug_sfnames)

.debug_aranges  0x00000000      0x1c0
 *(.debug_aranges)
 .debug_aranges
                0x00000000       0x20 GMD.o
 .debug_aranges
                0x00000020       0x20 led.o
 .debug_aranges
                0x00000040       0x20 net/enc28j60.o
 .debug_aranges
                0x00000060       0x20 net/ip_arp_udp_tcp.o
 .debug_aranges
                0x00000080       0x20 sensors/dht11.o
 .debug_aranges
                0x000000a0       0x20 sensors/ds1820.o
 .debug_aranges
                0x000000c0       0x20 c:/program files/atmel/atmel studio 6.0/extensions/atmel/avrgcc/3.4.0.65/avrtoolchain/bin/../lib/gcc/avr/4.6.2/avr4\libgcc.a(_exit.o)
 .debug_aranges
                0x000000e0       0x20 c:/program files/atmel/atmel studio 6.0/extensions/atmel/avrgcc/3.4.0.65/avrtoolchain/bin/../lib/gcc/avr/4.6.2/avr4\libgcc.a(_copy_data.o)
 .debug_aranges
                0x00000100       0x20 c:/program files/atmel/atmel studio 6.0/extensions/atmel/avrgcc/3.4.0.65/avrtoolchain/bin/../lib/gcc/avr/4.6.2/avr4\libgcc.a(_clear_bss.o)
 .debug_aranges
                0x00000120       0x20 c:/program files/atmel/atmel studio 6.0/extensions/atmel/avrgcc/3.4.0.65/avrtoolchain/bin/../lib/gcc/avr/4.6.2/../../../../avr/lib/avr4\libc.a(sprintf.o)
 .debug_aranges
                0x00000140       0x20 c:/program files/atmel/atmel studio 6.0/extensions/atmel/avrgcc/3.4.0.65/avrtoolchain/bin/../lib/gcc/avr/4.6.2/../../../../avr/lib/avr4\libc.a(vfprintf_std.o)
 .debug_aranges
                0x00000160       0x20 c:/program files/atmel/atmel studio 6.0/extensions/atmel/avrgcc/3.4.0.65/avrtoolchain/bin/../lib/gcc/avr/4.6.2/../../../../avr/lib/avr4\libc.a(fputc.o)
 .debug_aranges
                0x00000180       0x20 c:/program files/atmel/atmel studio 6.0/extensions/atmel/avrgcc/3.4.0.65/avrtoolchain/bin/../lib/gcc/avr/4.6.2/avr4\libgcc.a(_prologue.o)
 .debug_aranges
                0x000001a0       0x20 c:/program files/atmel/atmel studio 6.0/extensions/atmel/avrgcc/3.4.0.65/avrtoolchain/bin/../lib/gcc/avr/4.6.2/avr4\libgcc.a(_epilogue.o)

.debug_pubnames
 *(.debug_pubnames)

.debug_info     0x00000000     0x22fc
 *(.debug_info)
 .debug_info    0x00000000      0x294 GMD.o
 .debug_info    0x00000294       0xe0 led.o
 .debug_info    0x00000374      0x4aa net/enc28j60.o
 .debug_info    0x0000081e      0x926 net/ip_arp_udp_tcp.o
 .debug_info    0x00001144      0x2e0 sensors/dht11.o
 .debug_info    0x00001424      0x427 sensors/ds1820.o
 .debug_info    0x0000184b       0xdd c:/program files/atmel/atmel studio 6.0/extensions/atmel/avrgcc/3.4.0.65/avrtoolchain/bin/../lib/gcc/avr/4.6.2/avr4\libgcc.a(_exit.o)
 .debug_info    0x00001928       0xdd c:/program files/atmel/atmel studio 6.0/extensions/atmel/avrgcc/3.4.0.65/avrtoolchain/bin/../lib/gcc/avr/4.6.2/avr4\libgcc.a(_copy_data.o)
 .debug_info    0x00001a05       0xdd c:/program files/atmel/atmel studio 6.0/extensions/atmel/avrgcc/3.4.0.65/avrtoolchain/bin/../lib/gcc/avr/4.6.2/avr4\libgcc.a(_clear_bss.o)
 .debug_info    0x00001ae2      0x1b7 c:/program files/atmel/atmel studio 6.0/extensions/atmel/avrgcc/3.4.0.65/avrtoolchain/bin/../lib/gcc/avr/4.6.2/../../../../avr/lib/avr4\libc.a(sprintf.o)
 .debug_info    0x00001c99      0x342 c:/program files/atmel/atmel studio 6.0/extensions/atmel/avrgcc/3.4.0.65/avrtoolchain/bin/../lib/gcc/avr/4.6.2/../../../../avr/lib/avr4\libc.a(vfprintf_std.o)
 .debug_info    0x00001fdb      0x167 c:/program files/atmel/atmel studio 6.0/extensions/atmel/avrgcc/3.4.0.65/avrtoolchain/bin/../lib/gcc/avr/4.6.2/../../../../avr/lib/avr4\libc.a(fputc.o)
 .debug_info    0x00002142       0xdd c:/program files/atmel/atmel studio 6.0/extensions/atmel/avrgcc/3.4.0.65/avrtoolchain/bin/../lib/gcc/avr/4.6.2/avr4\libgcc.a(_prologue.o)
 .debug_info    0x0000221f       0xdd c:/program files/atmel/atmel studio 6.0/extensions/atmel/avrgcc/3.4.0.65/avrtoolchain/bin/../lib/gcc/avr/4.6.2/avr4\libgcc.a(_epilogue.o)
 *(.gnu.linkonce.wi.*)

.debug_abbrev   0x00000000      0xcb9
 *(.debug_abbrev)
 .debug_abbrev  0x00000000      0x181 GMD.o
 .debug_abbrev  0x00000181       0xa9 led.o
 .debug_abbrev  0x0000022a      0x1f2 net/enc28j60.o
 .debug_abbrev  0x0000041c      0x1eb net/ip_arp_udp_tcp.o
 .debug_abbrev  0x00000607      0x18e sensors/dht11.o
 .debug_abbrev  0x00000795      0x189 sensors/ds1820.o
 .debug_abbrev  0x0000091e       0x14 c:/program files/atmel/atmel studio 6.0/extensions/atmel/avrgcc/3.4.0.65/avrtoolchain/bin/../lib/gcc/avr/4.6.2/avr4\libgcc.a(_exit.o)
 .debug_abbrev  0x00000932       0x14 c:/program files/atmel/atmel studio 6.0/extensions/atmel/avrgcc/3.4.0.65/avrtoolchain/bin/../lib/gcc/avr/4.6.2/avr4\libgcc.a(_copy_data.o)
 .debug_abbrev  0x00000946       0x14 c:/program files/atmel/atmel studio 6.0/extensions/atmel/avrgcc/3.4.0.65/avrtoolchain/bin/../lib/gcc/avr/4.6.2/avr4\libgcc.a(_clear_bss.o)
 .debug_abbrev  0x0000095a       0xfd c:/program files/atmel/atmel studio 6.0/extensions/atmel/avrgcc/3.4.0.65/avrtoolchain/bin/../lib/gcc/avr/4.6.2/../../../../avr/lib/avr4\libc.a(sprintf.o)
 .debug_abbrev  0x00000a57      0x161 c:/program files/atmel/atmel studio 6.0/extensions/atmel/avrgcc/3.4.0.65/avrtoolchain/bin/../lib/gcc/avr/4.6.2/../../../../avr/lib/avr4\libc.a(vfprintf_std.o)
 .debug_abbrev  0x00000bb8       0xd9 c:/program files/atmel/atmel studio 6.0/extensions/atmel/avrgcc/3.4.0.65/avrtoolchain/bin/../lib/gcc/avr/4.6.2/../../../../avr/lib/avr4\libc.a(fputc.o)
 .debug_abbrev  0x00000c91       0x14 c:/program files/atmel/atmel studio 6.0/extensions/atmel/avrgcc/3.4.0.65/avrtoolchain/bin/../lib/gcc/avr/4.6.2/avr4\libgcc.a(_prologue.o)
 .debug_abbrev  0x00000ca5       0x14 c:/program files/atmel/atmel studio 6.0/extensions/atmel/avrgcc/3.4.0.65/avrtoolchain/bin/../lib/gcc/avr/4.6.2/avr4\libgcc.a(_epilogue.o)

.debug_line     0x00000000     0x13d9
 *(.debug_line)
 .debug_line    0x00000000      0x19d GMD.o
 .debug_line    0x0000019d       0xdf led.o
 .debug_line    0x0000027c      0x2aa net/enc28j60.o
 .debug_line    0x00000526      0x316 net/ip_arp_udp_tcp.o
 .debug_line    0x0000083c      0x1e5 sensors/dht11.o
 .debug_line    0x00000a21      0x206 sensors/ds1820.o
 .debug_line    0x00000c27       0x88 c:/program files/atmel/atmel studio 6.0/extensions/atmel/avrgcc/3.4.0.65/avrtoolchain/bin/../lib/gcc/avr/4.6.2/avr4\libgcc.a(_exit.o)
 .debug_line    0x00000caf       0x91 c:/program files/atmel/atmel studio 6.0/extensions/atmel/avrgcc/3.4.0.65/avrtoolchain/bin/../lib/gcc/avr/4.6.2/avr4\libgcc.a(_copy_data.o)
 .debug_line    0x00000d40       0x8e c:/program files/atmel/atmel studio 6.0/extensions/atmel/avrgcc/3.4.0.65/avrtoolchain/bin/../lib/gcc/avr/4.6.2/avr4\libgcc.a(_clear_bss.o)
 .debug_line    0x00000dce      0x157 c:/program files/atmel/atmel studio 6.0/extensions/atmel/avrgcc/3.4.0.65/avrtoolchain/bin/../lib/gcc/avr/4.6.2/../../../../avr/lib/avr4\libc.a(sprintf.o)
 .debug_line    0x00000f25      0x290 c:/program files/atmel/atmel studio 6.0/extensions/atmel/avrgcc/3.4.0.65/avrtoolchain/bin/../lib/gcc/avr/4.6.2/../../../../avr/lib/avr4\libc.a(vfprintf_std.o)
 .debug_line    0x000011b5       0xe1 c:/program files/atmel/atmel studio 6.0/extensions/atmel/avrgcc/3.4.0.65/avrtoolchain/bin/../lib/gcc/avr/4.6.2/../../../../avr/lib/avr4\libc.a(fputc.o)
 .debug_line    0x00001296       0xa2 c:/program files/atmel/atmel studio 6.0/extensions/atmel/avrgcc/3.4.0.65/avrtoolchain/bin/../lib/gcc/avr/4.6.2/avr4\libgcc.a(_prologue.o)
 .debug_line    0x00001338       0xa1 c:/program files/atmel/atmel studio 6.0/extensions/atmel/avrgcc/3.4.0.65/avrtoolchain/bin/../lib/gcc/avr/4.6.2/avr4\libgcc.a(_epilogue.o)

.debug_frame    0x00000000      0x728
 *(.debug_frame)
 .debug_frame   0x00000000       0x4c GMD.o
 .debug_frame   0x0000004c       0x44 led.o
 .debug_frame   0x00000090      0x1b8 net/enc28j60.o
 .debug_frame   0x00000248      0x2c8 net/ip_arp_udp_tcp.o
 .debug_frame   0x00000510       0x9c sensors/dht11.o
 .debug_frame   0x000005ac       0xc8 sensors/ds1820.o
 .debug_frame   0x00000674       0x30 c:/program files/atmel/atmel studio 6.0/extensions/atmel/avrgcc/3.4.0.65/avrtoolchain/bin/../lib/gcc/avr/4.6.2/../../../../avr/lib/avr4\libc.a(sprintf.o)
 .debug_frame   0x000006a4       0x4c c:/program files/atmel/atmel studio 6.0/extensions/atmel/avrgcc/3.4.0.65/avrtoolchain/bin/../lib/gcc/avr/4.6.2/../../../../avr/lib/avr4\libc.a(vfprintf_std.o)
 .debug_frame   0x000006f0       0x38 c:/program files/atmel/atmel studio 6.0/extensions/atmel/avrgcc/3.4.0.65/avrtoolchain/bin/../lib/gcc/avr/4.6.2/../../../../avr/lib/avr4\libc.a(fputc.o)

.debug_str      0x00000000      0x8e1
 *(.debug_str)
 .debug_str     0x00000000      0x17d GMD.o
                                0x1b6 (size before relaxing)
 .debug_str     0x0000017d       0x26 led.o
                                0x112 (size before relaxing)
 .debug_str     0x000001a3      0x1b7 net/enc28j60.o
                                0x2b1 (size before relaxing)
 .debug_str     0x0000035a      0x2cf net/ip_arp_udp_tcp.o
                                0x412 (size before relaxing)
 .debug_str     0x00000629       0x6d sensors/dht11.o
                                0x1b2 (size before relaxing)
 .debug_str     0x00000696       0xbe sensors/ds1820.o
                                0x20d (size before relaxing)
 .debug_str     0x00000754       0x93 c:/program files/atmel/atmel studio 6.0/extensions/atmel/avrgcc/3.4.0.65/avrtoolchain/bin/../lib/gcc/avr/4.6.2/../../../../avr/lib/avr4\libc.a(sprintf.o)
                                0x121 (size before relaxing)
 .debug_str     0x000007e7       0xa4 c:/program files/atmel/atmel studio 6.0/extensions/atmel/avrgcc/3.4.0.65/avrtoolchain/bin/../lib/gcc/avr/4.6.2/../../../../avr/lib/avr4\libc.a(vfprintf_std.o)
                                0x16b (size before relaxing)
 .debug_str     0x0000088b       0x56 c:/program files/atmel/atmel studio 6.0/extensions/atmel/avrgcc/3.4.0.65/avrtoolchain/bin/../lib/gcc/avr/4.6.2/../../../../avr/lib/avr4\libc.a(fputc.o)
                                 0xfb (size before relaxing)

.debug_loc      0x00000000     0x2045
 *(.debug_loc)
 .debug_loc     0x00000000      0x118 GMD.o
 .debug_loc     0x00000118       0x27 led.o
 .debug_loc     0x0000013f      0x66e net/enc28j60.o
 .debug_loc     0x000007ad      0xd83 net/ip_arp_udp_tcp.o
 .debug_loc     0x00001530      0x31d sensors/dht11.o
 .debug_loc     0x0000184d      0x243 sensors/ds1820.o
 .debug_loc     0x00001a90       0x21 c:/program files/atmel/atmel studio 6.0/extensions/atmel/avrgcc/3.4.0.65/avrtoolchain/bin/../lib/gcc/avr/4.6.2/../../../../avr/lib/avr4\libc.a(sprintf.o)
 .debug_loc     0x00001ab1      0x4fb c:/program files/atmel/atmel studio 6.0/extensions/atmel/avrgcc/3.4.0.65/avrtoolchain/bin/../lib/gcc/avr/4.6.2/../../../../avr/lib/avr4\libc.a(vfprintf_std.o)
 .debug_loc     0x00001fac       0x99 c:/program files/atmel/atmel studio 6.0/extensions/atmel/avrgcc/3.4.0.65/avrtoolchain/bin/../lib/gcc/avr/4.6.2/../../../../avr/lib/avr4\libc.a(fputc.o)

.debug_macinfo
 *(.debug_macinfo)
OUTPUT(GMD.elf elf32-avr)
LOAD linker stubs

.debug_ranges   0x00000000       0xd0
 .debug_ranges  0x00000000       0x18 GMD.o
 .debug_ranges  0x00000018       0x18 net/enc28j60.o
 .debug_ranges  0x00000030       0x20 net/ip_arp_udp_tcp.o
 .debug_ranges  0x00000050       0x50 sensors/dht11.o
 .debug_ranges  0x000000a0       0x10 c:/program files/atmel/atmel studio 6.0/extensions/atmel/avrgcc/3.4.0.65/avrtoolchain/bin/../lib/gcc/avr/4.6.2/../../../../avr/lib/avr4\libc.a(sprintf.o)
 .debug_ranges  0x000000b0       0x10 c:/program files/atmel/atmel studio 6.0/extensions/atmel/avrgcc/3.4.0.65/avrtoolchain/bin/../lib/gcc/avr/4.6.2/../../../../avr/lib/avr4\libc.a(vfprintf_std.o)
 .debug_ranges  0x000000c0       0x10 c:/program files/atmel/atmel studio 6.0/extensions/atmel/avrgcc/3.4.0.65/avrtoolchain/bin/../lib/gcc/avr/4.6.2/../../../../avr/lib/avr4\libc.a(fputc.o)
